#-----------------------------------------------------------
# Vivado v2025.2 (64-bit)
# SW Build 6299465 on Fri Nov 14 19:35:11 GMT 2025
# IP Build 6300035 on Fri Nov 14 10:48:45 MST 2025
# SharedData Build 6298862 on Thu Nov 13 04:50:51 MST 2025
# Start of session at: Sun Apr  5 22:00:03 2026
# Process ID         : 15376
# Current directory  : D:/vivado projects/hft/hft.runs/mlp_system_axi_smc_0_synth_1
# Command line       : vivado.exe -log mlp_system_axi_smc_0.vds -product Vivado -mode batch -messageDb vivado.pb -notrace -source mlp_system_axi_smc_0.tcl
# Log file           : D:/vivado projects/hft/hft.runs/mlp_system_axi_smc_0_synth_1/mlp_system_axi_smc_0.vds
# Journal file       : D:/vivado projects/hft/hft.runs/mlp_system_axi_smc_0_synth_1\vivado.jou
# Running On         : Batu
# Platform           : Windows Server 2016 or Windows 10
# Operating System   : 26200
# Processor Detail   : AMD Ryzen 5 5600H with Radeon Graphics         
# CPU Frequency      : 3294 MHz
# CPU Physical cores : 6
# CPU Logical cores  : 12
# Host memory        : 16477 MB
# Swap memory        : 18253 MB
# Total Virtual      : 34730 MB
# Available Virtual  : 15959 MB
#-----------------------------------------------------------
source mlp_system_axi_smc_0.tcl -notrace
