Copyright 1986-2022 Xilinx, Inc. All Rights Reserved. Copyright 2022-2025 Advanced Micro Devices, Inc. All Rights Reserved.
---------------------------------------------------------------------------------------------------------------------------------------------
| Tool Version : Vivado v.2025.2 (win64) Build 6299465 Fri Nov 14 19:35:11 GMT 2025
| Date         : Sun Apr  5 22:06:53 2026
| Host         : Batu running 64-bit major release  (build 9200)
| Command      : report_control_sets -verbose -file mlp_system_wrapper_control_sets_placed.rpt
| Design       : mlp_system_wrapper
| Device       : xc7z020
---------------------------------------------------------------------------------------------------------------------------------------------

Control Set Information

Table of Contents
-----------------
1. Summary
2. Histogram
3. Flip-Flop Distribution
4. Detailed Control Set Information

1. Summary
----------

+----------------------------------------------------------+-------+
|                          Status                          | Count |
+----------------------------------------------------------+-------+
| Total control sets                                       |   142 |
|    Minimum number of control sets                        |   142 |
|    Addition due to synthesis replication                 |     0 |
|    Addition due to physical synthesis replication        |     0 |
| Unused register locations in slices containing registers |   570 |
+----------------------------------------------------------+-------+
* Control sets can be merged at opt_design using control_set_merge or merge_equivalent_drivers
** Run report_qor_suggestions for automated merging and remapping suggestions


2. Histogram
------------

+--------------------+-------+
|       Fanout       | Count |
+--------------------+-------+
| Total control sets |   142 |
| >= 0 to < 4        |    49 |
| >= 4 to < 6        |    13 |
| >= 6 to < 8        |     6 |
| >= 8 to < 10       |    13 |
| >= 10 to < 12      |     5 |
| >= 12 to < 14      |    11 |
| >= 14 to < 16      |     6 |
| >= 16              |    39 |
+--------------------+-------+
* Control sets can be remapped at either synth_design or opt_design


3. Flip-Flop Distribution
-------------------------

+--------------+-----------------------+------------------------+-----------------+--------------+
| Clock Enable | Synchronous Set/Reset | Asynchronous Set/Reset | Total Registers | Total Slices |
+--------------+-----------------------+------------------------+-----------------+--------------+
| No           | No                    | No                     |             262 |           83 |
| No           | No                    | Yes                    |              89 |           29 |
| No           | Yes                   | No                     |             222 |          103 |
| Yes          | No                    | No                     |             421 |           86 |
| Yes          | No                    | Yes                    |              20 |            5 |
| Yes          | Yes                   | No                     |             960 |          278 |
+--------------+-----------------------+------------------------+-----------------+--------------+


4. Detailed Control Set Information
-----------------------------------

+---------------------------------------------------+-------------------------------------------------------------------------------------------------------------------------------------------------------------------------------------------------------------------------------------------------------+---------------------------------------------------------------------------------------------------------------------------------------------------------------------------------------------------------------------------------------------------------------------------------+------------------+----------------+--------------+
|                    Clock Signal                   |                                                                                                                     Enable Signal                                                                                                                     |                                                                                                                                 Set/Reset Signal                                                                                                                                | Slice Load Count | Bel Load Count | Bels / Slice |
+---------------------------------------------------+-------------------------------------------------------------------------------------------------------------------------------------------------------------------------------------------------------------------------------------------------------+---------------------------------------------------------------------------------------------------------------------------------------------------------------------------------------------------------------------------------------------------------------------------------+------------------+----------------+--------------+
|  mlp_system_i/processing_system7_0/inst/FCLK_CLK0 |                                                                                                                                                                                                                                                       | mlp_system_i/axi_smc/inst/m00_nodes/m00_ar_node/inst/s_sc_areset_pipe                                                                                                                                                                                                           |                1 |              1 |         1.00 |
|  mlp_system_i/processing_system7_0/inst/FCLK_CLK0 |                                                                                                                                                                                                                                                       | mlp_system_i/axi_smc/inst/switchboards/i_nodes/i_w_node/inst/s_sc_areset_pipe                                                                                                                                                                                                   |                1 |              1 |         1.00 |
|  mlp_system_i/processing_system7_0/inst/FCLK_CLK0 |                                                                                                                                                                                                                                                       | mlp_system_i/axi_smc/inst/switchboards/i_nodes/i_ar_node/inst/s_sc_areset_pipe                                                                                                                                                                                                  |                1 |              1 |         1.00 |
|  mlp_system_i/processing_system7_0/inst/FCLK_CLK0 |                                                                                                                                                                                                                                                       | mlp_system_i/axi_smc/inst/m00_nodes/m00_aw_node/inst/s_sc_areset_pipe                                                                                                                                                                                                           |                1 |              1 |         1.00 |
|  mlp_system_i/processing_system7_0/inst/FCLK_CLK0 |                                                                                                                                                                                                                                                       | mlp_system_i/axi_smc/inst/switchboards/i_nodes/i_aw_node/inst/s_sc_areset_pipe                                                                                                                                                                                                  |                1 |              1 |         1.00 |
|  mlp_system_i/processing_system7_0/inst/FCLK_CLK0 | mlp_system_i/axi_dma_0/U0/I_PRMRY_DATAMOVER/GEN_MM2S_FULL.I_MM2S_FULL_WRAPPER/GEN_INCLUDE_MM2S_SF.I_RD_SF/sig_token_cntr[0]_i_1_n_0                                                                                                                   | mlp_system_i/axi_dma_0/U0/I_PRMRY_DATAMOVER/GEN_MM2S_FULL.I_MM2S_FULL_WRAPPER/I_RESET/sig_mmap_rst                                                                                                                                                                              |                1 |              1 |         1.00 |
|  mlp_system_i/processing_system7_0/inst/FCLK_CLK0 |                                                                                                                                                                                                                                                       | mlp_system_i/axi_smc/inst/m00_nodes/m00_r_node/inst/s_sc_areset_pipe                                                                                                                                                                                                            |                1 |              1 |         1.00 |
|  mlp_system_i/processing_system7_0/inst/FCLK_CLK0 |                                                                                                                                                                                                                                                       | mlp_system_i/axi_smc/inst/switchboards/i_nodes/i_r_node/inst/s_sc_areset_pipe                                                                                                                                                                                                   |                1 |              1 |         1.00 |
|  mlp_system_i/processing_system7_0/inst/FCLK_CLK0 |                                                                                                                                                                                                                                                       | mlp_system_i/axi_smc/inst/m00_nodes/m00_b_node/inst/s_sc_areset_pipe                                                                                                                                                                                                            |                1 |              1 |         1.00 |
|  mlp_system_i/processing_system7_0/inst/FCLK_CLK0 |                                                                                                                                                                                                                                                       | mlp_system_i/axi_smc/inst/switchboards/i_nodes/i_b_node/inst/s_sc_areset_pipe                                                                                                                                                                                                   |                1 |              1 |         1.00 |
|  mlp_system_i/processing_system7_0/inst/FCLK_CLK0 |                                                                                                                                                                                                                                                       | mlp_system_i/axi_smc/inst/m00_nodes/m00_w_node/inst/s_sc_areset_pipe                                                                                                                                                                                                            |                1 |              1 |         1.00 |
|  mlp_system_i/processing_system7_0/inst/FCLK_CLK0 |                                                                                                                                                                                                                                                       | mlp_system_i/axi_smc/inst/m01_nodes/m01_ar_node/inst/s_sc_areset_pipe                                                                                                                                                                                                           |                1 |              1 |         1.00 |
|  mlp_system_i/processing_system7_0/inst/FCLK_CLK0 |                                                                                                                                                                                                                                                       | mlp_system_i/axi_smc/inst/m01_nodes/m01_aw_node/inst/s_sc_areset_pipe                                                                                                                                                                                                           |                1 |              1 |         1.00 |
|  mlp_system_i/processing_system7_0/inst/FCLK_CLK0 |                                                                                                                                                                                                                                                       | mlp_system_i/axi_smc/inst/m01_nodes/m01_b_node/inst/s_sc_areset_pipe                                                                                                                                                                                                            |                1 |              1 |         1.00 |
|  mlp_system_i/processing_system7_0/inst/FCLK_CLK0 |                                                                                                                                                                                                                                                       | mlp_system_i/axi_smc/inst/m01_nodes/m01_r_node/inst/s_sc_areset_pipe                                                                                                                                                                                                            |                1 |              1 |         1.00 |
|  mlp_system_i/processing_system7_0/inst/FCLK_CLK0 |                                                                                                                                                                                                                                                       | mlp_system_i/axi_smc/inst/s00_nodes/s00_aw_node/inst/s_sc_areset_pipe                                                                                                                                                                                                           |                1 |              1 |         1.00 |
|  mlp_system_i/processing_system7_0/inst/FCLK_CLK0 |                                                                                                                                                                                                                                                       | mlp_system_i/axi_smc/inst/m01_nodes/m01_w_node/inst/s_sc_areset_pipe                                                                                                                                                                                                            |                1 |              1 |         1.00 |
|  mlp_system_i/processing_system7_0/inst/FCLK_CLK0 |                                                                                                                                                                                                                                                       | mlp_system_i/axi_smc/inst/s00_nodes/s00_ar_node/inst/s_sc_areset_pipe                                                                                                                                                                                                           |                1 |              1 |         1.00 |
|  mlp_system_i/processing_system7_0/inst/FCLK_CLK0 |                                                                                                                                                                                                                                                       | mlp_system_i/axi_smc/inst/s00_nodes/s00_b_node/inst/s_sc_areset_pipe                                                                                                                                                                                                            |                1 |              1 |         1.00 |
|  mlp_system_i/processing_system7_0/inst/FCLK_CLK0 |                                                                                                                                                                                                                                                       | mlp_system_i/axi_smc/inst/s00_nodes/s00_r_node/inst/s_sc_areset_pipe                                                                                                                                                                                                            |                1 |              1 |         1.00 |
|  mlp_system_i/processing_system7_0/inst/FCLK_CLK0 |                                                                                                                                                                                                                                                       | mlp_system_i/axi_smc/inst/s00_nodes/s00_w_node/inst/s_sc_areset_pipe                                                                                                                                                                                                            |                1 |              1 |         1.00 |
|  mlp_system_i/processing_system7_0/inst/FCLK_CLK0 |                                                                                                                                                                                                                                                       | mlp_system_i/axi_mem_intercon/s00_couplers/auto_pc/inst/gen_axi4_axi3.axi3_conv_inst/USE_READ.USE_SPLIT_R.read_addr_inst/USE_R_CHANNEL.cmd_queue/inst/SR[0]                                                                                                                     |                1 |              2 |         2.00 |
|  mlp_system_i/processing_system7_0/inst/FCLK_CLK0 | mlp_system_i/axi_mem_intercon/s00_couplers/auto_pc/inst/gen_axi4_axi3.axi3_conv_inst/USE_READ.USE_SPLIT_R.read_addr_inst/USE_R_CHANNEL.cmd_queue/inst/fifo_gen_inst/inst_fifo_gen/gconvfifo.rf/grf.rf/gntv_or_sync_fifo.gl0.wr/gwss.wsts/E[0]         |                                                                                                                                                                                                                                                                                 |                1 |              2 |         2.00 |
|  mlp_system_i/processing_system7_0/inst/FCLK_CLK0 |                                                                                                                                                                                                                                                       | mlp_system_i/axi_smc/inst/m00_nodes/m00_r_node/inst/s_sc_xpm_cdc_async_rst_inst/reset_pol                                                                                                                                                                                       |                1 |              3 |         3.00 |
|  mlp_system_i/processing_system7_0/inst/FCLK_CLK0 |                                                                                                                                                                                                                                                       | mlp_system_i/axi_smc/inst/m00_nodes/m00_ar_node/inst/s_sc_xpm_cdc_async_rst_inst/reset_pol                                                                                                                                                                                      |                1 |              3 |         3.00 |
|  mlp_system_i/processing_system7_0/inst/FCLK_CLK0 |                                                                                                                                                                                                                                                       | mlp_system_i/axi_smc/inst/m00_nodes/m00_w_node/inst/s_sc_xpm_cdc_async_rst_inst/reset_pol                                                                                                                                                                                       |                1 |              3 |         3.00 |
|  mlp_system_i/processing_system7_0/inst/FCLK_CLK0 |                                                                                                                                                                                                                                                       | mlp_system_i/axi_smc/inst/switchboards/i_nodes/i_ar_node/inst/s_sc_xpm_cdc_async_rst_inst/reset_pol                                                                                                                                                                             |                1 |              3 |         3.00 |
|  mlp_system_i/processing_system7_0/inst/FCLK_CLK0 |                                                                                                                                                                                                                                                       | mlp_system_i/axi_smc/inst/m01_exit_pipeline/m01_exit/inst/xpm_cdc_async_rst_inst/reset_pol                                                                                                                                                                                      |                1 |              3 |         3.00 |
|  mlp_system_i/processing_system7_0/inst/FCLK_CLK0 |                                                                                                                                                                                                                                                       | mlp_system_i/axi_smc/inst/m01_nodes/m01_ar_node/inst/s_sc_xpm_cdc_async_rst_inst/reset_pol                                                                                                                                                                                      |                1 |              3 |         3.00 |
|  mlp_system_i/processing_system7_0/inst/FCLK_CLK0 |                                                                                                                                                                                                                                                       | mlp_system_i/axi_smc/inst/switchboards/i_nodes/i_aw_node/inst/s_sc_xpm_cdc_async_rst_inst/reset_pol                                                                                                                                                                             |                1 |              3 |         3.00 |
|  mlp_system_i/processing_system7_0/inst/FCLK_CLK0 |                                                                                                                                                                                                                                                       | mlp_system_i/axi_smc/inst/m01_nodes/m01_aw_node/inst/s_sc_xpm_cdc_async_rst_inst/reset_pol                                                                                                                                                                                      |                1 |              3 |         3.00 |
|  mlp_system_i/processing_system7_0/inst/FCLK_CLK0 |                                                                                                                                                                                                                                                       | mlp_system_i/axi_smc/inst/switchboards/i_nodes/i_b_node/inst/s_sc_xpm_cdc_async_rst_inst/reset_pol                                                                                                                                                                              |                1 |              3 |         3.00 |
|  mlp_system_i/processing_system7_0/inst/FCLK_CLK0 |                                                                                                                                                                                                                                                       | mlp_system_i/axi_smc/inst/m01_nodes/m01_b_node/inst/s_sc_xpm_cdc_async_rst_inst/reset_pol                                                                                                                                                                                       |                1 |              3 |         3.00 |
|  mlp_system_i/processing_system7_0/inst/FCLK_CLK0 |                                                                                                                                                                                                                                                       | mlp_system_i/axi_smc/inst/m00_exit_pipeline/m00_exit/inst/xpm_cdc_async_rst_inst/reset_pol                                                                                                                                                                                      |                1 |              3 |         3.00 |
|  mlp_system_i/processing_system7_0/inst/FCLK_CLK0 |                                                                                                                                                                                                                                                       | mlp_system_i/axi_smc/inst/s00_entry_pipeline/s00_si_converter/inst/xpm_cdc_async_rst_inst/reset_pol                                                                                                                                                                             |                1 |              3 |         3.00 |
|  mlp_system_i/processing_system7_0/inst/FCLK_CLK0 |                                                                                                                                                                                                                                                       | mlp_system_i/axi_smc/inst/s00_entry_pipeline/s00_mmu/inst/xpm_cdc_async_rst_inst/reset_pol                                                                                                                                                                                      |                1 |              3 |         3.00 |
|  mlp_system_i/processing_system7_0/inst/FCLK_CLK0 |                                                                                                                                                                                                                                                       | mlp_system_i/axi_smc/inst/switchboards/i_nodes/i_r_node/inst/s_sc_xpm_cdc_async_rst_inst/reset_pol                                                                                                                                                                              |                1 |              3 |         3.00 |
|  mlp_system_i/processing_system7_0/inst/FCLK_CLK0 |                                                                                                                                                                                                                                                       | mlp_system_i/axi_dma_0/U0/I_PRMRY_DATAMOVER/GEN_MM2S_FULL.I_MM2S_FULL_WRAPPER/GEN_INCLUDE_MM2S_SF.I_RD_SF/I_DATA_FIFO/BLK_MEM.I_SYNC_FIFOGEN_FIFO/xpm_fifo_base_inst/xpm_fifo_rst_inst/rst_i                                                                                    |                1 |              3 |         3.00 |
|  mlp_system_i/processing_system7_0/inst/FCLK_CLK0 |                                                                                                                                                                                                                                                       | mlp_system_i/axi_smc/inst/s00_entry_pipeline/s00_transaction_regulator/inst/xpm_cdc_async_rst_inst/reset_pol                                                                                                                                                                    |                1 |              3 |         3.00 |
|  mlp_system_i/processing_system7_0/inst/FCLK_CLK0 |                                                                                                                                                                                                                                                       | mlp_system_i/axi_smc/inst/s00_nodes/s00_ar_node/inst/s_sc_xpm_cdc_async_rst_inst/reset_pol                                                                                                                                                                                      |                1 |              3 |         3.00 |
|  mlp_system_i/processing_system7_0/inst/FCLK_CLK0 |                                                                                                                                                                                                                                                       | mlp_system_i/axi_smc/inst/switchboards/i_nodes/i_w_node/inst/s_sc_xpm_cdc_async_rst_inst/reset_pol                                                                                                                                                                              |                1 |              3 |         3.00 |
|  mlp_system_i/processing_system7_0/inst/FCLK_CLK0 |                                                                                                                                                                                                                                                       | mlp_system_i/axi_smc/inst/s00_nodes/s00_aw_node/inst/s_sc_xpm_cdc_async_rst_inst/reset_pol                                                                                                                                                                                      |                1 |              3 |         3.00 |
|  mlp_system_i/processing_system7_0/inst/FCLK_CLK0 |                                                                                                                                                                                                                                                       | mlp_system_i/axi_smc/inst/m01_nodes/m01_w_node/inst/s_sc_xpm_cdc_async_rst_inst/reset_pol                                                                                                                                                                                       |                1 |              3 |         3.00 |
|  mlp_system_i/processing_system7_0/inst/FCLK_CLK0 |                                                                                                                                                                                                                                                       | mlp_system_i/axi_smc/inst/s00_nodes/s00_b_node/inst/s_sc_xpm_cdc_async_rst_inst/reset_pol                                                                                                                                                                                       |                1 |              3 |         3.00 |
|  mlp_system_i/processing_system7_0/inst/FCLK_CLK0 |                                                                                                                                                                                                                                                       | mlp_system_i/axi_smc/inst/m01_nodes/m01_r_node/inst/s_sc_xpm_cdc_async_rst_inst/reset_pol                                                                                                                                                                                       |                1 |              3 |         3.00 |
|  mlp_system_i/processing_system7_0/inst/FCLK_CLK0 |                                                                                                                                                                                                                                                       | mlp_system_i/axi_smc/inst/s00_nodes/s00_r_node/inst/s_sc_xpm_cdc_async_rst_inst/reset_pol                                                                                                                                                                                       |                1 |              3 |         3.00 |
|  mlp_system_i/processing_system7_0/inst/FCLK_CLK0 |                                                                                                                                                                                                                                                       | mlp_system_i/axi_smc/inst/m00_nodes/m00_aw_node/inst/s_sc_xpm_cdc_async_rst_inst/reset_pol                                                                                                                                                                                      |                1 |              3 |         3.00 |
|  mlp_system_i/processing_system7_0/inst/FCLK_CLK0 |                                                                                                                                                                                                                                                       | mlp_system_i/axi_smc/inst/m00_nodes/m00_b_node/inst/s_sc_xpm_cdc_async_rst_inst/reset_pol                                                                                                                                                                                       |                1 |              3 |         3.00 |
|  mlp_system_i/processing_system7_0/inst/FCLK_CLK0 |                                                                                                                                                                                                                                                       | mlp_system_i/axi_smc/inst/s00_nodes/s00_w_node/inst/s_sc_xpm_cdc_async_rst_inst/reset_pol                                                                                                                                                                                       |                1 |              3 |         3.00 |
|  mlp_system_i/processing_system7_0/inst/FCLK_CLK0 | mlp_system_i/mlp_axi_wrapper_0/U0/axi_awready0                                                                                                                                                                                                        | mlp_system_i/mlp_axi_wrapper_0/U0/mlp_reset0                                                                                                                                                                                                                                    |                1 |              4 |         4.00 |
|  mlp_system_i/processing_system7_0/inst/FCLK_CLK0 | mlp_system_i/axi_smc/inst/s00_entry_pipeline/s00_si_converter/inst/gen_axilite_conv.axilite_conv_inst/aw_incr[0]                                                                                                                                      | mlp_system_i/axi_smc/inst/s00_entry_pipeline/s00_si_converter/inst/areset                                                                                                                                                                                                       |                1 |              4 |         4.00 |
|  mlp_system_i/processing_system7_0/inst/FCLK_CLK0 | mlp_system_i/axi_smc/inst/s00_entry_pipeline/s00_si_converter/inst/gen_axilite_conv.axilite_conv_inst/r_state[0]                                                                                                                                      | mlp_system_i/axi_smc/inst/s00_entry_pipeline/s00_si_converter/inst/areset                                                                                                                                                                                                       |                1 |              4 |         4.00 |
|  mlp_system_i/processing_system7_0/inst/FCLK_CLK0 | mlp_system_i/axi_dma_0/U0/I_PRMRY_DATAMOVER/GEN_MM2S_FULL.I_MM2S_FULL_WRAPPER/I_RD_DATA_CNTL/sig_push_coelsc_reg                                                                                                                                      | mlp_system_i/axi_dma_0/U0/I_PRMRY_DATAMOVER/GEN_MM2S_FULL.I_MM2S_FULL_WRAPPER/I_RD_DATA_CNTL/sig_coelsc_cmd_cmplt_reg_i_1_n_0                                                                                                                                                   |                1 |              4 |         4.00 |
|  mlp_system_i/processing_system7_0/inst/FCLK_CLK0 |                                                                                                                                                                                                                                                       | mlp_system_i/axi_dma_0/U0/I_RST_MODULE/s_axi_lite_awaddr[6]                                                                                                                                                                                                                     |                1 |              4 |         4.00 |
|  mlp_system_i/processing_system7_0/inst/FCLK_CLK0 |                                                                                                                                                                                                                                                       | mlp_system_i/axi_smc/inst/clk_map/psr_aclk/U0/EXT_LPF/lpf_int                                                                                                                                                                                                                   |                1 |              4 |         4.00 |
|  mlp_system_i/processing_system7_0/inst/FCLK_CLK0 | mlp_system_i/axi_mem_intercon/s00_couplers/auto_pc/inst/gen_axi4_axi3.axi3_conv_inst/USE_READ.USE_SPLIT_R.read_addr_inst/USE_R_CHANNEL.cmd_queue/inst/E[0]                                                                                            | mlp_system_i/axi_mem_intercon/s00_couplers/auto_pc/inst/gen_axi4_axi3.axi3_conv_inst/USE_READ.USE_SPLIT_R.read_addr_inst/pushed_commands[3]_i_1_n_0                                                                                                                             |                2 |              4 |         2.00 |
|  mlp_system_i/processing_system7_0/inst/FCLK_CLK0 | mlp_system_i/mlp_axi_wrapper_0/U0/axi_arready0                                                                                                                                                                                                        | mlp_system_i/mlp_axi_wrapper_0/U0/mlp_reset0                                                                                                                                                                                                                                    |                1 |              4 |         4.00 |
|  mlp_system_i/processing_system7_0/inst/FCLK_CLK0 |                                                                                                                                                                                                                                                       | mlp_system_i/rst_ps7_0_100M/U0/EXT_LPF/lpf_int                                                                                                                                                                                                                                  |                1 |              4 |         4.00 |
|  mlp_system_i/processing_system7_0/inst/FCLK_CLK0 | mlp_system_i/axi_mem_intercon/s00_couplers/auto_us/inst/gen_upsizer.gen_full_upsizer.axi_upsizer_inst/USE_READ.read_addr_inst/GEN_CMD_QUEUE.cmd_queue/USE_RTL_ADDR.addr_q[0]                                                                          | mlp_system_i/axi_mem_intercon/s00_couplers/auto_us/inst/gen_upsizer.gen_full_upsizer.axi_upsizer_inst/USE_READ.gen_non_fifo_r_upsizer.read_data_inst/s_axi_aresetn                                                                                                              |                1 |              5 |         5.00 |
|  mlp_system_i/processing_system7_0/inst/FCLK_CLK0 | mlp_system_i/axi_dma_0/U0/I_PRMRY_DATAMOVER/GEN_MM2S_FULL.I_MM2S_FULL_WRAPPER/I_RD_STATUS_CNTLR/sig_push_rd_sts_reg                                                                                                                                   | mlp_system_i/axi_dma_0/U0/I_PRMRY_DATAMOVER/GEN_MM2S_FULL.I_MM2S_FULL_WRAPPER/I_RD_STATUS_CNTLR/sig_rd_sts_interr_reg_i_1_n_0                                                                                                                                                   |                1 |              5 |         5.00 |
|  mlp_system_i/processing_system7_0/inst/FCLK_CLK0 | mlp_system_i/mlp_axi_wrapper_0/U0/mlp_inst/fsm_inst/odd_wr_pending_reg[0]                                                                                                                                                                             | mlp_system_i/mlp_axi_wrapper_0/U0/mlp_inst/fsm_inst/SR[0]                                                                                                                                                                                                                       |                2 |              5 |         2.50 |
|  mlp_system_i/processing_system7_0/inst/FCLK_CLK0 | mlp_system_i/mlp_axi_wrapper_0/U0/mlp_inst/fsm_inst/FSM_onehot_stream_state_reg[0][0]                                                                                                                                                                 | mlp_system_i/mlp_axi_wrapper_0/U0/mlp_inst/fsm_inst/SR[0]                                                                                                                                                                                                                       |                1 |              5 |         5.00 |
|  mlp_system_i/processing_system7_0/inst/FCLK_CLK0 | mlp_system_i/axi_smc/inst/clk_map/psr_aclk/U0/SEQ/seq_cnt_en                                                                                                                                                                                          | mlp_system_i/axi_smc/inst/clk_map/psr_aclk/U0/SEQ/SEQ_COUNTER/clear                                                                                                                                                                                                             |                1 |              6 |         6.00 |
|  mlp_system_i/processing_system7_0/inst/FCLK_CLK0 | mlp_system_i/rst_ps7_0_100M/U0/SEQ/seq_cnt_en                                                                                                                                                                                                         | mlp_system_i/rst_ps7_0_100M/U0/SEQ/SEQ_COUNTER/clear                                                                                                                                                                                                                            |                1 |              6 |         6.00 |
|  mlp_system_i/processing_system7_0/inst/FCLK_CLK0 |                                                                                                                                                                                                                                                       | mlp_system_i/mlp_axi_wrapper_0/U0/mlp_reset0                                                                                                                                                                                                                                    |                4 |              7 |         1.75 |
|  mlp_system_i/processing_system7_0/inst/FCLK_CLK0 | mlp_system_i/axi_mem_intercon/s00_couplers/auto_us/inst/gen_upsizer.gen_full_upsizer.axi_upsizer_inst/USE_READ.read_addr_inst/GEN_CMD_QUEUE.cmd_queue/p_15_in                                                                                         | mlp_system_i/axi_mem_intercon/s00_couplers/auto_us/inst/gen_upsizer.gen_full_upsizer.axi_upsizer_inst/USE_READ.gen_non_fifo_r_upsizer.read_data_inst/s_axi_aresetn                                                                                                              |                4 |              7 |         1.75 |
|  mlp_system_i/processing_system7_0/inst/FCLK_CLK0 |                                                                                                                                                                                                                                                       | mlp_system_i/axi_mem_intercon/s00_couplers/auto_us/inst/gen_upsizer.gen_full_upsizer.axi_upsizer_inst/USE_READ.gen_non_fifo_r_upsizer.read_data_inst/s_axi_aresetn                                                                                                              |                3 |              7 |         2.33 |
|  mlp_system_i/processing_system7_0/inst/FCLK_CLK0 | mlp_system_i/axi_dma_0/U0/INCLUDE_MM2S_SOF_EOF_GENERATOR.I_MM2S_DMA_MNGR/GEN_MM2S_DMA_CONTROL.GEN_SIMPLE_DMA_MODE.I_MM2S_SMPL_SM/mm2s_all_idle                                                                                                        | mlp_system_i/axi_dma_0/U0/I_RST_MODULE/GEN_RESET_FOR_MM2S.RESET_I/s_soft_reset_i_re                                                                                                                                                                                             |                1 |              7 |         7.00 |
|  mlp_system_i/processing_system7_0/inst/FCLK_CLK0 |                                                                                                                                                                                                                                                       | mlp_system_i/axi_dma_0/U0/I_PRMRY_DATAMOVER/GEN_MM2S_FULL.I_MM2S_FULL_WRAPPER/I_RESET/sig_cmd_stat_rst_int                                                                                                                                                                      |                6 |              8 |         1.33 |
|  mlp_system_i/processing_system7_0/inst/FCLK_CLK0 |                                                                                                                                                                                                                                                       | mlp_system_i/axi_smc/inst/switchboards/i_nodes/i_b_node/inst/inst_si_handler/areset_r                                                                                                                                                                                           |                3 |              8 |         2.67 |
|  mlp_system_i/processing_system7_0/inst/FCLK_CLK0 |                                                                                                                                                                                                                                                       | mlp_system_i/axi_smc/inst/switchboards/i_nodes/i_r_node/inst/inst_si_handler/areset_r                                                                                                                                                                                           |                3 |              8 |         2.67 |
|  mlp_system_i/processing_system7_0/inst/FCLK_CLK0 | mlp_system_i/axi_dma_0/U0/I_PRMRY_DATAMOVER/GEN_MM2S_FULL.I_MM2S_FULL_WRAPPER/I_RD_DATA_CNTL/GEN_DATA_CNTL_FIFO.I_DATA_CNTL_FIFO/USE_SRL_FIFO.I_SYNC_FIFO/E[0]                                                                                        | mlp_system_i/axi_dma_0/U0/I_PRMRY_DATAMOVER/GEN_MM2S_FULL.I_MM2S_FULL_WRAPPER/I_RESET/sig_mmap_rst                                                                                                                                                                              |                3 |              8 |         2.67 |
|  mlp_system_i/processing_system7_0/inst/FCLK_CLK0 | mlp_system_i/axi_dma_0/U0/I_AXI_DMA_REG_MODULE/GEN_AXI_LITE_IF.AXI_LITE_IF_I/axi2ip_wrce[0]                                                                                                                                                           | mlp_system_i/axi_dma_0/U0/I_AXI_DMA_REG_MODULE/GEN_AXI_LITE_IF.AXI_LITE_IF_I/SS[0]                                                                                                                                                                                              |                2 |              8 |         4.00 |
|  mlp_system_i/processing_system7_0/inst/FCLK_CLK0 | mlp_system_i/axi_smc/inst/s00_entry_pipeline/s00_si_converter/inst/gen_axilite_conv.axilite_conv_inst/ar_cnt[7]_i_1_n_0                                                                                                                               | mlp_system_i/axi_smc/inst/s00_entry_pipeline/s00_si_converter/inst/areset                                                                                                                                                                                                       |                3 |              8 |         2.67 |
|  mlp_system_i/processing_system7_0/inst/FCLK_CLK0 | mlp_system_i/axi_smc/inst/s00_entry_pipeline/s00_si_converter/inst/gen_axilite_conv.axilite_conv_inst/r_beats[7]_i_1_n_0                                                                                                                              | mlp_system_i/axi_smc/inst/s00_entry_pipeline/s00_si_converter/inst/areset                                                                                                                                                                                                       |                3 |              8 |         2.67 |
|  mlp_system_i/processing_system7_0/inst/FCLK_CLK0 | mlp_system_i/axi_smc/inst/s00_entry_pipeline/s00_mmu/inst/gen_endpoint.decerr_slave_inst/gen_axi.gen_read.read_cnt[7]_i_1_n_0                                                                                                                         | mlp_system_i/axi_smc/inst/s00_entry_pipeline/s00_mmu/inst/areset                                                                                                                                                                                                                |                3 |              8 |         2.67 |
|  mlp_system_i/processing_system7_0/inst/FCLK_CLK0 | mlp_system_i/axi_mem_intercon/s00_couplers/auto_us/inst/gen_upsizer.gen_full_upsizer.axi_upsizer_inst/USE_READ.gen_non_fifo_r_upsizer.mi_register_slice_inst/r.r_pipe/pop_mi_data                                                                     | mlp_system_i/axi_mem_intercon/s00_couplers/auto_us/inst/gen_upsizer.gen_full_upsizer.axi_upsizer_inst/USE_READ.gen_non_fifo_r_upsizer.read_data_inst/s_axi_aresetn                                                                                                              |                3 |              9 |         3.00 |
|  mlp_system_i/processing_system7_0/inst/FCLK_CLK0 |                                                                                                                                                                                                                                                       | mlp_system_i/axi_dma_0/U0/I_PRMRY_DATAMOVER/GEN_MM2S_FULL.I_MM2S_FULL_WRAPPER/GEN_INCLUDE_MM2S_SF.I_RD_SF/I_DATA_FIFO/BLK_MEM.I_SYNC_FIFOGEN_FIFO/xpm_fifo_base_inst/xpm_fifo_rst_inst/Q[0]                                                                                     |                3 |              9 |         3.00 |
|  mlp_system_i/processing_system7_0/inst/FCLK_CLK0 | mlp_system_i/axi_smc/inst/switchboards/i_nodes/i_aw_node/inst/inst_mi_handler/gen_normal_area.inst_fifo_node_payld/gen_reg_fifo.inst_reg_fifo/gen_single_rank.data[132]_i_1_n_0                                                                       |                                                                                                                                                                                                                                                                                 |                2 |              9 |         4.50 |
|  mlp_system_i/processing_system7_0/inst/FCLK_CLK0 | mlp_system_i/axi_smc/inst/s00_entry_pipeline/s00_si_converter/inst/gen_axilite_conv.axilite_conv_inst/s_buser[0]                                                                                                                                      | mlp_system_i/axi_smc/inst/s00_entry_pipeline/s00_si_converter/inst/gen_axilite_conv.axilite_conv_inst/b_cnt[8]_i_1_n_0                                                                                                                                                          |                3 |              9 |         3.00 |
|  mlp_system_i/processing_system7_0/inst/FCLK_CLK0 | mlp_system_i/axi_smc/inst/s00_entry_pipeline/s00_si_converter/inst/gen_axilite_conv.axilite_conv_inst/w_cnt[8]_i_1_n_0                                                                                                                                | mlp_system_i/axi_smc/inst/s00_entry_pipeline/s00_si_converter/inst/areset                                                                                                                                                                                                       |                4 |              9 |         2.25 |
|  mlp_system_i/processing_system7_0/inst/FCLK_CLK0 | mlp_system_i/axi_mem_intercon/s00_couplers/auto_pc/inst/gen_axi4_axi3.axi3_conv_inst/USE_READ.USE_SPLIT_R.read_addr_inst/USE_R_CHANNEL.cmd_queue/inst/fifo_gen_inst/inst_fifo_gen/gconvfifo.rf/grf.rf/gntv_or_sync_fifo.gl0.wr/gwss.wsts/E[0]         | mlp_system_i/axi_mem_intercon/s00_couplers/auto_pc/inst/gen_axi4_axi3.axi3_conv_inst/USE_READ.USE_SPLIT_R.read_addr_inst/USE_R_CHANNEL.cmd_queue/inst/fifo_gen_inst/inst_fifo_gen/gconvfifo.rf/grf.rf/rstblk/ngwrdrst.grst.g7serrst.gnsckt_wrst.gcc_rst.sckt_wr_rst_cc_reg[1]_0 |                3 |             10 |         3.33 |
|  mlp_system_i/processing_system7_0/inst/FCLK_CLK0 | mlp_system_i/axi_dma_0/U0/I_AXI_DMA_REG_MODULE/GEN_AXI_LITE_IF.AXI_LITE_IF_I/arvalid_re                                                                                                                                                               | mlp_system_i/axi_dma_0/U0/I_RST_MODULE/SR[0]                                                                                                                                                                                                                                    |                2 |             10 |         5.00 |
|  mlp_system_i/processing_system7_0/inst/FCLK_CLK0 | mlp_system_i/axi_mem_intercon/s00_couplers/auto_pc/inst/gen_axi4_axi3.axi3_conv_inst/USE_READ.USE_SPLIT_R.read_addr_inst/USE_R_CHANNEL.cmd_queue/inst/fifo_gen_inst/inst_fifo_gen/gconvfifo.rf/grf.rf/gntv_or_sync_fifo.gl0.rd/gr1.gr1_int.rfwft/E[0] | mlp_system_i/axi_mem_intercon/s00_couplers/auto_pc/inst/gen_axi4_axi3.axi3_conv_inst/USE_READ.USE_SPLIT_R.read_addr_inst/USE_R_CHANNEL.cmd_queue/inst/fifo_gen_inst/inst_fifo_gen/gconvfifo.rf/grf.rf/rstblk/ngwrdrst.grst.g7serrst.gnsckt_wrst.gcc_rst.sckt_wr_rst_cc_reg[1]_0 |                2 |             10 |         5.00 |
|  mlp_system_i/processing_system7_0/inst/FCLK_CLK0 | mlp_system_i/mlp_axi_wrapper_0/U0/mlp_inst/fsm_inst/FSM_onehot_state[10]_i_1_n_0                                                                                                                                                                      | mlp_system_i/mlp_axi_wrapper_0/U0/mlp_inst/fsm_inst/SR[0]                                                                                                                                                                                                                       |                5 |             11 |         2.20 |
|  mlp_system_i/processing_system7_0/inst/FCLK_CLK0 | mlp_system_i/mlp_axi_wrapper_0/U0/mlp_inst/fsm_inst/input_counter[5]_i_1_n_0                                                                                                                                                                          | mlp_system_i/mlp_axi_wrapper_0/U0/mlp_inst/fsm_inst/SR[0]                                                                                                                                                                                                                       |                4 |             11 |         2.75 |
|  mlp_system_i/processing_system7_0/inst/FCLK_CLK0 | mlp_system_i/axi_smc/inst/s00_entry_pipeline/s00_si_converter/inst/gen_axilite_conv.axilite_conv_inst/ar_addr_d[9]_i_1_n_0                                                                                                                            | mlp_system_i/axi_smc/inst/s00_entry_pipeline/s00_si_converter/inst/areset                                                                                                                                                                                                       |                5 |             12 |         2.40 |
|  mlp_system_i/processing_system7_0/inst/FCLK_CLK0 | mlp_system_i/axi_smc/inst/s00_entry_pipeline/s00_si_converter/inst/gen_axilite_conv.axilite_conv_inst/aw_addr[9]_i_1_n_0                                                                                                                              | mlp_system_i/axi_smc/inst/s00_entry_pipeline/s00_si_converter/inst/areset                                                                                                                                                                                                       |                4 |             12 |         3.00 |
|  mlp_system_i/processing_system7_0/inst/FCLK_CLK0 | mlp_system_i/axi_smc/inst/switchboards/i_nodes/i_ar_node/inst/inst_mi_handler/gen_normal_area.inst_fifo_node_payld/gen_reg_fifo.inst_reg_fifo/gen_single_rank.data[132]_i_1_n_0                                                                       |                                                                                                                                                                                                                                                                                 |                3 |             12 |         4.00 |
|  mlp_system_i/processing_system7_0/inst/FCLK_CLK0 | mlp_system_i/axi_smc/inst/s00_entry_pipeline/s00_transaction_regulator/inst/gen_endpoint.gen_w_singleorder.w_singleorder/gen_id_reg.s_rid_i0                                                                                                          |                                                                                                                                                                                                                                                                                 |                2 |             12 |         6.00 |
|  mlp_system_i/processing_system7_0/inst/FCLK_CLK0 | mlp_system_i/axi_dma_0/U0/I_PRMRY_DATAMOVER/GEN_MM2S_FULL.I_MM2S_FULL_WRAPPER/I_MSTR_PCC/sig_sm_ld_calc2_reg_ns                                                                                                                                       | mlp_system_i/axi_dma_0/U0/I_PRMRY_DATAMOVER/GEN_MM2S_FULL.I_MM2S_FULL_WRAPPER/I_MSTR_PCC/sig_init_reg                                                                                                                                                                           |                4 |             12 |         3.00 |
|  mlp_system_i/processing_system7_0/inst/FCLK_CLK0 | mlp_system_i/axi_smc/inst/s00_entry_pipeline/s00_transaction_regulator/inst/gen_endpoint.gen_r_singleorder.r_singleorder/gen_id_reg.s_rid_i0                                                                                                          |                                                                                                                                                                                                                                                                                 |                3 |             12 |         4.00 |
|  mlp_system_i/processing_system7_0/inst/FCLK_CLK0 |                                                                                                                                                                                                                                                       | mlp_system_i/axi_mem_intercon/s00_couplers/auto_pc/inst/gen_axi4_axi3.axi3_conv_inst/USE_READ.USE_SPLIT_R.read_addr_inst/USE_R_CHANNEL.cmd_queue/inst/fifo_gen_inst/inst_fifo_gen/gconvfifo.rf/grf.rf/rstblk/ngwrdrst.grst.g7serrst.gnsckt_wrst.gcc_rst.sckt_wr_rst_cc_reg[1]_0 |                3 |             12 |         4.00 |
|  mlp_system_i/processing_system7_0/inst/FCLK_CLK0 | mlp_system_i/axi_smc/inst/s00_entry_pipeline/s00_mmu/inst/gen_endpoint.decerr_slave_inst/gen_axi.gen_read.s_axi_rid_i[11]_i_1_n_0                                                                                                                     | mlp_system_i/axi_smc/inst/s00_entry_pipeline/s00_mmu/inst/areset                                                                                                                                                                                                                |                3 |             12 |         4.00 |
|  mlp_system_i/processing_system7_0/inst/FCLK_CLK0 | mlp_system_i/axi_smc/inst/s00_entry_pipeline/s00_mmu/inst/gen_endpoint.decerr_slave_inst/gen_axi.gen_write.s_axi_bid_i[11]_i_1_n_0                                                                                                                    | mlp_system_i/axi_smc/inst/s00_entry_pipeline/s00_mmu/inst/areset                                                                                                                                                                                                                |                3 |             12 |         4.00 |
|  mlp_system_i/processing_system7_0/inst/FCLK_CLK0 |                                                                                                                                                                                                                                                       | mlp_system_i/axi_dma_0/U0/I_PRMRY_DATAMOVER/GEN_MM2S_FULL.I_MM2S_FULL_WRAPPER/I_MSTR_PCC/sig_init_reg                                                                                                                                                                           |                4 |             13 |         3.25 |
|  mlp_system_i/processing_system7_0/inst/FCLK_CLK0 | mlp_system_i/axi_dma_0/U0/I_AXI_DMA_REG_MODULE/GEN_AXI_LITE_IF.AXI_LITE_IF_I/axi2ip_wrce[0]                                                                                                                                                           | mlp_system_i/axi_dma_0/U0/I_RST_MODULE/GEN_RESET_FOR_MM2S.RESET_I/GNE_SYNC_RESET.scndry_resetn_reg_0[0]                                                                                                                                                                         |                4 |             13 |         3.25 |
|  mlp_system_i/processing_system7_0/inst/FCLK_CLK0 |                                                                                                                                                                                                                                                       | mlp_system_i/mlp_axi_wrapper_0/U0/mlp_inst/fsm_inst/SR[0]                                                                                                                                                                                                                       |                5 |             14 |         2.80 |
|  mlp_system_i/processing_system7_0/inst/FCLK_CLK0 | mlp_system_i/axi_dma_0/U0/I_AXI_DMA_REG_MODULE/GEN_AXI_LITE_IF.AXI_LITE_IF_I/axi2ip_wrce[1]                                                                                                                                                           | mlp_system_i/axi_dma_0/U0/I_RST_MODULE/GEN_RESET_FOR_MM2S.RESET_I/GNE_SYNC_RESET.scndry_resetn_reg_0[0]                                                                                                                                                                         |                3 |             14 |         4.67 |
|  mlp_system_i/processing_system7_0/inst/FCLK_CLK0 | mlp_system_i/axi_dma_0/U0/I_PRMRY_DATAMOVER/GEN_MM2S_FULL.I_MM2S_FULL_WRAPPER/I_RD_DATA_CNTL/GEN_DATA_CNTL_FIFO.I_DATA_CNTL_FIFO/USE_SRL_FIFO.I_SYNC_FIFO/sig_next_sequential_reg_reg                                                                 | mlp_system_i/axi_dma_0/U0/I_PRMRY_DATAMOVER/GEN_MM2S_FULL.I_MM2S_FULL_WRAPPER/I_RD_DATA_CNTL/GEN_DATA_CNTL_FIFO.I_DATA_CNTL_FIFO/USE_SRL_FIFO.I_SYNC_FIFO/m_axi_mm2s_rlast_0                                                                                                    |                3 |             14 |         4.67 |
|  mlp_system_i/processing_system7_0/inst/FCLK_CLK0 | mlp_system_i/axi_dma_0/U0/I_PRMRY_DATAMOVER/GEN_MM2S_FULL.I_MM2S_FULL_WRAPPER/GEN_INCLUDE_MM2S_SF.I_RD_SF/I_DATA_FIFO/BLK_MEM.I_SYNC_FIFOGEN_FIFO/xpm_fifo_base_inst/xpm_fifo_rst_inst/E[0]                                                           | mlp_system_i/axi_dma_0/U0/I_PRMRY_DATAMOVER/GEN_MM2S_FULL.I_MM2S_FULL_WRAPPER/GEN_INCLUDE_MM2S_SF.I_RD_SF/I_DATA_FIFO/BLK_MEM.I_SYNC_FIFOGEN_FIFO/xpm_fifo_base_inst/xpm_fifo_rst_inst/Q[0]                                                                                     |                5 |             15 |         3.00 |
|  mlp_system_i/processing_system7_0/inst/FCLK_CLK0 | mlp_system_i/axi_dma_0/U0/I_PRMRY_DATAMOVER/GEN_MM2S_FULL.I_MM2S_FULL_WRAPPER/GEN_INCLUDE_MM2S_SF.I_RD_SF/I_DATA_FIFO/BLK_MEM.I_SYNC_FIFOGEN_FIFO/xpm_fifo_base_inst/rdp_inst/FSM_sequential_gen_fwft.curr_fwft_state_reg[1]                          | mlp_system_i/axi_dma_0/U0/I_PRMRY_DATAMOVER/GEN_MM2S_FULL.I_MM2S_FULL_WRAPPER/GEN_INCLUDE_MM2S_SF.I_RD_SF/I_DATA_FIFO/BLK_MEM.I_SYNC_FIFOGEN_FIFO/xpm_fifo_base_inst/xpm_fifo_rst_inst/Q[0]                                                                                     |                5 |             15 |         3.00 |
|  mlp_system_i/processing_system7_0/inst/FCLK_CLK0 | mlp_system_i/axi_dma_0/U0/I_PRMRY_DATAMOVER/GEN_MM2S_FULL.I_MM2S_FULL_WRAPPER/I_MSTR_PCC/sig_sm_ld_calc2_reg                                                                                                                                          | mlp_system_i/axi_dma_0/U0/I_PRMRY_DATAMOVER/GEN_MM2S_FULL.I_MM2S_FULL_WRAPPER/I_MSTR_PCC/sig_init_reg                                                                                                                                                                           |                4 |             15 |         3.75 |
|  mlp_system_i/processing_system7_0/inst/FCLK_CLK0 | mlp_system_i/axi_dma_0/U0/I_PRMRY_DATAMOVER/GEN_MM2S_FULL.I_MM2S_FULL_WRAPPER/I_RD_DATA_CNTL/GEN_DATA_CNTL_FIFO.I_DATA_CNTL_FIFO/USE_SRL_FIFO.I_SYNC_FIFO/USE_SRL_FIFO.sig_wr_fifo                                                                    |                                                                                                                                                                                                                                                                                 |                3 |             16 |         5.33 |
|  mlp_system_i/processing_system7_0/inst/FCLK_CLK0 | mlp_system_i/axi_dma_0/U0/I_PRMRY_DATAMOVER/GEN_MM2S_FULL.I_MM2S_FULL_WRAPPER/I_MSTR_PCC/sig_addr_cntr_im0_msh[0]_i_1_n_0                                                                                                                             | mlp_system_i/axi_dma_0/U0/I_PRMRY_DATAMOVER/GEN_MM2S_FULL.I_MM2S_FULL_WRAPPER/I_MSTR_PCC/sig_init_reg                                                                                                                                                                           |                4 |             16 |         4.00 |
|  mlp_system_i/processing_system7_0/inst/FCLK_CLK0 | mlp_system_i/mlp_axi_wrapper_0/U0/mlp_inst/fsm_inst/max_value[15]_i_2_n_0                                                                                                                                                                             | mlp_system_i/mlp_axi_wrapper_0/U0/mlp_inst/fsm_inst/max_value[15]_i_1_n_0                                                                                                                                                                                                       |                7 |             16 |         2.29 |
|  mlp_system_i/processing_system7_0/inst/FCLK_CLK0 |                                                                                                                                                                                                                                                       | mlp_system_i/axi_smc/inst/s00_entry_pipeline/s00_si_converter/inst/areset                                                                                                                                                                                                       |               11 |             17 |         1.55 |
|  mlp_system_i/processing_system7_0/inst/FCLK_CLK0 | mlp_system_i/axi_mem_intercon/s00_couplers/auto_us/inst/gen_upsizer.gen_full_upsizer.axi_upsizer_inst/USE_READ.read_addr_inst/GEN_CMD_QUEUE.cmd_queue/valid_Write                                                                                     |                                                                                                                                                                                                                                                                                 |                5 |             20 |         4.00 |
|  mlp_system_i/processing_system7_0/inst/FCLK_CLK0 |                                                                                                                                                                                                                                                       | mlp_system_i/axi_dma_0/U0/I_RST_MODULE/GEN_RESET_FOR_MM2S.RESET_I/GNE_SYNC_RESET.scndry_resetn_reg_0[0]                                                                                                                                                                         |                7 |             20 |         2.86 |
|  mlp_system_i/processing_system7_0/inst/FCLK_CLK0 | mlp_system_i/mlp_axi_wrapper_0/U0/even_wr_en                                                                                                                                                                                                          | mlp_system_i/mlp_axi_wrapper_0/U0/mlp_inst/fsm_inst/SR[0]                                                                                                                                                                                                                       |                8 |             21 |         2.62 |
|  mlp_system_i/processing_system7_0/inst/FCLK_CLK0 | mlp_system_i/axi_mem_intercon/s00_couplers/auto_us/inst/gen_upsizer.gen_full_upsizer.axi_upsizer_inst/USE_READ.read_addr_inst/GEN_CMD_QUEUE.cmd_queue/USE_FF_OUT.USE_RTL_OUTPUT_PIPELINE.M_MESG_Q[29]_i_2_n_0                                         | mlp_system_i/axi_mem_intercon/s00_couplers/auto_us/inst/gen_upsizer.gen_full_upsizer.axi_upsizer_inst/USE_READ.gen_non_fifo_r_upsizer.read_data_inst/s_axi_aresetn                                                                                                              |                6 |             21 |         3.50 |
|  mlp_system_i/processing_system7_0/inst/FCLK_CLK0 | mlp_system_i/mlp_axi_wrapper_0/U0/even_wr_en_reg_n_0                                                                                                                                                                                                  | mlp_system_i/mlp_axi_wrapper_0/U0/mlp_inst/fsm_inst/SR[0]                                                                                                                                                                                                                       |                9 |             22 |         2.44 |
|  mlp_system_i/processing_system7_0/inst/FCLK_CLK0 |                                                                                                                                                                                                                                                       | mlp_system_i/axi_smc/inst/s00_entry_pipeline/s00_mmu/inst/areset                                                                                                                                                                                                                |               12 |             23 |         1.92 |
|  mlp_system_i/processing_system7_0/inst/FCLK_CLK0 | mlp_system_i/axi_dma_0/U0/I_PRMRY_DATAMOVER/GEN_MM2S_FULL.I_MM2S_FULL_WRAPPER/I_MSTR_PCC/sig_sm_ld_calc3_reg                                                                                                                                          | mlp_system_i/axi_dma_0/U0/I_PRMRY_DATAMOVER/GEN_MM2S_FULL.I_MM2S_FULL_WRAPPER/I_MSTR_PCC/sig_init_reg                                                                                                                                                                           |                7 |             25 |         3.57 |
|  mlp_system_i/processing_system7_0/inst/FCLK_CLK0 | mlp_system_i/mlp_axi_wrapper_0/U0/mlp_inst/fsm_inst/__9                                                                                                                                                                                               | mlp_system_i/mlp_axi_wrapper_0/U0/mlp_inst/fsm_inst/SR[0]                                                                                                                                                                                                                       |                8 |             25 |         3.12 |
|  mlp_system_i/processing_system7_0/inst/FCLK_CLK0 |                                                                                                                                                                                                                                                       | mlp_system_i/axi_dma_0/U0/I_RST_MODULE/SR[0]                                                                                                                                                                                                                                    |                8 |             25 |         3.12 |
|  mlp_system_i/processing_system7_0/inst/FCLK_CLK0 |                                                                                                                                                                                                                                                       | mlp_system_i/axi_dma_0/U0/I_PRMRY_DATAMOVER/GEN_MM2S_FULL.I_MM2S_FULL_WRAPPER/I_RESET/sig_mmap_rst                                                                                                                                                                              |               10 |             28 |         2.80 |
|  mlp_system_i/processing_system7_0/inst/FCLK_CLK0 | mlp_system_i/axi_dma_0/U0/I_PRMRY_DATAMOVER/GEN_MM2S_FULL.I_MM2S_FULL_WRAPPER/I_MSTR_PCC/sig_addr_cntr_lsh_im0[15]_i_1_n_0                                                                                                                            | mlp_system_i/axi_dma_0/U0/I_PRMRY_DATAMOVER/GEN_MM2S_FULL.I_MM2S_FULL_WRAPPER/I_MSTR_PCC/sig_init_reg                                                                                                                                                                           |               10 |             30 |         3.00 |
|  mlp_system_i/processing_system7_0/inst/FCLK_CLK0 | mlp_system_i/mlp_axi_wrapper_0/U0/axi_rvalid03_out__0                                                                                                                                                                                                 | mlp_system_i/mlp_axi_wrapper_0/U0/mlp_reset0                                                                                                                                                                                                                                    |               10 |             32 |         3.20 |
|  mlp_system_i/processing_system7_0/inst/FCLK_CLK0 | mlp_system_i/axi_smc/inst/s00_entry_pipeline/s00_si_converter/inst/gen_axilite_conv.axilite_conv_inst/m_aruser[0]                                                                                                                                     | mlp_system_i/axi_smc/inst/s00_entry_pipeline/s00_si_converter/inst/areset                                                                                                                                                                                                       |               12 |             32 |         2.67 |
|  mlp_system_i/processing_system7_0/inst/FCLK_CLK0 | mlp_system_i/axi_smc/inst/switchboards/i_nodes/i_r_node/inst/inst_si_handler/gen_si_handler.gen_arbiter_rr_minimal_area.inst_arbiter/s_sc_valid                                                                                                       |                                                                                                                                                                                                                                                                                 |                5 |             32 |         6.40 |
|  mlp_system_i/processing_system7_0/inst/FCLK_CLK0 | mlp_system_i/axi_dma_0/U0/I_PRMRY_DATAMOVER/GEN_MM2S_FULL.I_MM2S_FULL_WRAPPER/I_MSTR_PCC/sig_push_input_reg11_out                                                                                                                                     | mlp_system_i/axi_dma_0/U0/I_PRMRY_DATAMOVER/GEN_MM2S_FULL.I_MM2S_FULL_WRAPPER/I_MSTR_PCC/sig_init_reg                                                                                                                                                                           |               10 |             32 |         3.20 |
|  mlp_system_i/processing_system7_0/inst/FCLK_CLK0 | mlp_system_i/axi_smc/inst/s00_entry_pipeline/s00_si_converter/inst/gen_axilite_conv.axilite_conv_inst/s_axi_rdata_i[31]_i_1_n_0                                                                                                                       | mlp_system_i/axi_smc/inst/s00_entry_pipeline/s00_si_converter/inst/areset                                                                                                                                                                                                       |                6 |             32 |         5.33 |
|  mlp_system_i/processing_system7_0/inst/FCLK_CLK0 | mlp_system_i/axi_dma_0/U0/I_AXI_DMA_REG_MODULE/GEN_AXI_LITE_IF.AXI_LITE_IF_I/rvalid                                                                                                                                                                   | mlp_system_i/axi_dma_0/U0/I_AXI_DMA_REG_MODULE/GEN_AXI_LITE_IF.AXI_LITE_IF_I/GEN_SYNC_READ.s_axi_lite_rdata[31]_i_1_n_0                                                                                                                                                         |               12 |             32 |         2.67 |
|  mlp_system_i/processing_system7_0/inst/FCLK_CLK0 | mlp_system_i/mlp_axi_wrapper_0/U0/reg_ctrl[0]                                                                                                                                                                                                         | mlp_system_i/mlp_axi_wrapper_0/U0/mlp_reset0                                                                                                                                                                                                                                    |                6 |             32 |         5.33 |
|  mlp_system_i/processing_system7_0/inst/FCLK_CLK0 | mlp_system_i/axi_dma_0/U0/I_AXI_DMA_REG_MODULE/GEN_AXI_LITE_IF.AXI_LITE_IF_I/E[0]                                                                                                                                                                     | mlp_system_i/axi_dma_0/U0/I_RST_MODULE/GEN_RESET_FOR_MM2S.RESET_I/GNE_SYNC_RESET.scndry_resetn_reg_0[0]                                                                                                                                                                         |                5 |             32 |         6.40 |
|  mlp_system_i/processing_system7_0/inst/FCLK_CLK0 | mlp_system_i/axi_dma_0/U0/I_PRMRY_DATAMOVER/GEN_MM2S_FULL.I_MM2S_FULL_WRAPPER/ENABLE_AXIS_SKID.I_MM2S_SKID_BUF/sig_data_reg_out_en                                                                                                                    | mlp_system_i/axi_dma_0/U0/I_PRMRY_DATAMOVER/GEN_MM2S_FULL.I_MM2S_FULL_WRAPPER/ENABLE_AXIS_SKID.I_MM2S_SKID_BUF/sig_data_reg_out0                                                                                                                                                |               12 |             33 |         2.75 |
|  mlp_system_i/processing_system7_0/inst/FCLK_CLK0 | mlp_system_i/axi_dma_0/U0/I_PRMRY_DATAMOVER/GEN_MM2S_FULL.I_MM2S_FULL_WRAPPER/ENABLE_AXIS_SKID.I_MM2S_SKID_BUF/sig_s_ready_dup                                                                                                                        | mlp_system_i/axi_dma_0/U0/I_PRMRY_DATAMOVER/GEN_MM2S_FULL.I_MM2S_FULL_WRAPPER/I_RESET/SR[0]                                                                                                                                                                                     |               10 |             33 |         3.30 |
|  mlp_system_i/processing_system7_0/inst/FCLK_CLK0 | mlp_system_i/axi_smc/inst/s00_entry_pipeline/s00_mmu/inst/aw_reg_stall/m_vector_i[0]                                                                                                                                                                  |                                                                                                                                                                                                                                                                                 |                8 |             34 |         4.25 |
|  mlp_system_i/processing_system7_0/inst/FCLK_CLK0 | mlp_system_i/axi_smc/inst/s00_entry_pipeline/s00_mmu/inst/ar_reg_stall/m_vector_i[0]                                                                                                                                                                  |                                                                                                                                                                                                                                                                                 |                5 |             34 |         6.80 |
|  mlp_system_i/processing_system7_0/inst/FCLK_CLK0 | mlp_system_i/axi_smc/inst/s00_entry_pipeline/s00_mmu/inst/ar_reg_stall/skid_buffer[1136]_i_1_n_0                                                                                                                                                      |                                                                                                                                                                                                                                                                                 |                5 |             34 |         6.80 |
|  mlp_system_i/processing_system7_0/inst/FCLK_CLK0 | mlp_system_i/axi_smc/inst/s00_entry_pipeline/s00_mmu/inst/aw_reg_stall/skid_buffer[1136]_i_1__0_n_0                                                                                                                                                   |                                                                                                                                                                                                                                                                                 |                8 |             34 |         4.25 |
|  mlp_system_i/processing_system7_0/inst/FCLK_CLK0 | mlp_system_i/axi_smc/inst/switchboards/i_nodes/i_w_node/inst/inst_mi_handler/gen_normal_area.inst_fifo_node_payld/gen_reg_fifo.inst_reg_fifo/gen_single_rank.data[54]_i_1_n_0                                                                         |                                                                                                                                                                                                                                                                                 |                6 |             34 |         5.67 |
|  mlp_system_i/processing_system7_0/inst/FCLK_CLK0 | mlp_system_i/axi_dma_0/U0/I_PRMRY_DATAMOVER/GEN_MM2S_FULL.I_MM2S_FULL_WRAPPER/I_ADDR_CNTL/GEN_ADDR_FIFO.I_ADDR_QUAL_FIFO/USE_SRL_FIFO.I_SYNC_FIFO/USE_SRL_FIFO.sig_wr_fifo                                                                            |                                                                                                                                                                                                                                                                                 |                5 |             39 |         7.80 |
|  mlp_system_i/processing_system7_0/inst/FCLK_CLK0 | mlp_system_i/axi_mem_intercon/s00_couplers/auto_us/inst/gen_upsizer.gen_full_upsizer.axi_upsizer_inst/si_register_slice_inst/ar.ar_pipe/E[0]                                                                                                          |                                                                                                                                                                                                                                                                                 |               10 |             40 |         4.00 |
|  mlp_system_i/processing_system7_0/inst/FCLK_CLK0 | mlp_system_i/axi_mem_intercon/s00_couplers/auto_pc/inst/gen_axi4_axi3.axi3_conv_inst/USE_READ.USE_SPLIT_R.read_addr_inst/E[0]                                                                                                                         | mlp_system_i/axi_mem_intercon/s00_couplers/auto_pc/inst/gen_axi4_axi3.axi3_conv_inst/USE_READ.USE_SPLIT_R.read_addr_inst/USE_R_CHANNEL.cmd_queue/inst/SR[0]                                                                                                                     |                9 |             41 |         4.56 |
|  mlp_system_i/processing_system7_0/inst/FCLK_CLK0 | mlp_system_i/axi_dma_0/U0/I_PRMRY_DATAMOVER/GEN_MM2S_FULL.I_MM2S_FULL_WRAPPER/I_ADDR_CNTL/GEN_ADDR_FIFO.I_ADDR_QUAL_FIFO/USE_SRL_FIFO.I_SYNC_FIFO/addr_i_reg[2]_0                                                                                     | mlp_system_i/axi_dma_0/U0/I_PRMRY_DATAMOVER/GEN_MM2S_FULL.I_MM2S_FULL_WRAPPER/I_ADDR_CNTL/sig_next_addr_reg[31]_i_1_n_0                                                                                                                                                         |                6 |             42 |         7.00 |
|  mlp_system_i/processing_system7_0/inst/FCLK_CLK0 | mlp_system_i/axi_dma_0/U0/INCLUDE_MM2S_SOF_EOF_GENERATOR.I_MM2S_DMA_MNGR/GEN_MM2S_DMA_CONTROL.I_MM2S_CMDSTS/GEN_NO_HOLD_DATA.s_axis_mm2s_cmd_tvalid_reg_1                                                                                             | mlp_system_i/axi_dma_0/U0/I_RST_MODULE/GEN_RESET_FOR_MM2S.RESET_I/GNE_SYNC_RESET.scndry_resetn_reg_0[0]                                                                                                                                                                         |               10 |             47 |         4.70 |
|  mlp_system_i/processing_system7_0/inst/FCLK_CLK0 | mlp_system_i/axi_dma_0/U0/I_PRMRY_DATAMOVER/GEN_MM2S_FULL.I_MM2S_FULL_WRAPPER/I_CMD_STATUS/I_CMD_FIFO/E[0]                                                                                                                                            | mlp_system_i/axi_dma_0/U0/I_PRMRY_DATAMOVER/GEN_MM2S_FULL.I_MM2S_FULL_WRAPPER/I_RESET/sig_cmd_stat_rst_int                                                                                                                                                                      |               13 |             48 |         3.69 |
|  mlp_system_i/processing_system7_0/inst/FCLK_CLK0 | mlp_system_i/axi_mem_intercon/s00_couplers/auto_us/inst/gen_upsizer.gen_full_upsizer.axi_upsizer_inst/USE_READ.read_addr_inst/GEN_CMD_QUEUE.cmd_queue/E[0]                                                                                            |                                                                                                                                                                                                                                                                                 |               17 |             67 |         3.94 |
|  mlp_system_i/processing_system7_0/inst/FCLK_CLK0 | mlp_system_i/axi_mem_intercon/s00_couplers/auto_us/inst/gen_upsizer.gen_full_upsizer.axi_upsizer_inst/USE_READ.gen_non_fifo_r_upsizer.mi_register_slice_inst/r.r_pipe/s_ready_i_reg_0                                                                 |                                                                                                                                                                                                                                                                                 |               12 |             67 |         5.58 |
|  mlp_system_i/processing_system7_0/inst/FCLK_CLK0 |                                                                                                                                                                                                                                                       |                                                                                                                                                                                                                                                                                 |               85 |            264 |         3.11 |
+---------------------------------------------------+-------------------------------------------------------------------------------------------------------------------------------------------------------------------------------------------------------------------------------------------------------+---------------------------------------------------------------------------------------------------------------------------------------------------------------------------------------------------------------------------------------------------------------------------------+------------------+----------------+--------------+


