Copyright 1986-2022 Xilinx, Inc. All Rights Reserved. Copyright 2022-2025 Advanced Micro Devices, Inc. All Rights Reserved.
------------------------------------------------------------------------------------------------------------------------------------------------
| Tool Version : Vivado v.2025.2 (win64) Build 6299465 Fri Nov 14 19:35:11 GMT 2025
| Date         : Tue Apr 14 04:46:06 2026
| Host         : Batu running 64-bit major release  (build 9200)
| Command      : report_drc -file mlp_system_wrapper_drc_routed.rpt -pb mlp_system_wrapper_drc_routed.pb -rpx mlp_system_wrapper_drc_routed.rpx
| Design       : mlp_system_wrapper
| Device       : xc7z020clg484-1
| Speed File   : -1
| Design State : Fully Routed
------------------------------------------------------------------------------------------------------------------------------------------------

Report DRC

Table of Contents
-----------------
1. REPORT SUMMARY
2. REPORT DETAILS

1. REPORT SUMMARY
-----------------
            Netlist: netlist
          Floorplan: design_1
      Design limits: <entire design considered>
           Ruledeck: default
             Max checks: <unlimited>
             Checks found: 169
+-----------+----------+----------------------------+--------+
| Rule      | Severity | Description                | Checks |
+-----------+----------+----------------------------+--------+
| DPIP-1    | Warning  | Input pipelining           | 153    |
| DPOP-1    | Warning  | PREG Output pipelining     | 5      |
| PDCN-1569 | Warning  | LUT equation term check    | 1      |
| REQP-1839 | Warning  | RAMB36 async control check | 8      |
| RTSTAT-10 | Warning  | No routable loads          | 1      |
| REQP-181  | Advisory | writefirst                 | 1      |
+-----------+----------+----------------------------+--------+

2. REPORT DETAILS
-----------------
DPIP-1#1 Warning
Input pipelining  
DSP mlp_system_i/mlp_axi_wrapper_0/U0/mlp_inst/l1_mult_reg[39] input mlp_system_i/mlp_axi_wrapper_0/U0/mlp_inst/l1_mult_reg[39]/B[17:0] is not pipelined. Pipelining DSP48 input will improve performance.
Related violations: <none>

DPIP-1#2 Warning
Input pipelining  
DSP mlp_system_i/mlp_axi_wrapper_0/U0/mlp_inst/l1_sum0 input mlp_system_i/mlp_axi_wrapper_0/U0/mlp_inst/l1_sum0/B[17:0] is not pipelined. Pipelining DSP48 input will improve performance.
Related violations: <none>

DPIP-1#3 Warning
Input pipelining  
DSP mlp_system_i/mlp_axi_wrapper_0/U0/mlp_inst/l1_sum0__0 input mlp_system_i/mlp_axi_wrapper_0/U0/mlp_inst/l1_sum0__0/B[17:0] is not pipelined. Pipelining DSP48 input will improve performance.
Related violations: <none>

DPIP-1#4 Warning
Input pipelining  
DSP mlp_system_i/mlp_axi_wrapper_0/U0/mlp_inst/l1_sum0__1 input mlp_system_i/mlp_axi_wrapper_0/U0/mlp_inst/l1_sum0__1/B[17:0] is not pipelined. Pipelining DSP48 input will improve performance.
Related violations: <none>

DPIP-1#5 Warning
Input pipelining  
DSP mlp_system_i/mlp_axi_wrapper_0/U0/mlp_inst/l1_sum0__10 input mlp_system_i/mlp_axi_wrapper_0/U0/mlp_inst/l1_sum0__10/B[17:0] is not pipelined. Pipelining DSP48 input will improve performance.
Related violations: <none>

DPIP-1#6 Warning
Input pipelining  
DSP mlp_system_i/mlp_axi_wrapper_0/U0/mlp_inst/l1_sum0__11 input mlp_system_i/mlp_axi_wrapper_0/U0/mlp_inst/l1_sum0__11/B[17:0] is not pipelined. Pipelining DSP48 input will improve performance.
Related violations: <none>

DPIP-1#7 Warning
Input pipelining  
DSP mlp_system_i/mlp_axi_wrapper_0/U0/mlp_inst/l1_sum0__12 input mlp_system_i/mlp_axi_wrapper_0/U0/mlp_inst/l1_sum0__12/B[17:0] is not pipelined. Pipelining DSP48 input will improve performance.
Related violations: <none>

DPIP-1#8 Warning
Input pipelining  
DSP mlp_system_i/mlp_axi_wrapper_0/U0/mlp_inst/l1_sum0__13 input mlp_system_i/mlp_axi_wrapper_0/U0/mlp_inst/l1_sum0__13/B[17:0] is not pipelined. Pipelining DSP48 input will improve performance.
Related violations: <none>

DPIP-1#9 Warning
Input pipelining  
DSP mlp_system_i/mlp_axi_wrapper_0/U0/mlp_inst/l1_sum0__14 input mlp_system_i/mlp_axi_wrapper_0/U0/mlp_inst/l1_sum0__14/B[17:0] is not pipelined. Pipelining DSP48 input will improve performance.
Related violations: <none>

DPIP-1#10 Warning
Input pipelining  
DSP mlp_system_i/mlp_axi_wrapper_0/U0/mlp_inst/l1_sum0__15 input mlp_system_i/mlp_axi_wrapper_0/U0/mlp_inst/l1_sum0__15/B[17:0] is not pipelined. Pipelining DSP48 input will improve performance.
Related violations: <none>

DPIP-1#11 Warning
Input pipelining  
DSP mlp_system_i/mlp_axi_wrapper_0/U0/mlp_inst/l1_sum0__16 input mlp_system_i/mlp_axi_wrapper_0/U0/mlp_inst/l1_sum0__16/B[17:0] is not pipelined. Pipelining DSP48 input will improve performance.
Related violations: <none>

DPIP-1#12 Warning
Input pipelining  
DSP mlp_system_i/mlp_axi_wrapper_0/U0/mlp_inst/l1_sum0__17 input mlp_system_i/mlp_axi_wrapper_0/U0/mlp_inst/l1_sum0__17/B[17:0] is not pipelined. Pipelining DSP48 input will improve performance.
Related violations: <none>

DPIP-1#13 Warning
Input pipelining  
DSP mlp_system_i/mlp_axi_wrapper_0/U0/mlp_inst/l1_sum0__18 input mlp_system_i/mlp_axi_wrapper_0/U0/mlp_inst/l1_sum0__18/B[17:0] is not pipelined. Pipelining DSP48 input will improve performance.
Related violations: <none>

DPIP-1#14 Warning
Input pipelining  
DSP mlp_system_i/mlp_axi_wrapper_0/U0/mlp_inst/l1_sum0__19 input mlp_system_i/mlp_axi_wrapper_0/U0/mlp_inst/l1_sum0__19/B[17:0] is not pipelined. Pipelining DSP48 input will improve performance.
Related violations: <none>

DPIP-1#15 Warning
Input pipelining  
DSP mlp_system_i/mlp_axi_wrapper_0/U0/mlp_inst/l1_sum0__2 input mlp_system_i/mlp_axi_wrapper_0/U0/mlp_inst/l1_sum0__2/B[17:0] is not pipelined. Pipelining DSP48 input will improve performance.
Related violations: <none>

DPIP-1#16 Warning
Input pipelining  
DSP mlp_system_i/mlp_axi_wrapper_0/U0/mlp_inst/l1_sum0__20 input mlp_system_i/mlp_axi_wrapper_0/U0/mlp_inst/l1_sum0__20/B[17:0] is not pipelined. Pipelining DSP48 input will improve performance.
Related violations: <none>

DPIP-1#17 Warning
Input pipelining  
DSP mlp_system_i/mlp_axi_wrapper_0/U0/mlp_inst/l1_sum0__21 input mlp_system_i/mlp_axi_wrapper_0/U0/mlp_inst/l1_sum0__21/B[17:0] is not pipelined. Pipelining DSP48 input will improve performance.
Related violations: <none>

DPIP-1#18 Warning
Input pipelining  
DSP mlp_system_i/mlp_axi_wrapper_0/U0/mlp_inst/l1_sum0__22 input mlp_system_i/mlp_axi_wrapper_0/U0/mlp_inst/l1_sum0__22/B[17:0] is not pipelined. Pipelining DSP48 input will improve performance.
Related violations: <none>

DPIP-1#19 Warning
Input pipelining  
DSP mlp_system_i/mlp_axi_wrapper_0/U0/mlp_inst/l1_sum0__23 input mlp_system_i/mlp_axi_wrapper_0/U0/mlp_inst/l1_sum0__23/B[17:0] is not pipelined. Pipelining DSP48 input will improve performance.
Related violations: <none>

DPIP-1#20 Warning
Input pipelining  
DSP mlp_system_i/mlp_axi_wrapper_0/U0/mlp_inst/l1_sum0__24 input mlp_system_i/mlp_axi_wrapper_0/U0/mlp_inst/l1_sum0__24/B[17:0] is not pipelined. Pipelining DSP48 input will improve performance.
Related violations: <none>

DPIP-1#21 Warning
Input pipelining  
DSP mlp_system_i/mlp_axi_wrapper_0/U0/mlp_inst/l1_sum0__25 input mlp_system_i/mlp_axi_wrapper_0/U0/mlp_inst/l1_sum0__25/B[17:0] is not pipelined. Pipelining DSP48 input will improve performance.
Related violations: <none>

DPIP-1#22 Warning
Input pipelining  
DSP mlp_system_i/mlp_axi_wrapper_0/U0/mlp_inst/l1_sum0__26 input mlp_system_i/mlp_axi_wrapper_0/U0/mlp_inst/l1_sum0__26/B[17:0] is not pipelined. Pipelining DSP48 input will improve performance.
Related violations: <none>

DPIP-1#23 Warning
Input pipelining  
DSP mlp_system_i/mlp_axi_wrapper_0/U0/mlp_inst/l1_sum0__27 input mlp_system_i/mlp_axi_wrapper_0/U0/mlp_inst/l1_sum0__27/B[17:0] is not pipelined. Pipelining DSP48 input will improve performance.
Related violations: <none>

DPIP-1#24 Warning
Input pipelining  
DSP mlp_system_i/mlp_axi_wrapper_0/U0/mlp_inst/l1_sum0__28 input mlp_system_i/mlp_axi_wrapper_0/U0/mlp_inst/l1_sum0__28/B[17:0] is not pipelined. Pipelining DSP48 input will improve performance.
Related violations: <none>

DPIP-1#25 Warning
Input pipelining  
DSP mlp_system_i/mlp_axi_wrapper_0/U0/mlp_inst/l1_sum0__29 input mlp_system_i/mlp_axi_wrapper_0/U0/mlp_inst/l1_sum0__29/B[17:0] is not pipelined. Pipelining DSP48 input will improve performance.
Related violations: <none>

DPIP-1#26 Warning
Input pipelining  
DSP mlp_system_i/mlp_axi_wrapper_0/U0/mlp_inst/l1_sum0__3 input mlp_system_i/mlp_axi_wrapper_0/U0/mlp_inst/l1_sum0__3/B[17:0] is not pipelined. Pipelining DSP48 input will improve performance.
Related violations: <none>

DPIP-1#27 Warning
Input pipelining  
DSP mlp_system_i/mlp_axi_wrapper_0/U0/mlp_inst/l1_sum0__30 input mlp_system_i/mlp_axi_wrapper_0/U0/mlp_inst/l1_sum0__30/B[17:0] is not pipelined. Pipelining DSP48 input will improve performance.
Related violations: <none>

DPIP-1#28 Warning
Input pipelining  
DSP mlp_system_i/mlp_axi_wrapper_0/U0/mlp_inst/l1_sum0__31 input mlp_system_i/mlp_axi_wrapper_0/U0/mlp_inst/l1_sum0__31/B[17:0] is not pipelined. Pipelining DSP48 input will improve performance.
Related violations: <none>

DPIP-1#29 Warning
Input pipelining  
DSP mlp_system_i/mlp_axi_wrapper_0/U0/mlp_inst/l1_sum0__32 input mlp_system_i/mlp_axi_wrapper_0/U0/mlp_inst/l1_sum0__32/B[17:0] is not pipelined. Pipelining DSP48 input will improve performance.
Related violations: <none>

DPIP-1#30 Warning
Input pipelining  
DSP mlp_system_i/mlp_axi_wrapper_0/U0/mlp_inst/l1_sum0__33 input mlp_system_i/mlp_axi_wrapper_0/U0/mlp_inst/l1_sum0__33/B[17:0] is not pipelined. Pipelining DSP48 input will improve performance.
Related violations: <none>

DPIP-1#31 Warning
Input pipelining  
DSP mlp_system_i/mlp_axi_wrapper_0/U0/mlp_inst/l1_sum0__34 input mlp_system_i/mlp_axi_wrapper_0/U0/mlp_inst/l1_sum0__34/B[17:0] is not pipelined. Pipelining DSP48 input will improve performance.
Related violations: <none>

DPIP-1#32 Warning
Input pipelining  
DSP mlp_system_i/mlp_axi_wrapper_0/U0/mlp_inst/l1_sum0__35 input mlp_system_i/mlp_axi_wrapper_0/U0/mlp_inst/l1_sum0__35/B[17:0] is not pipelined. Pipelining DSP48 input will improve performance.
Related violations: <none>

DPIP-1#33 Warning
Input pipelining  
DSP mlp_system_i/mlp_axi_wrapper_0/U0/mlp_inst/l1_sum0__36 input mlp_system_i/mlp_axi_wrapper_0/U0/mlp_inst/l1_sum0__36/B[17:0] is not pipelined. Pipelining DSP48 input will improve performance.
Related violations: <none>

DPIP-1#34 Warning
Input pipelining  
DSP mlp_system_i/mlp_axi_wrapper_0/U0/mlp_inst/l1_sum0__37 input mlp_system_i/mlp_axi_wrapper_0/U0/mlp_inst/l1_sum0__37/B[17:0] is not pipelined. Pipelining DSP48 input will improve performance.
Related violations: <none>

DPIP-1#35 Warning
Input pipelining  
DSP mlp_system_i/mlp_axi_wrapper_0/U0/mlp_inst/l1_sum0__4 input mlp_system_i/mlp_axi_wrapper_0/U0/mlp_inst/l1_sum0__4/B[17:0] is not pipelined. Pipelining DSP48 input will improve performance.
Related violations: <none>

DPIP-1#36 Warning
Input pipelining  
DSP mlp_system_i/mlp_axi_wrapper_0/U0/mlp_inst/l1_sum0__5 input mlp_system_i/mlp_axi_wrapper_0/U0/mlp_inst/l1_sum0__5/B[17:0] is not pipelined. Pipelining DSP48 input will improve performance.
Related violations: <none>

DPIP-1#37 Warning
Input pipelining  
DSP mlp_system_i/mlp_axi_wrapper_0/U0/mlp_inst/l1_sum0__6 input mlp_system_i/mlp_axi_wrapper_0/U0/mlp_inst/l1_sum0__6/B[17:0] is not pipelined. Pipelining DSP48 input will improve performance.
Related violations: <none>

DPIP-1#38 Warning
Input pipelining  
DSP mlp_system_i/mlp_axi_wrapper_0/U0/mlp_inst/l1_sum0__7 input mlp_system_i/mlp_axi_wrapper_0/U0/mlp_inst/l1_sum0__7/B[17:0] is not pipelined. Pipelining DSP48 input will improve performance.
Related violations: <none>

DPIP-1#39 Warning
Input pipelining  
DSP mlp_system_i/mlp_axi_wrapper_0/U0/mlp_inst/l1_sum0__8 input mlp_system_i/mlp_axi_wrapper_0/U0/mlp_inst/l1_sum0__8/B[17:0] is not pipelined. Pipelining DSP48 input will improve performance.
Related violations: <none>

DPIP-1#40 Warning
Input pipelining  
DSP mlp_system_i/mlp_axi_wrapper_0/U0/mlp_inst/l1_sum0__9 input mlp_system_i/mlp_axi_wrapper_0/U0/mlp_inst/l1_sum0__9/B[17:0] is not pipelined. Pipelining DSP48 input will improve performance.
Related violations: <none>

DPIP-1#41 Warning
Input pipelining  
DSP mlp_system_i/mlp_axi_wrapper_0/U0/mlp_inst/l2_mult_reg[63] input mlp_system_i/mlp_axi_wrapper_0/U0/mlp_inst/l2_mult_reg[63]/B[17:0] is not pipelined. Pipelining DSP48 input will improve performance.
Related violations: <none>

DPIP-1#42 Warning
Input pipelining  
DSP mlp_system_i/mlp_axi_wrapper_0/U0/mlp_inst/l2_sum0 input mlp_system_i/mlp_axi_wrapper_0/U0/mlp_inst/l2_sum0/B[17:0] is not pipelined. Pipelining DSP48 input will improve performance.
Related violations: <none>

DPIP-1#43 Warning
Input pipelining  
DSP mlp_system_i/mlp_axi_wrapper_0/U0/mlp_inst/l2_sum0__0 input mlp_system_i/mlp_axi_wrapper_0/U0/mlp_inst/l2_sum0__0/B[17:0] is not pipelined. Pipelining DSP48 input will improve performance.
Related violations: <none>

DPIP-1#44 Warning
Input pipelining  
DSP mlp_system_i/mlp_axi_wrapper_0/U0/mlp_inst/l2_sum0__1 input mlp_system_i/mlp_axi_wrapper_0/U0/mlp_inst/l2_sum0__1/B[17:0] is not pipelined. Pipelining DSP48 input will improve performance.
Related violations: <none>

DPIP-1#45 Warning
Input pipelining  
DSP mlp_system_i/mlp_axi_wrapper_0/U0/mlp_inst/l2_sum0__10 input mlp_system_i/mlp_axi_wrapper_0/U0/mlp_inst/l2_sum0__10/B[17:0] is not pipelined. Pipelining DSP48 input will improve performance.
Related violations: <none>

DPIP-1#46 Warning
Input pipelining  
DSP mlp_system_i/mlp_axi_wrapper_0/U0/mlp_inst/l2_sum0__11 input mlp_system_i/mlp_axi_wrapper_0/U0/mlp_inst/l2_sum0__11/B[17:0] is not pipelined. Pipelining DSP48 input will improve performance.
Related violations: <none>

DPIP-1#47 Warning
Input pipelining  
DSP mlp_system_i/mlp_axi_wrapper_0/U0/mlp_inst/l2_sum0__12 input mlp_system_i/mlp_axi_wrapper_0/U0/mlp_inst/l2_sum0__12/B[17:0] is not pipelined. Pipelining DSP48 input will improve performance.
Related violations: <none>

DPIP-1#48 Warning
Input pipelining  
DSP mlp_system_i/mlp_axi_wrapper_0/U0/mlp_inst/l2_sum0__13 input mlp_system_i/mlp_axi_wrapper_0/U0/mlp_inst/l2_sum0__13/B[17:0] is not pipelined. Pipelining DSP48 input will improve performance.
Related violations: <none>

DPIP-1#49 Warning
Input pipelining  
DSP mlp_system_i/mlp_axi_wrapper_0/U0/mlp_inst/l2_sum0__14 input mlp_system_i/mlp_axi_wrapper_0/U0/mlp_inst/l2_sum0__14/B[17:0] is not pipelined. Pipelining DSP48 input will improve performance.
Related violations: <none>

DPIP-1#50 Warning
Input pipelining  
DSP mlp_system_i/mlp_axi_wrapper_0/U0/mlp_inst/l2_sum0__15 input mlp_system_i/mlp_axi_wrapper_0/U0/mlp_inst/l2_sum0__15/B[17:0] is not pipelined. Pipelining DSP48 input will improve performance.
Related violations: <none>

DPIP-1#51 Warning
Input pipelining  
DSP mlp_system_i/mlp_axi_wrapper_0/U0/mlp_inst/l2_sum0__16 input mlp_system_i/mlp_axi_wrapper_0/U0/mlp_inst/l2_sum0__16/B[17:0] is not pipelined. Pipelining DSP48 input will improve performance.
Related violations: <none>

DPIP-1#52 Warning
Input pipelining  
DSP mlp_system_i/mlp_axi_wrapper_0/U0/mlp_inst/l2_sum0__17 input mlp_system_i/mlp_axi_wrapper_0/U0/mlp_inst/l2_sum0__17/B[17:0] is not pipelined. Pipelining DSP48 input will improve performance.
Related violations: <none>

DPIP-1#53 Warning
Input pipelining  
DSP mlp_system_i/mlp_axi_wrapper_0/U0/mlp_inst/l2_sum0__18 input mlp_system_i/mlp_axi_wrapper_0/U0/mlp_inst/l2_sum0__18/B[17:0] is not pipelined. Pipelining DSP48 input will improve performance.
Related violations: <none>

DPIP-1#54 Warning
Input pipelining  
DSP mlp_system_i/mlp_axi_wrapper_0/U0/mlp_inst/l2_sum0__19 input mlp_system_i/mlp_axi_wrapper_0/U0/mlp_inst/l2_sum0__19/B[17:0] is not pipelined. Pipelining DSP48 input will improve performance.
Related violations: <none>

DPIP-1#55 Warning
Input pipelining  
DSP mlp_system_i/mlp_axi_wrapper_0/U0/mlp_inst/l2_sum0__2 input mlp_system_i/mlp_axi_wrapper_0/U0/mlp_inst/l2_sum0__2/B[17:0] is not pipelined. Pipelining DSP48 input will improve performance.
Related violations: <none>

DPIP-1#56 Warning
Input pipelining  
DSP mlp_system_i/mlp_axi_wrapper_0/U0/mlp_inst/l2_sum0__20 input mlp_system_i/mlp_axi_wrapper_0/U0/mlp_inst/l2_sum0__20/B[17:0] is not pipelined. Pipelining DSP48 input will improve performance.
Related violations: <none>

DPIP-1#57 Warning
Input pipelining  
DSP mlp_system_i/mlp_axi_wrapper_0/U0/mlp_inst/l2_sum0__21 input mlp_system_i/mlp_axi_wrapper_0/U0/mlp_inst/l2_sum0__21/B[17:0] is not pipelined. Pipelining DSP48 input will improve performance.
Related violations: <none>

DPIP-1#58 Warning
Input pipelining  
DSP mlp_system_i/mlp_axi_wrapper_0/U0/mlp_inst/l2_sum0__22 input mlp_system_i/mlp_axi_wrapper_0/U0/mlp_inst/l2_sum0__22/B[17:0] is not pipelined. Pipelining DSP48 input will improve performance.
Related violations: <none>

DPIP-1#59 Warning
Input pipelining  
DSP mlp_system_i/mlp_axi_wrapper_0/U0/mlp_inst/l2_sum0__23 input mlp_system_i/mlp_axi_wrapper_0/U0/mlp_inst/l2_sum0__23/B[17:0] is not pipelined. Pipelining DSP48 input will improve performance.
Related violations: <none>

DPIP-1#60 Warning
Input pipelining  
DSP mlp_system_i/mlp_axi_wrapper_0/U0/mlp_inst/l2_sum0__24 input mlp_system_i/mlp_axi_wrapper_0/U0/mlp_inst/l2_sum0__24/B[17:0] is not pipelined. Pipelining DSP48 input will improve performance.
Related violations: <none>

DPIP-1#61 Warning
Input pipelining  
DSP mlp_system_i/mlp_axi_wrapper_0/U0/mlp_inst/l2_sum0__25 input mlp_system_i/mlp_axi_wrapper_0/U0/mlp_inst/l2_sum0__25/B[17:0] is not pipelined. Pipelining DSP48 input will improve performance.
Related violations: <none>

DPIP-1#62 Warning
Input pipelining  
DSP mlp_system_i/mlp_axi_wrapper_0/U0/mlp_inst/l2_sum0__26 input mlp_system_i/mlp_axi_wrapper_0/U0/mlp_inst/l2_sum0__26/B[17:0] is not pipelined. Pipelining DSP48 input will improve performance.
Related violations: <none>

DPIP-1#63 Warning
Input pipelining  
DSP mlp_system_i/mlp_axi_wrapper_0/U0/mlp_inst/l2_sum0__27 input mlp_system_i/mlp_axi_wrapper_0/U0/mlp_inst/l2_sum0__27/B[17:0] is not pipelined. Pipelining DSP48 input will improve performance.
Related violations: <none>

DPIP-1#64 Warning
Input pipelining  
DSP mlp_system_i/mlp_axi_wrapper_0/U0/mlp_inst/l2_sum0__28 input mlp_system_i/mlp_axi_wrapper_0/U0/mlp_inst/l2_sum0__28/B[17:0] is not pipelined. Pipelining DSP48 input will improve performance.
Related violations: <none>

DPIP-1#65 Warning
Input pipelining  
DSP mlp_system_i/mlp_axi_wrapper_0/U0/mlp_inst/l2_sum0__29 input mlp_system_i/mlp_axi_wrapper_0/U0/mlp_inst/l2_sum0__29/B[17:0] is not pipelined. Pipelining DSP48 input will improve performance.
Related violations: <none>

DPIP-1#66 Warning
Input pipelining  
DSP mlp_system_i/mlp_axi_wrapper_0/U0/mlp_inst/l2_sum0__3 input mlp_system_i/mlp_axi_wrapper_0/U0/mlp_inst/l2_sum0__3/B[17:0] is not pipelined. Pipelining DSP48 input will improve performance.
Related violations: <none>

DPIP-1#67 Warning
Input pipelining  
DSP mlp_system_i/mlp_axi_wrapper_0/U0/mlp_inst/l2_sum0__30 input mlp_system_i/mlp_axi_wrapper_0/U0/mlp_inst/l2_sum0__30/B[17:0] is not pipelined. Pipelining DSP48 input will improve performance.
Related violations: <none>

DPIP-1#68 Warning
Input pipelining  
DSP mlp_system_i/mlp_axi_wrapper_0/U0/mlp_inst/l2_sum0__31 input mlp_system_i/mlp_axi_wrapper_0/U0/mlp_inst/l2_sum0__31/B[17:0] is not pipelined. Pipelining DSP48 input will improve performance.
Related violations: <none>

DPIP-1#69 Warning
Input pipelining  
DSP mlp_system_i/mlp_axi_wrapper_0/U0/mlp_inst/l2_sum0__32 input mlp_system_i/mlp_axi_wrapper_0/U0/mlp_inst/l2_sum0__32/B[17:0] is not pipelined. Pipelining DSP48 input will improve performance.
Related violations: <none>

DPIP-1#70 Warning
Input pipelining  
DSP mlp_system_i/mlp_axi_wrapper_0/U0/mlp_inst/l2_sum0__33 input mlp_system_i/mlp_axi_wrapper_0/U0/mlp_inst/l2_sum0__33/B[17:0] is not pipelined. Pipelining DSP48 input will improve performance.
Related violations: <none>

DPIP-1#71 Warning
Input pipelining  
DSP mlp_system_i/mlp_axi_wrapper_0/U0/mlp_inst/l2_sum0__34 input mlp_system_i/mlp_axi_wrapper_0/U0/mlp_inst/l2_sum0__34/B[17:0] is not pipelined. Pipelining DSP48 input will improve performance.
Related violations: <none>

DPIP-1#72 Warning
Input pipelining  
DSP mlp_system_i/mlp_axi_wrapper_0/U0/mlp_inst/l2_sum0__35 input mlp_system_i/mlp_axi_wrapper_0/U0/mlp_inst/l2_sum0__35/B[17:0] is not pipelined. Pipelining DSP48 input will improve performance.
Related violations: <none>

DPIP-1#73 Warning
Input pipelining  
DSP mlp_system_i/mlp_axi_wrapper_0/U0/mlp_inst/l2_sum0__36 input mlp_system_i/mlp_axi_wrapper_0/U0/mlp_inst/l2_sum0__36/B[17:0] is not pipelined. Pipelining DSP48 input will improve performance.
Related violations: <none>

DPIP-1#74 Warning
Input pipelining  
DSP mlp_system_i/mlp_axi_wrapper_0/U0/mlp_inst/l2_sum0__37 input mlp_system_i/mlp_axi_wrapper_0/U0/mlp_inst/l2_sum0__37/B[17:0] is not pipelined. Pipelining DSP48 input will improve performance.
Related violations: <none>

DPIP-1#75 Warning
Input pipelining  
DSP mlp_system_i/mlp_axi_wrapper_0/U0/mlp_inst/l2_sum0__38 input mlp_system_i/mlp_axi_wrapper_0/U0/mlp_inst/l2_sum0__38/B[17:0] is not pipelined. Pipelining DSP48 input will improve performance.
Related violations: <none>

DPIP-1#76 Warning
Input pipelining  
DSP mlp_system_i/mlp_axi_wrapper_0/U0/mlp_inst/l2_sum0__39 input mlp_system_i/mlp_axi_wrapper_0/U0/mlp_inst/l2_sum0__39/B[17:0] is not pipelined. Pipelining DSP48 input will improve performance.
Related violations: <none>

DPIP-1#77 Warning
Input pipelining  
DSP mlp_system_i/mlp_axi_wrapper_0/U0/mlp_inst/l2_sum0__4 input mlp_system_i/mlp_axi_wrapper_0/U0/mlp_inst/l2_sum0__4/B[17:0] is not pipelined. Pipelining DSP48 input will improve performance.
Related violations: <none>

DPIP-1#78 Warning
Input pipelining  
DSP mlp_system_i/mlp_axi_wrapper_0/U0/mlp_inst/l2_sum0__40 input mlp_system_i/mlp_axi_wrapper_0/U0/mlp_inst/l2_sum0__40/B[17:0] is not pipelined. Pipelining DSP48 input will improve performance.
Related violations: <none>

DPIP-1#79 Warning
Input pipelining  
DSP mlp_system_i/mlp_axi_wrapper_0/U0/mlp_inst/l2_sum0__41 input mlp_system_i/mlp_axi_wrapper_0/U0/mlp_inst/l2_sum0__41/B[17:0] is not pipelined. Pipelining DSP48 input will improve performance.
Related violations: <none>

DPIP-1#80 Warning
Input pipelining  
DSP mlp_system_i/mlp_axi_wrapper_0/U0/mlp_inst/l2_sum0__42 input mlp_system_i/mlp_axi_wrapper_0/U0/mlp_inst/l2_sum0__42/B[17:0] is not pipelined. Pipelining DSP48 input will improve performance.
Related violations: <none>

DPIP-1#81 Warning
Input pipelining  
DSP mlp_system_i/mlp_axi_wrapper_0/U0/mlp_inst/l2_sum0__43 input mlp_system_i/mlp_axi_wrapper_0/U0/mlp_inst/l2_sum0__43/B[17:0] is not pipelined. Pipelining DSP48 input will improve performance.
Related violations: <none>

DPIP-1#82 Warning
Input pipelining  
DSP mlp_system_i/mlp_axi_wrapper_0/U0/mlp_inst/l2_sum0__44 input mlp_system_i/mlp_axi_wrapper_0/U0/mlp_inst/l2_sum0__44/B[17:0] is not pipelined. Pipelining DSP48 input will improve performance.
Related violations: <none>

DPIP-1#83 Warning
Input pipelining  
DSP mlp_system_i/mlp_axi_wrapper_0/U0/mlp_inst/l2_sum0__45 input mlp_system_i/mlp_axi_wrapper_0/U0/mlp_inst/l2_sum0__45/B[17:0] is not pipelined. Pipelining DSP48 input will improve performance.
Related violations: <none>

DPIP-1#84 Warning
Input pipelining  
DSP mlp_system_i/mlp_axi_wrapper_0/U0/mlp_inst/l2_sum0__46 input mlp_system_i/mlp_axi_wrapper_0/U0/mlp_inst/l2_sum0__46/B[17:0] is not pipelined. Pipelining DSP48 input will improve performance.
Related violations: <none>

DPIP-1#85 Warning
Input pipelining  
DSP mlp_system_i/mlp_axi_wrapper_0/U0/mlp_inst/l2_sum0__47 input mlp_system_i/mlp_axi_wrapper_0/U0/mlp_inst/l2_sum0__47/B[17:0] is not pipelined. Pipelining DSP48 input will improve performance.
Related violations: <none>

DPIP-1#86 Warning
Input pipelining  
DSP mlp_system_i/mlp_axi_wrapper_0/U0/mlp_inst/l2_sum0__48 input mlp_system_i/mlp_axi_wrapper_0/U0/mlp_inst/l2_sum0__48/B[17:0] is not pipelined. Pipelining DSP48 input will improve performance.
Related violations: <none>

DPIP-1#87 Warning
Input pipelining  
DSP mlp_system_i/mlp_axi_wrapper_0/U0/mlp_inst/l2_sum0__49 input mlp_system_i/mlp_axi_wrapper_0/U0/mlp_inst/l2_sum0__49/B[17:0] is not pipelined. Pipelining DSP48 input will improve performance.
Related violations: <none>

DPIP-1#88 Warning
Input pipelining  
DSP mlp_system_i/mlp_axi_wrapper_0/U0/mlp_inst/l2_sum0__5 input mlp_system_i/mlp_axi_wrapper_0/U0/mlp_inst/l2_sum0__5/B[17:0] is not pipelined. Pipelining DSP48 input will improve performance.
Related violations: <none>

DPIP-1#89 Warning
Input pipelining  
DSP mlp_system_i/mlp_axi_wrapper_0/U0/mlp_inst/l2_sum0__50 input mlp_system_i/mlp_axi_wrapper_0/U0/mlp_inst/l2_sum0__50/B[17:0] is not pipelined. Pipelining DSP48 input will improve performance.
Related violations: <none>

DPIP-1#90 Warning
Input pipelining  
DSP mlp_system_i/mlp_axi_wrapper_0/U0/mlp_inst/l2_sum0__51 input mlp_system_i/mlp_axi_wrapper_0/U0/mlp_inst/l2_sum0__51/B[17:0] is not pipelined. Pipelining DSP48 input will improve performance.
Related violations: <none>

DPIP-1#91 Warning
Input pipelining  
DSP mlp_system_i/mlp_axi_wrapper_0/U0/mlp_inst/l2_sum0__52 input mlp_system_i/mlp_axi_wrapper_0/U0/mlp_inst/l2_sum0__52/B[17:0] is not pipelined. Pipelining DSP48 input will improve performance.
Related violations: <none>

DPIP-1#92 Warning
Input pipelining  
DSP mlp_system_i/mlp_axi_wrapper_0/U0/mlp_inst/l2_sum0__53 input mlp_system_i/mlp_axi_wrapper_0/U0/mlp_inst/l2_sum0__53/B[17:0] is not pipelined. Pipelining DSP48 input will improve performance.
Related violations: <none>

DPIP-1#93 Warning
Input pipelining  
DSP mlp_system_i/mlp_axi_wrapper_0/U0/mlp_inst/l2_sum0__54 input mlp_system_i/mlp_axi_wrapper_0/U0/mlp_inst/l2_sum0__54/B[17:0] is not pipelined. Pipelining DSP48 input will improve performance.
Related violations: <none>

DPIP-1#94 Warning
Input pipelining  
DSP mlp_system_i/mlp_axi_wrapper_0/U0/mlp_inst/l2_sum0__55 input mlp_system_i/mlp_axi_wrapper_0/U0/mlp_inst/l2_sum0__55/B[17:0] is not pipelined. Pipelining DSP48 input will improve performance.
Related violations: <none>

DPIP-1#95 Warning
Input pipelining  
DSP mlp_system_i/mlp_axi_wrapper_0/U0/mlp_inst/l2_sum0__56 input mlp_system_i/mlp_axi_wrapper_0/U0/mlp_inst/l2_sum0__56/B[17:0] is not pipelined. Pipelining DSP48 input will improve performance.
Related violations: <none>

DPIP-1#96 Warning
Input pipelining  
DSP mlp_system_i/mlp_axi_wrapper_0/U0/mlp_inst/l2_sum0__57 input mlp_system_i/mlp_axi_wrapper_0/U0/mlp_inst/l2_sum0__57/B[17:0] is not pipelined. Pipelining DSP48 input will improve performance.
Related violations: <none>

DPIP-1#97 Warning
Input pipelining  
DSP mlp_system_i/mlp_axi_wrapper_0/U0/mlp_inst/l2_sum0__58 input mlp_system_i/mlp_axi_wrapper_0/U0/mlp_inst/l2_sum0__58/B[17:0] is not pipelined. Pipelining DSP48 input will improve performance.
Related violations: <none>

DPIP-1#98 Warning
Input pipelining  
DSP mlp_system_i/mlp_axi_wrapper_0/U0/mlp_inst/l2_sum0__58 input mlp_system_i/mlp_axi_wrapper_0/U0/mlp_inst/l2_sum0__58/C[47:0] is not pipelined. Pipelining DSP48 input will improve performance.
Related violations: <none>

DPIP-1#99 Warning
Input pipelining  
DSP mlp_system_i/mlp_axi_wrapper_0/U0/mlp_inst/l2_sum0__59 input mlp_system_i/mlp_axi_wrapper_0/U0/mlp_inst/l2_sum0__59/B[17:0] is not pipelined. Pipelining DSP48 input will improve performance.
Related violations: <none>

DPIP-1#100 Warning
Input pipelining  
DSP mlp_system_i/mlp_axi_wrapper_0/U0/mlp_inst/l2_sum0__6 input mlp_system_i/mlp_axi_wrapper_0/U0/mlp_inst/l2_sum0__6/B[17:0] is not pipelined. Pipelining DSP48 input will improve performance.
Related violations: <none>

DPIP-1#101 Warning
Input pipelining  
DSP mlp_system_i/mlp_axi_wrapper_0/U0/mlp_inst/l2_sum0__60 input mlp_system_i/mlp_axi_wrapper_0/U0/mlp_inst/l2_sum0__60/B[17:0] is not pipelined. Pipelining DSP48 input will improve performance.
Related violations: <none>

DPIP-1#102 Warning
Input pipelining  
DSP mlp_system_i/mlp_axi_wrapper_0/U0/mlp_inst/l2_sum0__61 input mlp_system_i/mlp_axi_wrapper_0/U0/mlp_inst/l2_sum0__61/B[17:0] is not pipelined. Pipelining DSP48 input will improve performance.
Related violations: <none>

DPIP-1#103 Warning
Input pipelining  
DSP mlp_system_i/mlp_axi_wrapper_0/U0/mlp_inst/l2_sum0__7 input mlp_system_i/mlp_axi_wrapper_0/U0/mlp_inst/l2_sum0__7/B[17:0] is not pipelined. Pipelining DSP48 input will improve performance.
Related violations: <none>

DPIP-1#104 Warning
Input pipelining  
DSP mlp_system_i/mlp_axi_wrapper_0/U0/mlp_inst/l2_sum0__8 input mlp_system_i/mlp_axi_wrapper_0/U0/mlp_inst/l2_sum0__8/B[17:0] is not pipelined. Pipelining DSP48 input will improve performance.
Related violations: <none>

DPIP-1#105 Warning
Input pipelining  
DSP mlp_system_i/mlp_axi_wrapper_0/U0/mlp_inst/l2_sum0__9 input mlp_system_i/mlp_axi_wrapper_0/U0/mlp_inst/l2_sum0__9/B[17:0] is not pipelined. Pipelining DSP48 input will improve performance.
Related violations: <none>

DPIP-1#106 Warning
Input pipelining  
DSP mlp_system_i/mlp_axi_wrapper_0/U0/mlp_inst/l3_mult_reg[31] input mlp_system_i/mlp_axi_wrapper_0/U0/mlp_inst/l3_mult_reg[31]/B[17:0] is not pipelined. Pipelining DSP48 input will improve performance.
Related violations: <none>

DPIP-1#107 Warning
Input pipelining  
DSP mlp_system_i/mlp_axi_wrapper_0/U0/mlp_inst/l3_sum0 input mlp_system_i/mlp_axi_wrapper_0/U0/mlp_inst/l3_sum0/B[17:0] is not pipelined. Pipelining DSP48 input will improve performance.
Related violations: <none>

DPIP-1#108 Warning
Input pipelining  
DSP mlp_system_i/mlp_axi_wrapper_0/U0/mlp_inst/l3_sum0__0 input mlp_system_i/mlp_axi_wrapper_0/U0/mlp_inst/l3_sum0__0/B[17:0] is not pipelined. Pipelining DSP48 input will improve performance.
Related violations: <none>

DPIP-1#109 Warning
Input pipelining  
DSP mlp_system_i/mlp_axi_wrapper_0/U0/mlp_inst/l3_sum0__1 input mlp_system_i/mlp_axi_wrapper_0/U0/mlp_inst/l3_sum0__1/B[17:0] is not pipelined. Pipelining DSP48 input will improve performance.
Related violations: <none>

DPIP-1#110 Warning
Input pipelining  
DSP mlp_system_i/mlp_axi_wrapper_0/U0/mlp_inst/l3_sum0__10 input mlp_system_i/mlp_axi_wrapper_0/U0/mlp_inst/l3_sum0__10/B[17:0] is not pipelined. Pipelining DSP48 input will improve performance.
Related violations: <none>

DPIP-1#111 Warning
Input pipelining  
DSP mlp_system_i/mlp_axi_wrapper_0/U0/mlp_inst/l3_sum0__11 input mlp_system_i/mlp_axi_wrapper_0/U0/mlp_inst/l3_sum0__11/B[17:0] is not pipelined. Pipelining DSP48 input will improve performance.
Related violations: <none>

DPIP-1#112 Warning
Input pipelining  
DSP mlp_system_i/mlp_axi_wrapper_0/U0/mlp_inst/l3_sum0__12 input mlp_system_i/mlp_axi_wrapper_0/U0/mlp_inst/l3_sum0__12/B[17:0] is not pipelined. Pipelining DSP48 input will improve performance.
Related violations: <none>

DPIP-1#113 Warning
Input pipelining  
DSP mlp_system_i/mlp_axi_wrapper_0/U0/mlp_inst/l3_sum0__13 input mlp_system_i/mlp_axi_wrapper_0/U0/mlp_inst/l3_sum0__13/B[17:0] is not pipelined. Pipelining DSP48 input will improve performance.
Related violations: <none>

DPIP-1#114 Warning
Input pipelining  
DSP mlp_system_i/mlp_axi_wrapper_0/U0/mlp_inst/l3_sum0__14 input mlp_system_i/mlp_axi_wrapper_0/U0/mlp_inst/l3_sum0__14/B[17:0] is not pipelined. Pipelining DSP48 input will improve performance.
Related violations: <none>

DPIP-1#115 Warning
Input pipelining  
DSP mlp_system_i/mlp_axi_wrapper_0/U0/mlp_inst/l3_sum0__15 input mlp_system_i/mlp_axi_wrapper_0/U0/mlp_inst/l3_sum0__15/B[17:0] is not pipelined. Pipelining DSP48 input will improve performance.
Related violations: <none>

DPIP-1#116 Warning
Input pipelining  
DSP mlp_system_i/mlp_axi_wrapper_0/U0/mlp_inst/l3_sum0__16 input mlp_system_i/mlp_axi_wrapper_0/U0/mlp_inst/l3_sum0__16/B[17:0] is not pipelined. Pipelining DSP48 input will improve performance.
Related violations: <none>

DPIP-1#117 Warning
Input pipelining  
DSP mlp_system_i/mlp_axi_wrapper_0/U0/mlp_inst/l3_sum0__17 input mlp_system_i/mlp_axi_wrapper_0/U0/mlp_inst/l3_sum0__17/B[17:0] is not pipelined. Pipelining DSP48 input will improve performance.
Related violations: <none>

DPIP-1#118 Warning
Input pipelining  
DSP mlp_system_i/mlp_axi_wrapper_0/U0/mlp_inst/l3_sum0__18 input mlp_system_i/mlp_axi_wrapper_0/U0/mlp_inst/l3_sum0__18/B[17:0] is not pipelined. Pipelining DSP48 input will improve performance.
Related violations: <none>

DPIP-1#119 Warning
Input pipelining  
DSP mlp_system_i/mlp_axi_wrapper_0/U0/mlp_inst/l3_sum0__19 input mlp_system_i/mlp_axi_wrapper_0/U0/mlp_inst/l3_sum0__19/B[17:0] is not pipelined. Pipelining DSP48 input will improve performance.
Related violations: <none>

DPIP-1#120 Warning
Input pipelining  
DSP mlp_system_i/mlp_axi_wrapper_0/U0/mlp_inst/l3_sum0__2 input mlp_system_i/mlp_axi_wrapper_0/U0/mlp_inst/l3_sum0__2/B[17:0] is not pipelined. Pipelining DSP48 input will improve performance.
Related violations: <none>

DPIP-1#121 Warning
Input pipelining  
DSP mlp_system_i/mlp_axi_wrapper_0/U0/mlp_inst/l3_sum0__20 input mlp_system_i/mlp_axi_wrapper_0/U0/mlp_inst/l3_sum0__20/B[17:0] is not pipelined. Pipelining DSP48 input will improve performance.
Related violations: <none>

DPIP-1#122 Warning
Input pipelining  
DSP mlp_system_i/mlp_axi_wrapper_0/U0/mlp_inst/l3_sum0__21 input mlp_system_i/mlp_axi_wrapper_0/U0/mlp_inst/l3_sum0__21/B[17:0] is not pipelined. Pipelining DSP48 input will improve performance.
Related violations: <none>

DPIP-1#123 Warning
Input pipelining  
DSP mlp_system_i/mlp_axi_wrapper_0/U0/mlp_inst/l3_sum0__22 input mlp_system_i/mlp_axi_wrapper_0/U0/mlp_inst/l3_sum0__22/B[17:0] is not pipelined. Pipelining DSP48 input will improve performance.
Related violations: <none>

DPIP-1#124 Warning
Input pipelining  
DSP mlp_system_i/mlp_axi_wrapper_0/U0/mlp_inst/l3_sum0__23 input mlp_system_i/mlp_axi_wrapper_0/U0/mlp_inst/l3_sum0__23/B[17:0] is not pipelined. Pipelining DSP48 input will improve performance.
Related violations: <none>

DPIP-1#125 Warning
Input pipelining  
DSP mlp_system_i/mlp_axi_wrapper_0/U0/mlp_inst/l3_sum0__24 input mlp_system_i/mlp_axi_wrapper_0/U0/mlp_inst/l3_sum0__24/B[17:0] is not pipelined. Pipelining DSP48 input will improve performance.
Related violations: <none>

DPIP-1#126 Warning
Input pipelining  
DSP mlp_system_i/mlp_axi_wrapper_0/U0/mlp_inst/l3_sum0__25 input mlp_system_i/mlp_axi_wrapper_0/U0/mlp_inst/l3_sum0__25/B[17:0] is not pipelined. Pipelining DSP48 input will improve performance.
Related violations: <none>

DPIP-1#127 Warning
Input pipelining  
DSP mlp_system_i/mlp_axi_wrapper_0/U0/mlp_inst/l3_sum0__26 input mlp_system_i/mlp_axi_wrapper_0/U0/mlp_inst/l3_sum0__26/B[17:0] is not pipelined. Pipelining DSP48 input will improve performance.
Related violations: <none>

DPIP-1#128 Warning
Input pipelining  
DSP mlp_system_i/mlp_axi_wrapper_0/U0/mlp_inst/l3_sum0__27 input mlp_system_i/mlp_axi_wrapper_0/U0/mlp_inst/l3_sum0__27/B[17:0] is not pipelined. Pipelining DSP48 input will improve performance.
Related violations: <none>

DPIP-1#129 Warning
Input pipelining  
DSP mlp_system_i/mlp_axi_wrapper_0/U0/mlp_inst/l3_sum0__28 input mlp_system_i/mlp_axi_wrapper_0/U0/mlp_inst/l3_sum0__28/B[17:0] is not pipelined. Pipelining DSP48 input will improve performance.
Related violations: <none>

DPIP-1#130 Warning
Input pipelining  
DSP mlp_system_i/mlp_axi_wrapper_0/U0/mlp_inst/l3_sum0__29 input mlp_system_i/mlp_axi_wrapper_0/U0/mlp_inst/l3_sum0__29/B[17:0] is not pipelined. Pipelining DSP48 input will improve performance.
Related violations: <none>

DPIP-1#131 Warning
Input pipelining  
DSP mlp_system_i/mlp_axi_wrapper_0/U0/mlp_inst/l3_sum0__3 input mlp_system_i/mlp_axi_wrapper_0/U0/mlp_inst/l3_sum0__3/B[17:0] is not pipelined. Pipelining DSP48 input will improve performance.
Related violations: <none>

DPIP-1#132 Warning
Input pipelining  
DSP mlp_system_i/mlp_axi_wrapper_0/U0/mlp_inst/l3_sum0__4 input mlp_system_i/mlp_axi_wrapper_0/U0/mlp_inst/l3_sum0__4/B[17:0] is not pipelined. Pipelining DSP48 input will improve performance.
Related violations: <none>

DPIP-1#133 Warning
Input pipelining  
DSP mlp_system_i/mlp_axi_wrapper_0/U0/mlp_inst/l3_sum0__5 input mlp_system_i/mlp_axi_wrapper_0/U0/mlp_inst/l3_sum0__5/B[17:0] is not pipelined. Pipelining DSP48 input will improve performance.
Related violations: <none>

DPIP-1#134 Warning
Input pipelining  
DSP mlp_system_i/mlp_axi_wrapper_0/U0/mlp_inst/l3_sum0__6 input mlp_system_i/mlp_axi_wrapper_0/U0/mlp_inst/l3_sum0__6/B[17:0] is not pipelined. Pipelining DSP48 input will improve performance.
Related violations: <none>

DPIP-1#135 Warning
Input pipelining  
DSP mlp_system_i/mlp_axi_wrapper_0/U0/mlp_inst/l3_sum0__7 input mlp_system_i/mlp_axi_wrapper_0/U0/mlp_inst/l3_sum0__7/B[17:0] is not pipelined. Pipelining DSP48 input will improve performance.
Related violations: <none>

DPIP-1#136 Warning
Input pipelining  
DSP mlp_system_i/mlp_axi_wrapper_0/U0/mlp_inst/l3_sum0__8 input mlp_system_i/mlp_axi_wrapper_0/U0/mlp_inst/l3_sum0__8/B[17:0] is not pipelined. Pipelining DSP48 input will improve performance.
Related violations: <none>

DPIP-1#137 Warning
Input pipelining  
DSP mlp_system_i/mlp_axi_wrapper_0/U0/mlp_inst/l3_sum0__9 input mlp_system_i/mlp_axi_wrapper_0/U0/mlp_inst/l3_sum0__9/B[17:0] is not pipelined. Pipelining DSP48 input will improve performance.
Related violations: <none>

DPIP-1#138 Warning
Input pipelining  
DSP mlp_system_i/mlp_axi_wrapper_0/U0/mlp_inst/l4_mult_reg[15] input mlp_system_i/mlp_axi_wrapper_0/U0/mlp_inst/l4_mult_reg[15]/B[17:0] is not pipelined. Pipelining DSP48 input will improve performance.
Related violations: <none>

DPIP-1#139 Warning
Input pipelining  
DSP mlp_system_i/mlp_axi_wrapper_0/U0/mlp_inst/l4_sum0 input mlp_system_i/mlp_axi_wrapper_0/U0/mlp_inst/l4_sum0/B[17:0] is not pipelined. Pipelining DSP48 input will improve performance.
Related violations: <none>

DPIP-1#140 Warning
Input pipelining  
DSP mlp_system_i/mlp_axi_wrapper_0/U0/mlp_inst/l4_sum0__0 input mlp_system_i/mlp_axi_wrapper_0/U0/mlp_inst/l4_sum0__0/B[17:0] is not pipelined. Pipelining DSP48 input will improve performance.
Related violations: <none>

DPIP-1#141 Warning
Input pipelining  
DSP mlp_system_i/mlp_axi_wrapper_0/U0/mlp_inst/l4_sum0__1 input mlp_system_i/mlp_axi_wrapper_0/U0/mlp_inst/l4_sum0__1/B[17:0] is not pipelined. Pipelining DSP48 input will improve performance.
Related violations: <none>

DPIP-1#142 Warning
Input pipelining  
DSP mlp_system_i/mlp_axi_wrapper_0/U0/mlp_inst/l4_sum0__10 input mlp_system_i/mlp_axi_wrapper_0/U0/mlp_inst/l4_sum0__10/B[17:0] is not pipelined. Pipelining DSP48 input will improve performance.
Related violations: <none>

DPIP-1#143 Warning
Input pipelining  
DSP mlp_system_i/mlp_axi_wrapper_0/U0/mlp_inst/l4_sum0__11 input mlp_system_i/mlp_axi_wrapper_0/U0/mlp_inst/l4_sum0__11/B[17:0] is not pipelined. Pipelining DSP48 input will improve performance.
Related violations: <none>

DPIP-1#144 Warning
Input pipelining  
DSP mlp_system_i/mlp_axi_wrapper_0/U0/mlp_inst/l4_sum0__12 input mlp_system_i/mlp_axi_wrapper_0/U0/mlp_inst/l4_sum0__12/B[17:0] is not pipelined. Pipelining DSP48 input will improve performance.
Related violations: <none>

DPIP-1#145 Warning
Input pipelining  
DSP mlp_system_i/mlp_axi_wrapper_0/U0/mlp_inst/l4_sum0__13 input mlp_system_i/mlp_axi_wrapper_0/U0/mlp_inst/l4_sum0__13/B[17:0] is not pipelined. Pipelining DSP48 input will improve performance.
Related violations: <none>

DPIP-1#146 Warning
Input pipelining  
DSP mlp_system_i/mlp_axi_wrapper_0/U0/mlp_inst/l4_sum0__2 input mlp_system_i/mlp_axi_wrapper_0/U0/mlp_inst/l4_sum0__2/B[17:0] is not pipelined. Pipelining DSP48 input will improve performance.
Related violations: <none>

DPIP-1#147 Warning
Input pipelining  
DSP mlp_system_i/mlp_axi_wrapper_0/U0/mlp_inst/l4_sum0__3 input mlp_system_i/mlp_axi_wrapper_0/U0/mlp_inst/l4_sum0__3/B[17:0] is not pipelined. Pipelining DSP48 input will improve performance.
Related violations: <none>

DPIP-1#148 Warning
Input pipelining  
DSP mlp_system_i/mlp_axi_wrapper_0/U0/mlp_inst/l4_sum0__4 input mlp_system_i/mlp_axi_wrapper_0/U0/mlp_inst/l4_sum0__4/B[17:0] is not pipelined. Pipelining DSP48 input will improve performance.
Related violations: <none>

DPIP-1#149 Warning
Input pipelining  
DSP mlp_system_i/mlp_axi_wrapper_0/U0/mlp_inst/l4_sum0__5 input mlp_system_i/mlp_axi_wrapper_0/U0/mlp_inst/l4_sum0__5/B[17:0] is not pipelined. Pipelining DSP48 input will improve performance.
Related violations: <none>

DPIP-1#150 Warning
Input pipelining  
DSP mlp_system_i/mlp_axi_wrapper_0/U0/mlp_inst/l4_sum0__6 input mlp_system_i/mlp_axi_wrapper_0/U0/mlp_inst/l4_sum0__6/B[17:0] is not pipelined. Pipelining DSP48 input will improve performance.
Related violations: <none>

DPIP-1#151 Warning
Input pipelining  
DSP mlp_system_i/mlp_axi_wrapper_0/U0/mlp_inst/l4_sum0__7 input mlp_system_i/mlp_axi_wrapper_0/U0/mlp_inst/l4_sum0__7/B[17:0] is not pipelined. Pipelining DSP48 input will improve performance.
Related violations: <none>

DPIP-1#152 Warning
Input pipelining  
DSP mlp_system_i/mlp_axi_wrapper_0/U0/mlp_inst/l4_sum0__8 input mlp_system_i/mlp_axi_wrapper_0/U0/mlp_inst/l4_sum0__8/B[17:0] is not pipelined. Pipelining DSP48 input will improve performance.
Related violations: <none>

DPIP-1#153 Warning
Input pipelining  
DSP mlp_system_i/mlp_axi_wrapper_0/U0/mlp_inst/l4_sum0__9 input mlp_system_i/mlp_axi_wrapper_0/U0/mlp_inst/l4_sum0__9/B[17:0] is not pipelined. Pipelining DSP48 input will improve performance.
Related violations: <none>

DPOP-1#1 Warning
PREG Output pipelining  
DSP mlp_system_i/mlp_axi_wrapper_0/U0/mlp_inst/l1_sum0__37 output mlp_system_i/mlp_axi_wrapper_0/U0/mlp_inst/l1_sum0__37/P[47:0] is not pipelined (PREG=0). Pipelining the DSP48 output will improve performance and often saves power so it is suggested whenever possible to fully pipeline this function.  If this DSP48 function was inferred, it is suggested to describe an additional register stage after this function.  If the DSP48 was instantiated in the design, it is suggested to set the PREG attribute to 1.
Related violations: <none>

DPOP-1#2 Warning
PREG Output pipelining  
DSP mlp_system_i/mlp_axi_wrapper_0/U0/mlp_inst/l2_sum0__57 output mlp_system_i/mlp_axi_wrapper_0/U0/mlp_inst/l2_sum0__57/P[47:0] is not pipelined (PREG=0). Pipelining the DSP48 output will improve performance and often saves power so it is suggested whenever possible to fully pipeline this function.  If this DSP48 function was inferred, it is suggested to describe an additional register stage after this function.  If the DSP48 was instantiated in the design, it is suggested to set the PREG attribute to 1.
Related violations: <none>

DPOP-1#3 Warning
PREG Output pipelining  
DSP mlp_system_i/mlp_axi_wrapper_0/U0/mlp_inst/l2_sum0__61 output mlp_system_i/mlp_axi_wrapper_0/U0/mlp_inst/l2_sum0__61/P[47:0] is not pipelined (PREG=0). Pipelining the DSP48 output will improve performance and often saves power so it is suggested whenever possible to fully pipeline this function.  If this DSP48 function was inferred, it is suggested to describe an additional register stage after this function.  If the DSP48 was instantiated in the design, it is suggested to set the PREG attribute to 1.
Related violations: <none>

DPOP-1#4 Warning
PREG Output pipelining  
DSP mlp_system_i/mlp_axi_wrapper_0/U0/mlp_inst/l3_sum0__29 output mlp_system_i/mlp_axi_wrapper_0/U0/mlp_inst/l3_sum0__29/P[47:0] is not pipelined (PREG=0). Pipelining the DSP48 output will improve performance and often saves power so it is suggested whenever possible to fully pipeline this function.  If this DSP48 function was inferred, it is suggested to describe an additional register stage after this function.  If the DSP48 was instantiated in the design, it is suggested to set the PREG attribute to 1.
Related violations: <none>

DPOP-1#5 Warning
PREG Output pipelining  
DSP mlp_system_i/mlp_axi_wrapper_0/U0/mlp_inst/l4_sum0__13 output mlp_system_i/mlp_axi_wrapper_0/U0/mlp_inst/l4_sum0__13/P[47:0] is not pipelined (PREG=0). Pipelining the DSP48 output will improve performance and often saves power so it is suggested whenever possible to fully pipeline this function.  If this DSP48 function was inferred, it is suggested to describe an additional register stage after this function.  If the DSP48 was instantiated in the design, it is suggested to set the PREG attribute to 1.
Related violations: <none>

PDCN-1569#1 Warning
LUT equation term check  
Used physical LUT pin 'A1' of cell mlp_system_i/axi_mem_intercon/s00_couplers/auto_pc/inst/gen_axi4_axi3.axi3_conv_inst/USE_READ.USE_SPLIT_R.read_addr_inst/USE_R_CHANNEL.cmd_queue/inst/fifo_gen_inst/inst_fifo_gen/gconvfifo.rf/grf.rf/gntv_or_sync_fifo.gl0.rd/gr1.gr1_int.rfwft/gpregsm1.user_valid_i_1 (pin mlp_system_i/axi_mem_intercon/s00_couplers/auto_pc/inst/gen_axi4_axi3.axi3_conv_inst/USE_READ.USE_SPLIT_R.read_addr_inst/USE_R_CHANNEL.cmd_queue/inst/fifo_gen_inst/inst_fifo_gen/gconvfifo.rf/grf.rf/gntv_or_sync_fifo.gl0.rd/gr1.gr1_int.rfwft/gpregsm1.user_valid_i_1/I1) is not included in the LUT equation: 'O6=(A2)+((~A2)*(~A6)*A5)'. If this cell is a user instantiated LUT in the design, please remove connectivity to the pin or change the equation and/or INIT string of the LUT to prevent this issue. If the cell is inferred or IP created LUT, please regenerate the IP and/or resynthesize the design to attempt to correct the issue.
Related violations: <none>

REQP-1839#1 Warning
RAMB36 async control check  
The RAMB36E1 mlp_system_i/axi_dma_0/U0/I_PRMRY_DATAMOVER/GEN_MM2S_FULL.I_MM2S_FULL_WRAPPER/GEN_INCLUDE_MM2S_SF.I_RD_SF/I_DATA_FIFO/BLK_MEM.I_SYNC_FIFOGEN_FIFO/xpm_fifo_base_inst/gen_sdpram.xpm_memory_base_inst/gen_wr_a.gen_word_narrow.mem_reg has an input control pin mlp_system_i/axi_dma_0/U0/I_PRMRY_DATAMOVER/GEN_MM2S_FULL.I_MM2S_FULL_WRAPPER/GEN_INCLUDE_MM2S_SF.I_RD_SF/I_DATA_FIFO/BLK_MEM.I_SYNC_FIFOGEN_FIFO/xpm_fifo_base_inst/gen_sdpram.xpm_memory_base_inst/gen_wr_a.gen_word_narrow.mem_reg/WEBWE[0] (net: mlp_system_i/axi_dma_0/U0/I_PRMRY_DATAMOVER/GEN_MM2S_FULL.I_MM2S_FULL_WRAPPER/GEN_INCLUDE_MM2S_SF.I_RD_SF/I_DATA_FIFO/BLK_MEM.I_SYNC_FIFOGEN_FIFO/xpm_fifo_base_inst/gen_sdpram.xpm_memory_base_inst/wea[0]) which is driven by a register (mlp_system_i/axi_mem_intercon/s00_couplers/auto_pc/inst/gen_axi4_axi3.axi3_conv_inst/USE_READ.USE_SPLIT_R.read_addr_inst/USE_R_CHANNEL.cmd_queue/inst/fifo_gen_inst/inst_fifo_gen/gconvfifo.rf/grf.rf/gntv_or_sync_fifo.gl0.rd/gr1.gr1_int.rfwft/empty_fwft_i_reg) that has an active asychronous set or reset. This may cause corruption of the memory contents and/or read values when the set/reset is asserted and is not analyzed by the default static timing analysis. It is suggested to eliminate the use of a set/reset to registers driving this RAMB pin or else use a synchronous reset in which the assertion of the reset is timed by default.
Related violations: <none>

REQP-1839#2 Warning
RAMB36 async control check  
The RAMB36E1 mlp_system_i/axi_dma_0/U0/I_PRMRY_DATAMOVER/GEN_MM2S_FULL.I_MM2S_FULL_WRAPPER/GEN_INCLUDE_MM2S_SF.I_RD_SF/I_DATA_FIFO/BLK_MEM.I_SYNC_FIFOGEN_FIFO/xpm_fifo_base_inst/gen_sdpram.xpm_memory_base_inst/gen_wr_a.gen_word_narrow.mem_reg has an input control pin mlp_system_i/axi_dma_0/U0/I_PRMRY_DATAMOVER/GEN_MM2S_FULL.I_MM2S_FULL_WRAPPER/GEN_INCLUDE_MM2S_SF.I_RD_SF/I_DATA_FIFO/BLK_MEM.I_SYNC_FIFOGEN_FIFO/xpm_fifo_base_inst/gen_sdpram.xpm_memory_base_inst/gen_wr_a.gen_word_narrow.mem_reg/WEBWE[1] (net: mlp_system_i/axi_dma_0/U0/I_PRMRY_DATAMOVER/GEN_MM2S_FULL.I_MM2S_FULL_WRAPPER/GEN_INCLUDE_MM2S_SF.I_RD_SF/I_DATA_FIFO/BLK_MEM.I_SYNC_FIFOGEN_FIFO/xpm_fifo_base_inst/gen_sdpram.xpm_memory_base_inst/wea[0]) which is driven by a register (mlp_system_i/axi_mem_intercon/s00_couplers/auto_pc/inst/gen_axi4_axi3.axi3_conv_inst/USE_READ.USE_SPLIT_R.read_addr_inst/USE_R_CHANNEL.cmd_queue/inst/fifo_gen_inst/inst_fifo_gen/gconvfifo.rf/grf.rf/gntv_or_sync_fifo.gl0.rd/gr1.gr1_int.rfwft/empty_fwft_i_reg) that has an active asychronous set or reset. This may cause corruption of the memory contents and/or read values when the set/reset is asserted and is not analyzed by the default static timing analysis. It is suggested to eliminate the use of a set/reset to registers driving this RAMB pin or else use a synchronous reset in which the assertion of the reset is timed by default.
Related violations: <none>

REQP-1839#3 Warning
RAMB36 async control check  
The RAMB36E1 mlp_system_i/axi_dma_0/U0/I_PRMRY_DATAMOVER/GEN_MM2S_FULL.I_MM2S_FULL_WRAPPER/GEN_INCLUDE_MM2S_SF.I_RD_SF/I_DATA_FIFO/BLK_MEM.I_SYNC_FIFOGEN_FIFO/xpm_fifo_base_inst/gen_sdpram.xpm_memory_base_inst/gen_wr_a.gen_word_narrow.mem_reg has an input control pin mlp_system_i/axi_dma_0/U0/I_PRMRY_DATAMOVER/GEN_MM2S_FULL.I_MM2S_FULL_WRAPPER/GEN_INCLUDE_MM2S_SF.I_RD_SF/I_DATA_FIFO/BLK_MEM.I_SYNC_FIFOGEN_FIFO/xpm_fifo_base_inst/gen_sdpram.xpm_memory_base_inst/gen_wr_a.gen_word_narrow.mem_reg/WEBWE[2] (net: mlp_system_i/axi_dma_0/U0/I_PRMRY_DATAMOVER/GEN_MM2S_FULL.I_MM2S_FULL_WRAPPER/GEN_INCLUDE_MM2S_SF.I_RD_SF/I_DATA_FIFO/BLK_MEM.I_SYNC_FIFOGEN_FIFO/xpm_fifo_base_inst/gen_sdpram.xpm_memory_base_inst/wea[0]) which is driven by a register (mlp_system_i/axi_mem_intercon/s00_couplers/auto_pc/inst/gen_axi4_axi3.axi3_conv_inst/USE_READ.USE_SPLIT_R.read_addr_inst/USE_R_CHANNEL.cmd_queue/inst/fifo_gen_inst/inst_fifo_gen/gconvfifo.rf/grf.rf/gntv_or_sync_fifo.gl0.rd/gr1.gr1_int.rfwft/empty_fwft_i_reg) that has an active asychronous set or reset. This may cause corruption of the memory contents and/or read values when the set/reset is asserted and is not analyzed by the default static timing analysis. It is suggested to eliminate the use of a set/reset to registers driving this RAMB pin or else use a synchronous reset in which the assertion of the reset is timed by default.
Related violations: <none>

REQP-1839#4 Warning
RAMB36 async control check  
The RAMB36E1 mlp_system_i/axi_dma_0/U0/I_PRMRY_DATAMOVER/GEN_MM2S_FULL.I_MM2S_FULL_WRAPPER/GEN_INCLUDE_MM2S_SF.I_RD_SF/I_DATA_FIFO/BLK_MEM.I_SYNC_FIFOGEN_FIFO/xpm_fifo_base_inst/gen_sdpram.xpm_memory_base_inst/gen_wr_a.gen_word_narrow.mem_reg has an input control pin mlp_system_i/axi_dma_0/U0/I_PRMRY_DATAMOVER/GEN_MM2S_FULL.I_MM2S_FULL_WRAPPER/GEN_INCLUDE_MM2S_SF.I_RD_SF/I_DATA_FIFO/BLK_MEM.I_SYNC_FIFOGEN_FIFO/xpm_fifo_base_inst/gen_sdpram.xpm_memory_base_inst/gen_wr_a.gen_word_narrow.mem_reg/WEBWE[3] (net: mlp_system_i/axi_dma_0/U0/I_PRMRY_DATAMOVER/GEN_MM2S_FULL.I_MM2S_FULL_WRAPPER/GEN_INCLUDE_MM2S_SF.I_RD_SF/I_DATA_FIFO/BLK_MEM.I_SYNC_FIFOGEN_FIFO/xpm_fifo_base_inst/gen_sdpram.xpm_memory_base_inst/wea[0]) which is driven by a register (mlp_system_i/axi_mem_intercon/s00_couplers/auto_pc/inst/gen_axi4_axi3.axi3_conv_inst/USE_READ.USE_SPLIT_R.read_addr_inst/USE_R_CHANNEL.cmd_queue/inst/fifo_gen_inst/inst_fifo_gen/gconvfifo.rf/grf.rf/gntv_or_sync_fifo.gl0.rd/gr1.gr1_int.rfwft/empty_fwft_i_reg) that has an active asychronous set or reset. This may cause corruption of the memory contents and/or read values when the set/reset is asserted and is not analyzed by the default static timing analysis. It is suggested to eliminate the use of a set/reset to registers driving this RAMB pin or else use a synchronous reset in which the assertion of the reset is timed by default.
Related violations: <none>

REQP-1839#5 Warning
RAMB36 async control check  
The RAMB36E1 mlp_system_i/axi_dma_0/U0/I_PRMRY_DATAMOVER/GEN_MM2S_FULL.I_MM2S_FULL_WRAPPER/GEN_INCLUDE_MM2S_SF.I_RD_SF/I_DATA_FIFO/BLK_MEM.I_SYNC_FIFOGEN_FIFO/xpm_fifo_base_inst/gen_sdpram.xpm_memory_base_inst/gen_wr_a.gen_word_narrow.mem_reg has an input control pin mlp_system_i/axi_dma_0/U0/I_PRMRY_DATAMOVER/GEN_MM2S_FULL.I_MM2S_FULL_WRAPPER/GEN_INCLUDE_MM2S_SF.I_RD_SF/I_DATA_FIFO/BLK_MEM.I_SYNC_FIFOGEN_FIFO/xpm_fifo_base_inst/gen_sdpram.xpm_memory_base_inst/gen_wr_a.gen_word_narrow.mem_reg/WEBWE[4] (net: mlp_system_i/axi_dma_0/U0/I_PRMRY_DATAMOVER/GEN_MM2S_FULL.I_MM2S_FULL_WRAPPER/GEN_INCLUDE_MM2S_SF.I_RD_SF/I_DATA_FIFO/BLK_MEM.I_SYNC_FIFOGEN_FIFO/xpm_fifo_base_inst/gen_sdpram.xpm_memory_base_inst/wea[0]) which is driven by a register (mlp_system_i/axi_mem_intercon/s00_couplers/auto_pc/inst/gen_axi4_axi3.axi3_conv_inst/USE_READ.USE_SPLIT_R.read_addr_inst/USE_R_CHANNEL.cmd_queue/inst/fifo_gen_inst/inst_fifo_gen/gconvfifo.rf/grf.rf/gntv_or_sync_fifo.gl0.rd/gr1.gr1_int.rfwft/empty_fwft_i_reg) that has an active asychronous set or reset. This may cause corruption of the memory contents and/or read values when the set/reset is asserted and is not analyzed by the default static timing analysis. It is suggested to eliminate the use of a set/reset to registers driving this RAMB pin or else use a synchronous reset in which the assertion of the reset is timed by default.
Related violations: <none>

REQP-1839#6 Warning
RAMB36 async control check  
The RAMB36E1 mlp_system_i/axi_dma_0/U0/I_PRMRY_DATAMOVER/GEN_MM2S_FULL.I_MM2S_FULL_WRAPPER/GEN_INCLUDE_MM2S_SF.I_RD_SF/I_DATA_FIFO/BLK_MEM.I_SYNC_FIFOGEN_FIFO/xpm_fifo_base_inst/gen_sdpram.xpm_memory_base_inst/gen_wr_a.gen_word_narrow.mem_reg has an input control pin mlp_system_i/axi_dma_0/U0/I_PRMRY_DATAMOVER/GEN_MM2S_FULL.I_MM2S_FULL_WRAPPER/GEN_INCLUDE_MM2S_SF.I_RD_SF/I_DATA_FIFO/BLK_MEM.I_SYNC_FIFOGEN_FIFO/xpm_fifo_base_inst/gen_sdpram.xpm_memory_base_inst/gen_wr_a.gen_word_narrow.mem_reg/WEBWE[5] (net: mlp_system_i/axi_dma_0/U0/I_PRMRY_DATAMOVER/GEN_MM2S_FULL.I_MM2S_FULL_WRAPPER/GEN_INCLUDE_MM2S_SF.I_RD_SF/I_DATA_FIFO/BLK_MEM.I_SYNC_FIFOGEN_FIFO/xpm_fifo_base_inst/gen_sdpram.xpm_memory_base_inst/wea[0]) which is driven by a register (mlp_system_i/axi_mem_intercon/s00_couplers/auto_pc/inst/gen_axi4_axi3.axi3_conv_inst/USE_READ.USE_SPLIT_R.read_addr_inst/USE_R_CHANNEL.cmd_queue/inst/fifo_gen_inst/inst_fifo_gen/gconvfifo.rf/grf.rf/gntv_or_sync_fifo.gl0.rd/gr1.gr1_int.rfwft/empty_fwft_i_reg) that has an active asychronous set or reset. This may cause corruption of the memory contents and/or read values when the set/reset is asserted and is not analyzed by the default static timing analysis. It is suggested to eliminate the use of a set/reset to registers driving this RAMB pin or else use a synchronous reset in which the assertion of the reset is timed by default.
Related violations: <none>

REQP-1839#7 Warning
RAMB36 async control check  
The RAMB36E1 mlp_system_i/axi_dma_0/U0/I_PRMRY_DATAMOVER/GEN_MM2S_FULL.I_MM2S_FULL_WRAPPER/GEN_INCLUDE_MM2S_SF.I_RD_SF/I_DATA_FIFO/BLK_MEM.I_SYNC_FIFOGEN_FIFO/xpm_fifo_base_inst/gen_sdpram.xpm_memory_base_inst/gen_wr_a.gen_word_narrow.mem_reg has an input control pin mlp_system_i/axi_dma_0/U0/I_PRMRY_DATAMOVER/GEN_MM2S_FULL.I_MM2S_FULL_WRAPPER/GEN_INCLUDE_MM2S_SF.I_RD_SF/I_DATA_FIFO/BLK_MEM.I_SYNC_FIFOGEN_FIFO/xpm_fifo_base_inst/gen_sdpram.xpm_memory_base_inst/gen_wr_a.gen_word_narrow.mem_reg/WEBWE[6] (net: mlp_system_i/axi_dma_0/U0/I_PRMRY_DATAMOVER/GEN_MM2S_FULL.I_MM2S_FULL_WRAPPER/GEN_INCLUDE_MM2S_SF.I_RD_SF/I_DATA_FIFO/BLK_MEM.I_SYNC_FIFOGEN_FIFO/xpm_fifo_base_inst/gen_sdpram.xpm_memory_base_inst/wea[0]) which is driven by a register (mlp_system_i/axi_mem_intercon/s00_couplers/auto_pc/inst/gen_axi4_axi3.axi3_conv_inst/USE_READ.USE_SPLIT_R.read_addr_inst/USE_R_CHANNEL.cmd_queue/inst/fifo_gen_inst/inst_fifo_gen/gconvfifo.rf/grf.rf/gntv_or_sync_fifo.gl0.rd/gr1.gr1_int.rfwft/empty_fwft_i_reg) that has an active asychronous set or reset. This may cause corruption of the memory contents and/or read values when the set/reset is asserted and is not analyzed by the default static timing analysis. It is suggested to eliminate the use of a set/reset to registers driving this RAMB pin or else use a synchronous reset in which the assertion of the reset is timed by default.
Related violations: <none>

REQP-1839#8 Warning
RAMB36 async control check  
The RAMB36E1 mlp_system_i/axi_dma_0/U0/I_PRMRY_DATAMOVER/GEN_MM2S_FULL.I_MM2S_FULL_WRAPPER/GEN_INCLUDE_MM2S_SF.I_RD_SF/I_DATA_FIFO/BLK_MEM.I_SYNC_FIFOGEN_FIFO/xpm_fifo_base_inst/gen_sdpram.xpm_memory_base_inst/gen_wr_a.gen_word_narrow.mem_reg has an input control pin mlp_system_i/axi_dma_0/U0/I_PRMRY_DATAMOVER/GEN_MM2S_FULL.I_MM2S_FULL_WRAPPER/GEN_INCLUDE_MM2S_SF.I_RD_SF/I_DATA_FIFO/BLK_MEM.I_SYNC_FIFOGEN_FIFO/xpm_fifo_base_inst/gen_sdpram.xpm_memory_base_inst/gen_wr_a.gen_word_narrow.mem_reg/WEBWE[7] (net: mlp_system_i/axi_dma_0/U0/I_PRMRY_DATAMOVER/GEN_MM2S_FULL.I_MM2S_FULL_WRAPPER/GEN_INCLUDE_MM2S_SF.I_RD_SF/I_DATA_FIFO/BLK_MEM.I_SYNC_FIFOGEN_FIFO/xpm_fifo_base_inst/gen_sdpram.xpm_memory_base_inst/wea[0]) which is driven by a register (mlp_system_i/axi_mem_intercon/s00_couplers/auto_pc/inst/gen_axi4_axi3.axi3_conv_inst/USE_READ.USE_SPLIT_R.read_addr_inst/USE_R_CHANNEL.cmd_queue/inst/fifo_gen_inst/inst_fifo_gen/gconvfifo.rf/grf.rf/gntv_or_sync_fifo.gl0.rd/gr1.gr1_int.rfwft/empty_fwft_i_reg) that has an active asychronous set or reset. This may cause corruption of the memory contents and/or read values when the set/reset is asserted and is not analyzed by the default static timing analysis. It is suggested to eliminate the use of a set/reset to registers driving this RAMB pin or else use a synchronous reset in which the assertion of the reset is timed by default.
Related violations: <none>

RTSTAT-10#1 Warning
No routable loads  
26 net(s) have no routable loads. The problem bus(es) and/or net(s) are mlp_system_i/axi_mem_intercon/s00_couplers/auto_pc/inst/gen_axi4_axi3.axi3_conv_inst/USE_READ.USE_SPLIT_R.read_addr_inst/USE_R_CHANNEL.cmd_queue/inst/fifo_gen_inst/inst_fifo_gen/gconvfifo.rf/grf.rf/gntv_or_sync_fifo.gl0.rd/gr1.gr1_int.rfwft/aempty_fwft_i,
mlp_system_i/axi_smc/inst/m00_nodes/m00_ar_node/inst/mi_handler_m_sc_areset_pipe,
mlp_system_i/axi_smc/inst/m00_nodes/m00_aw_node/inst/mi_handler_m_sc_areset_pipe,
mlp_system_i/axi_smc/inst/m00_nodes/m00_b_node/inst/mi_handler_m_sc_areset_pipe,
mlp_system_i/axi_smc/inst/m00_nodes/m00_r_node/inst/mi_handler_m_sc_areset_pipe,
mlp_system_i/axi_smc/inst/m00_nodes/m00_w_node/inst/mi_handler_m_sc_areset_pipe,
mlp_system_i/axi_smc/inst/m01_nodes/m01_ar_node/inst/mi_handler_m_sc_areset_pipe,
mlp_system_i/axi_smc/inst/m01_nodes/m01_aw_node/inst/mi_handler_m_sc_areset_pipe,
mlp_system_i/axi_smc/inst/m01_nodes/m01_b_node/inst/mi_handler_m_sc_areset_pipe,
mlp_system_i/axi_smc/inst/m01_nodes/m01_w_node/inst/mi_handler_m_sc_areset_pipe,
mlp_system_i/axi_smc/inst/s00_nodes/s00_ar_node/inst/mi_handler_m_sc_areset_pipe,
mlp_system_i/axi_smc/inst/s00_nodes/s00_aw_node/inst/mi_handler_m_sc_areset_pipe,
mlp_system_i/axi_smc/inst/s00_nodes/s00_b_node/inst/mi_handler_m_sc_areset_pipe,
mlp_system_i/axi_smc/inst/s00_nodes/s00_r_node/inst/mi_handler_m_sc_areset_pipe,
mlp_system_i/axi_smc/inst/s00_nodes/s00_w_node/inst/mi_handler_m_sc_areset_pipe
 (the first 15 of 22 listed nets/buses).
Related violations: <none>

REQP-181#1 Advisory
writefirst  
Synchronous clocking is detected for BRAM (mlp_system_i/axi_dma_0/U0/I_PRMRY_DATAMOVER/GEN_MM2S_FULL.I_MM2S_FULL_WRAPPER/GEN_INCLUDE_MM2S_SF.I_RD_SF/I_DATA_FIFO/BLK_MEM.I_SYNC_FIFOGEN_FIFO/xpm_fifo_base_inst/gen_sdpram.xpm_memory_base_inst/gen_wr_a.gen_word_narrow.mem_reg) in SDP mode with WRITE_FIRST write-mode. This is the preferred mode for best power characteristics, however it may exhibit address collisions if the same address appears on both read and write ports resulting in unknown or corrupted read data. It is suggested to confirm via simulation that an address collision never occurs and if so it is suggested to try and avoid this situation. If address collisions cannot be avoided, the write-mode may be set to READ_FIRST which guarantees that the read data is the prior contents of the memory at the cost of additional power in the design. See the FPGA Memory Resources User Guide for additional information.
Related violations: <none>


