
*** Running vivado
    with args -log mlp_system_wrapper.vdi -applog -m64 -product Vivado -messageDb vivado.pb -mode batch -source mlp_system_wrapper.tcl -notrace



****** Vivado v2025.2 (64-bit)
  **** SW Build 6299465 on Fri Nov 14 19:35:11 GMT 2025
  **** IP Build 6300035 on Fri Nov 14 10:48:45 MST 2025
  **** SharedData Build 6298862 on Thu Nov 13 04:50:51 MST 2025
  **** Start of session at: Sun Apr  5 22:05:22 2026
    ** Copyright 1986-2022 Xilinx, Inc. All Rights Reserved.
    ** Copyright 2022-2025 Advanced Micro Devices, Inc. All Rights Reserved.

source mlp_system_wrapper.tcl -notrace
create_project: Time (s): cpu = 00:00:12 ; elapsed = 00:00:08 . Memory (MB): peak = 660.730 ; gain = 220.129
INFO: [IP_Flow 19-234] Refreshing IP repositories
INFO: [IP_Flow 19-1704] No user IP repositories specified
INFO: [IP_Flow 19-2313] Loaded Vivado IP repository 'D:/AMDDesignTools/2025.2/Vivado/data/ip'.
Command: link_design -top mlp_system_wrapper -part xc7z020clg484-1
Design is defaulting to srcset: sources_1
Design is defaulting to constrset: constrs_1
INFO: [Device 21-403] Loading part xc7z020clg484-1
INFO: [Project 1-5699] Read binary netlist with skipMacroContent - 1
INFO: [Project 1-454] Reading design checkpoint 'd:/vivado projects/hft/hft.gen/sources_1/bd/mlp_system/ip/mlp_system_axi_dma_0_0/mlp_system_axi_dma_0_0.dcp' for cell 'mlp_system_i/axi_dma_0'
INFO: [Project 1-454] Reading design checkpoint 'd:/vivado projects/hft/hft.gen/sources_1/bd/mlp_system/ip/mlp_system_axi_smc_0/mlp_system_axi_smc_0.dcp' for cell 'mlp_system_i/axi_smc'
INFO: [Project 1-454] Reading design checkpoint 'd:/vivado projects/hft/hft.gen/sources_1/bd/mlp_system/ip/mlp_system_mlp_axi_wrapper_0_1/mlp_system_mlp_axi_wrapper_0_1.dcp' for cell 'mlp_system_i/mlp_axi_wrapper_0'
INFO: [Project 1-454] Reading design checkpoint 'd:/vivado projects/hft/hft.gen/sources_1/bd/mlp_system/ip/mlp_system_processing_system7_0_0/mlp_system_processing_system7_0_0.dcp' for cell 'mlp_system_i/processing_system7_0'
INFO: [Project 1-454] Reading design checkpoint 'd:/vivado projects/hft/hft.gen/sources_1/bd/mlp_system/ip/mlp_system_rst_ps7_0_100M_0/mlp_system_rst_ps7_0_100M_0.dcp' for cell 'mlp_system_i/rst_ps7_0_100M'
INFO: [Project 1-454] Reading design checkpoint 'd:/vivado projects/hft/hft.gen/sources_1/bd/mlp_system/ip/mlp_system_axi_mem_intercon_imp_auto_pc_0/mlp_system_axi_mem_intercon_imp_auto_pc_0.dcp' for cell 'mlp_system_i/axi_mem_intercon/s00_couplers/auto_pc'
INFO: [Project 1-454] Reading design checkpoint 'd:/vivado projects/hft/hft.gen/sources_1/bd/mlp_system/ip/mlp_system_axi_mem_intercon_imp_auto_us_0/mlp_system_axi_mem_intercon_imp_auto_us_0.dcp' for cell 'mlp_system_i/axi_mem_intercon/s00_couplers/auto_us'
Netlist sorting complete. Time (s): cpu = 00:00:00 ; elapsed = 00:00:00.246 . Memory (MB): peak = 1011.137 ; gain = 0.000
INFO: [Netlist 29-17] Analyzing 511 Unisim elements for replacement
INFO: [Netlist 29-28] Unisim Transformation completed in 0 CPU seconds
INFO: [Project 1-479] Netlist was created with Vivado 2025.2
INFO: [Project 1-570] Preparing netlist for logic optimization
Parsing XDC File [d:/vivado projects/hft/hft.gen/sources_1/bd/mlp_system/ip/mlp_system_processing_system7_0_0/mlp_system_processing_system7_0_0.xdc] for cell 'mlp_system_i/processing_system7_0/inst'
Finished Parsing XDC File [d:/vivado projects/hft/hft.gen/sources_1/bd/mlp_system/ip/mlp_system_processing_system7_0_0/mlp_system_processing_system7_0_0.xdc] for cell 'mlp_system_i/processing_system7_0/inst'
Parsing XDC File [d:/vivado projects/hft/hft.gen/sources_1/bd/mlp_system/ip/mlp_system_axi_smc_0/bd_0/ip/ip_1/bd_90d9_psr_aclk_0_board.xdc] for cell 'mlp_system_i/axi_smc/inst/clk_map/psr_aclk/U0'
Finished Parsing XDC File [d:/vivado projects/hft/hft.gen/sources_1/bd/mlp_system/ip/mlp_system_axi_smc_0/bd_0/ip/ip_1/bd_90d9_psr_aclk_0_board.xdc] for cell 'mlp_system_i/axi_smc/inst/clk_map/psr_aclk/U0'
Parsing XDC File [d:/vivado projects/hft/hft.gen/sources_1/bd/mlp_system/ip/mlp_system_axi_smc_0/smartconnect.xdc] for cell 'mlp_system_i/axi_smc/inst'
Finished Parsing XDC File [d:/vivado projects/hft/hft.gen/sources_1/bd/mlp_system/ip/mlp_system_axi_smc_0/smartconnect.xdc] for cell 'mlp_system_i/axi_smc/inst'
Parsing XDC File [d:/vivado projects/hft/hft.gen/sources_1/bd/mlp_system/ip/mlp_system_rst_ps7_0_100M_0/mlp_system_rst_ps7_0_100M_0_board.xdc] for cell 'mlp_system_i/rst_ps7_0_100M/U0'
Finished Parsing XDC File [d:/vivado projects/hft/hft.gen/sources_1/bd/mlp_system/ip/mlp_system_rst_ps7_0_100M_0/mlp_system_rst_ps7_0_100M_0_board.xdc] for cell 'mlp_system_i/rst_ps7_0_100M/U0'
Parsing XDC File [d:/vivado projects/hft/hft.gen/sources_1/bd/mlp_system/ip/mlp_system_axi_dma_0_0/mlp_system_axi_dma_0_0.xdc] for cell 'mlp_system_i/axi_dma_0/U0'
Finished Parsing XDC File [d:/vivado projects/hft/hft.gen/sources_1/bd/mlp_system/ip/mlp_system_axi_dma_0_0/mlp_system_axi_dma_0_0.xdc] for cell 'mlp_system_i/axi_dma_0/U0'
Parsing XDC File [D:/vivado projects/hft/hft.srcs/constrs_1/new/top.xdc]
Finished Parsing XDC File [D:/vivado projects/hft/hft.srcs/constrs_1/new/top.xdc]
Parsing XDC File [D:/vivado projects/hft/hft.srcs/constrs_1/new/zedboard_mlp.xdc]
Finished Parsing XDC File [D:/vivado projects/hft/hft.srcs/constrs_1/new/zedboard_mlp.xdc]
Parsing XDC File [d:/vivado projects/hft/hft.gen/sources_1/bd/mlp_system/ip/mlp_system_axi_dma_0_0/mlp_system_axi_dma_0_0_clocks.xdc] for cell 'mlp_system_i/axi_dma_0/U0'
Finished Parsing XDC File [d:/vivado projects/hft/hft.gen/sources_1/bd/mlp_system/ip/mlp_system_axi_dma_0_0/mlp_system_axi_dma_0_0_clocks.xdc] for cell 'mlp_system_i/axi_dma_0/U0'
Parsing XDC File [d:/vivado projects/hft/hft.gen/sources_1/bd/mlp_system/ip/mlp_system_axi_mem_intercon_imp_auto_us_0/mlp_system_axi_mem_intercon_imp_auto_us_0_clocks.xdc] for cell 'mlp_system_i/axi_mem_intercon/s00_couplers/auto_us/inst'
Finished Parsing XDC File [d:/vivado projects/hft/hft.gen/sources_1/bd/mlp_system/ip/mlp_system_axi_mem_intercon_imp_auto_us_0/mlp_system_axi_mem_intercon_imp_auto_us_0_clocks.xdc] for cell 'mlp_system_i/axi_mem_intercon/s00_couplers/auto_us/inst'
INFO: [Project 1-1714] 53 XPM XDC files have been applied to the design.
INFO: [Opt 31-138] Pushed 0 inverter(s) to 0 load pin(s).
Netlist sorting complete. Time (s): cpu = 00:00:00 ; elapsed = 00:00:00.004 . Memory (MB): peak = 1656.988 ; gain = 0.000
INFO: [Project 1-111] Unisim Transformation Summary:
  A total of 1 instances were transformed.
  RAM32X1D => RAM32X1D (RAMD32(x2)): 1 instance 

19 Infos, 0 Warnings, 0 Critical Warnings and 0 Errors encountered.
link_design completed successfully
link_design: Time (s): cpu = 00:00:15 ; elapsed = 00:00:17 . Memory (MB): peak = 1656.988 ; gain = 936.000
Command: opt_design
Attempting to get a license for feature 'Implementation' and/or device 'xc7z020'
INFO: [Common 17-349] Got license for feature 'Implementation' and/or device 'xc7z020'
Running DRC as a precondition to command opt_design

Starting DRC Task
INFO: [DRC 23-27] Running DRC with 2 threads
INFO: [Project 1-461] DRC finished with 0 Errors
INFO: [Project 1-462] Please refer to the DRC report (report_drc) for more information.

Time (s): cpu = 00:00:01 ; elapsed = 00:00:01 . Memory (MB): peak = 1656.988 ; gain = 0.000

Starting Cache Timing Information Task
INFO: [Timing 38-35] Done setting XDC timing constraints.
Ending Cache Timing Information Task | Checksum: 1c14edb7e

Time (s): cpu = 00:00:00 ; elapsed = 00:00:00.466 . Memory (MB): peak = 1659.766 ; gain = 2.777

Starting Logic Optimization Task

Phase 1 Initialization

Phase 1.1 Core Generation And Design Setup
Phase 1.1 Core Generation And Design Setup | Checksum: 1c14edb7e

Time (s): cpu = 00:00:00 ; elapsed = 00:00:00.011 . Memory (MB): peak = 2117.660 ; gain = 0.000

Phase 1.2 Setup Constraints And Sort Netlist
Phase 1.2 Setup Constraints And Sort Netlist | Checksum: 1c14edb7e

Time (s): cpu = 00:00:00 ; elapsed = 00:00:00.020 . Memory (MB): peak = 2117.660 ; gain = 0.000
Phase 1 Initialization | Checksum: 1c14edb7e

Time (s): cpu = 00:00:00 ; elapsed = 00:00:00.022 . Memory (MB): peak = 2117.660 ; gain = 0.000

Phase 2 Timer Update And Timing Data Collection

Phase 2.1 Detect if minReqCache needed
Phase 2.1 Detect if minReqCache needed | Checksum: 1c14edb7e

Time (s): cpu = 00:00:00 ; elapsed = 00:00:00.049 . Memory (MB): peak = 2117.680 ; gain = 0.020

Phase 2.2 Timer Update
Phase 2.2 Timer Update | Checksum: 1c14edb7e

Time (s): cpu = 00:00:00 ; elapsed = 00:00:00.160 . Memory (MB): peak = 2117.680 ; gain = 0.020

Phase 2.3 Timing Data Collection
Phase 2.3 Timing Data Collection | Checksum: 1c14edb7e

Time (s): cpu = 00:00:00 ; elapsed = 00:00:00.174 . Memory (MB): peak = 2117.680 ; gain = 0.020
Phase 2 Timer Update And Timing Data Collection | Checksum: 1c14edb7e

Time (s): cpu = 00:00:00 ; elapsed = 00:00:00.176 . Memory (MB): peak = 2117.680 ; gain = 0.020

Phase 3 Retarget
INFO: [Opt 31-1851] Number of loadless carry chains removed were: 0
INFO: [Opt 31-1834] Total Chains To Be Transformed Were: 0 AND Number of Transformed insts Created are: 0
INFO: [Opt 31-1566] Pulled 3 inverters resulting in an inversion of 13 pins
INFO: [Opt 31-138] Pushed 7 inverter(s) to 24 load pin(s).
INFO: [Opt 31-49] Retargeted 0 cell(s).
Phase 3 Retarget | Checksum: 98a6fac1

Time (s): cpu = 00:00:00 ; elapsed = 00:00:00.382 . Memory (MB): peak = 2117.680 ; gain = 0.020
Retarget | Checksum: 98a6fac1
INFO: [Opt 31-389] Phase Retarget created 16 cells and removed 65 cells
INFO: [Opt 31-1021] In phase Retarget, 89 netlist objects are constrained preventing optimization. Please run opt_design with -debug_log to get more detail. 

Phase 4 Constant propagation
INFO: [Opt 31-138] Pushed 3 inverter(s) to 7 load pin(s).
Phase 4 Constant propagation | Checksum: 167477230

Time (s): cpu = 00:00:01 ; elapsed = 00:00:00.583 . Memory (MB): peak = 2117.680 ; gain = 0.020
Constant propagation | Checksum: 167477230
INFO: [Opt 31-389] Phase Constant propagation created 122 cells and removed 386 cells
INFO: [Opt 31-1021] In phase Constant propagation, 89 netlist objects are constrained preventing optimization. Please run opt_design with -debug_log to get more detail. 

Phase 5 Sweep
INFO: [Constraints 18-11670] Building netlist checker database with flags, 0x8
Done building netlist checker database: Time (s): cpu = 00:00:00 ; elapsed = 00:00:00.003 . Memory (MB): peak = 2117.680 ; gain = 0.000
INFO: [Constraints 18-11670] Building netlist checker database with flags, 0x8
Done building netlist checker database: Time (s): cpu = 00:00:00 ; elapsed = 00:00:00.003 . Memory (MB): peak = 2117.680 ; gain = 0.000
Phase 5 Sweep | Checksum: 187a7c961

Time (s): cpu = 00:00:01 ; elapsed = 00:00:01 . Memory (MB): peak = 2117.680 ; gain = 0.020
Sweep | Checksum: 187a7c961
INFO: [Opt 31-389] Phase Sweep created 0 cells and removed 266 cells
INFO: [Opt 31-1021] In phase Sweep, 133 netlist objects are constrained preventing optimization. Please run opt_design with -debug_log to get more detail. 

Phase 6 BUFG optimization
Phase 6 BUFG optimization | Checksum: 187a7c961

Time (s): cpu = 00:00:01 ; elapsed = 00:00:01 . Memory (MB): peak = 2117.680 ; gain = 0.020
BUFG optimization | Checksum: 187a7c961
INFO: [Opt 31-662] Phase BUFG optimization created 0 cells of which 0 are BUFGs and removed 0 cells.

Phase 7 Shift Register Optimization
INFO: [Opt 31-1064] SRL Remap converted 0 SRLs to 0 registers and converted 0 registers of register chains to 0 SRLs
Phase 7 Shift Register Optimization | Checksum: 187a7c961

Time (s): cpu = 00:00:01 ; elapsed = 00:00:01 . Memory (MB): peak = 2117.680 ; gain = 0.020
Shift Register Optimization | Checksum: 187a7c961
INFO: [Opt 31-389] Phase Shift Register Optimization created 0 cells and removed 0 cells

Phase 8 Post Processing Netlist
Phase 8 Post Processing Netlist | Checksum: 9d716e53

Time (s): cpu = 00:00:02 ; elapsed = 00:00:02 . Memory (MB): peak = 2117.680 ; gain = 0.020
Post Processing Netlist | Checksum: 9d716e53
INFO: [Opt 31-389] Phase Post Processing Netlist created 0 cells and removed 0 cells
INFO: [Opt 31-1021] In phase Post Processing Netlist, 106 netlist objects are constrained preventing optimization. Please run opt_design with -debug_log to get more detail. 

Phase 9 Finalization

Phase 9.1 Finalizing Design Cores and Updating Shapes
Phase 9.1 Finalizing Design Cores and Updating Shapes | Checksum: 20a669e39

Time (s): cpu = 00:00:02 ; elapsed = 00:00:02 . Memory (MB): peak = 2117.680 ; gain = 0.020

Phase 9.2 Verifying Netlist Connectivity

Starting Connectivity Check Task

Time (s): cpu = 00:00:00 ; elapsed = 00:00:00.020 . Memory (MB): peak = 2117.680 ; gain = 0.000
Phase 9.2 Verifying Netlist Connectivity | Checksum: 20a669e39

Time (s): cpu = 00:00:02 ; elapsed = 00:00:02 . Memory (MB): peak = 2117.680 ; gain = 0.020
Phase 9 Finalization | Checksum: 20a669e39

Time (s): cpu = 00:00:02 ; elapsed = 00:00:02 . Memory (MB): peak = 2117.680 ; gain = 0.020
Opt_design Change Summary
=========================


-------------------------------------------------------------------------------------------------------------------------
|  Phase                        |  #Cells created  |  #Cells Removed  |  #Constrained objects preventing optimizations  |
-------------------------------------------------------------------------------------------------------------------------
|  Retarget                     |              16  |              65  |                                             89  |
|  Constant propagation         |             122  |             386  |                                             89  |
|  Sweep                        |               0  |             266  |                                            133  |
|  BUFG optimization            |               0  |               0  |                                              0  |
|  Shift Register Optimization  |               0  |               0  |                                              0  |
|  Post Processing Netlist      |               0  |               0  |                                            106  |
-------------------------------------------------------------------------------------------------------------------------


Ending Logic Optimization Task | Checksum: 20a669e39

Time (s): cpu = 00:00:02 ; elapsed = 00:00:02 . Memory (MB): peak = 2117.680 ; gain = 0.020

Starting Power Optimization Task
INFO: [Pwropt 34-132] Skipping clock gating for clocks with a period < 2.00 ns.
INFO: [Pwropt 34-9] Applying IDT optimizations ...
INFO: [Pwropt 34-10] Applying ODC optimizations ...
INFO: [Timing 38-35] Done setting XDC timing constraints.
Running Vector-less Activity Propagation...

Finished Running Vector-less Activity Propagation


Starting PowerOpt Patch Enables Task
INFO: [Pwropt 34-162] WRITE_MODE attribute of 0 BRAM(s) out of a total of 4 has been updated to save power. Run report_power_opt to get a complete listing of the BRAMs updated.
INFO: [Pwropt 34-201] Structural ODC has moved 0 WE to EN ports
Number of BRAM Ports augmented: 4 newly gated: 2 Total Ports: 8
Ending PowerOpt Patch Enables Task | Checksum: 159e40dc9

Time (s): cpu = 00:00:00 ; elapsed = 00:00:00.057 . Memory (MB): peak = 2117.680 ; gain = 0.000
Ending Power Optimization Task | Checksum: 159e40dc9

Time (s): cpu = 00:00:03 ; elapsed = 00:00:02 . Memory (MB): peak = 2117.680 ; gain = 0.000

Starting Final Cleanup Task

Starting Logic Optimization Task
INFO: [Timing 38-35] Done setting XDC timing constraints.
Ending Logic Optimization Task | Checksum: 10af60b43

Time (s): cpu = 00:00:01 ; elapsed = 00:00:00.805 . Memory (MB): peak = 2160.969 ; gain = 18.125
Ending Final Cleanup Task | Checksum: 10af60b43

Time (s): cpu = 00:00:04 ; elapsed = 00:00:05 . Memory (MB): peak = 2160.969 ; gain = 43.289
Netlist sorting complete. Time (s): cpu = 00:00:00 ; elapsed = 00:00:00.004 . Memory (MB): peak = 2160.969 ; gain = 0.000
INFO: [Common 17-83] Releasing license: Implementation
51 Infos, 0 Warnings, 0 Critical Warnings and 0 Errors encountered.
opt_design completed successfully
opt_design: Time (s): cpu = 00:00:14 ; elapsed = 00:00:15 . Memory (MB): peak = 2160.969 ; gain = 503.980
INFO: [Vivado 12-24828] Executing command : report_drc -file mlp_system_wrapper_drc_opted.rpt -pb mlp_system_wrapper_drc_opted.pb -rpx mlp_system_wrapper_drc_opted.rpx
Command: report_drc -file mlp_system_wrapper_drc_opted.rpt -pb mlp_system_wrapper_drc_opted.pb -rpx mlp_system_wrapper_drc_opted.rpx
INFO: [IP_Flow 19-1839] IP Catalog is up to date.
INFO: [DRC 23-27] Running DRC with 2 threads
INFO: [Vivado_Tcl 2-168] The results of DRC are in file D:/vivado projects/hft/hft.runs/impl_1/mlp_system_wrapper_drc_opted.rpt.
report_drc completed successfully
INFO: [Timing 38-480] Writing timing data to binary archive.
Wrote PlaceDB: Time (s): cpu = 00:00:00 ; elapsed = 00:00:00 . Memory (MB): peak = 2160.969 ; gain = 0.000
Wrote PulsedLatchDB: Time (s): cpu = 00:00:00 ; elapsed = 00:00:00 . Memory (MB): peak = 2160.969 ; gain = 0.000
Writing XDEF routing.
Write ShapeDB Complete: Time (s): cpu = 00:00:00 ; elapsed = 00:00:00.022 . Memory (MB): peak = 2160.969 ; gain = 0.000
Writing XDEF routing logical nets.
Writing XDEF routing special nets.
Wrote RouteStorage: Time (s): cpu = 00:00:00 ; elapsed = 00:00:00.045 . Memory (MB): peak = 2160.969 ; gain = 0.000
Wrote PlaceStorage: Time (s): cpu = 00:00:00 ; elapsed = 00:00:00.017 . Memory (MB): peak = 2160.969 ; gain = 0.000
Wrote Netlist Cache: Time (s): cpu = 00:00:00 ; elapsed = 00:00:00.003 . Memory (MB): peak = 2160.969 ; gain = 0.000
Wrote Device Cache: Time (s): cpu = 00:00:00 ; elapsed = 00:00:00.017 . Memory (MB): peak = 2160.969 ; gain = 0.000
Write Physdb Complete: Time (s): cpu = 00:00:00 ; elapsed = 00:00:00.097 . Memory (MB): peak = 2160.969 ; gain = 0.000
INFO: [Common 17-1381] The checkpoint 'D:/vivado projects/hft/hft.runs/impl_1/mlp_system_wrapper_opt.dcp' has been generated.
Command: place_design
Attempting to get a license for feature 'Implementation' and/or device 'xc7z020'
INFO: [Common 17-349] Got license for feature 'Implementation' and/or device 'xc7z020'
INFO: [Common 17-83] Releasing license: Implementation
INFO: [DRC 23-27] Running DRC with 2 threads
INFO: [Vivado_Tcl 4-198] DRC finished with 0 Errors
INFO: [Vivado_Tcl 4-199] Please refer to the DRC report (report_drc) for more information.
INFO: [Timing 38-35] Done setting XDC timing constraints.
Running DRC as a precondition to command place_design
INFO: [DRC 23-27] Running DRC with 2 threads
INFO: [Vivado_Tcl 4-198] DRC finished with 0 Errors, 8 Warnings
INFO: [Vivado_Tcl 4-199] Please refer to the DRC report (report_drc) for more information.
INFO: [Place 30-611] Multithreading enabled for place_design using a maximum of 2 CPUs

Starting Placer Task

Phase 1 Placer Initialization

Phase 1.1 Placer Initialization Netlist Sorting
Netlist sorting complete. Time (s): cpu = 00:00:01 ; elapsed = 00:00:00.005 . Memory (MB): peak = 2160.969 ; gain = 0.000
Phase 1.1 Placer Initialization Netlist Sorting | Checksum: d1cdcc87

Time (s): cpu = 00:00:01 ; elapsed = 00:00:00.016 . Memory (MB): peak = 2160.969 ; gain = 0.000
Netlist sorting complete. Time (s): cpu = 00:00:00 ; elapsed = 00:00:00.005 . Memory (MB): peak = 2160.969 ; gain = 0.000

Phase 1.2 IO Placement/ Clock Placement/ Build Placer Device
Phase 1.2 IO Placement/ Clock Placement/ Build Placer Device | Checksum: 144c3222c

Time (s): cpu = 00:00:01 ; elapsed = 00:00:00.774 . Memory (MB): peak = 2160.969 ; gain = 0.000

Phase 1.3 Build Placer Netlist Model
Phase 1.3 Build Placer Netlist Model | Checksum: 11b1f7bb5

Time (s): cpu = 00:00:03 ; elapsed = 00:00:03 . Memory (MB): peak = 2160.969 ; gain = 0.000

Phase 1.4 Constrain Clocks/Macros
Phase 1.4 Constrain Clocks/Macros | Checksum: 11b1f7bb5

Time (s): cpu = 00:00:04 ; elapsed = 00:00:03 . Memory (MB): peak = 2160.969 ; gain = 0.000
Phase 1 Placer Initialization | Checksum: 11b1f7bb5

Time (s): cpu = 00:00:04 ; elapsed = 00:00:03 . Memory (MB): peak = 2160.969 ; gain = 0.000

Phase 2 Global Placement

Phase 2.1 Floorplanning
Phase 2.1 Floorplanning | Checksum: 207cea6f0

Time (s): cpu = 00:00:04 ; elapsed = 00:00:03 . Memory (MB): peak = 2160.969 ; gain = 0.000

Phase 2.2 Update Timing before SLR Path Opt
Phase 2.2 Update Timing before SLR Path Opt | Checksum: 142189fec

Time (s): cpu = 00:00:05 ; elapsed = 00:00:04 . Memory (MB): peak = 2160.969 ; gain = 0.000

Phase 2.3 Post-Processing in Floorplanning
Phase 2.3 Post-Processing in Floorplanning | Checksum: 142189fec

Time (s): cpu = 00:00:05 ; elapsed = 00:00:04 . Memory (MB): peak = 2160.969 ; gain = 0.000

Phase 2.4 Global Place Phase1
Phase 2.4 Global Place Phase1 | Checksum: 22e485311

Time (s): cpu = 00:00:11 ; elapsed = 00:00:07 . Memory (MB): peak = 2160.969 ; gain = 0.000

Phase 2.5 Global Place Phase2

Phase 2.5.1 UpdateTiming Before Physical Synthesis
Phase 2.5.1 UpdateTiming Before Physical Synthesis | Checksum: 23463a6f9

Time (s): cpu = 00:00:12 ; elapsed = 00:00:08 . Memory (MB): peak = 2160.969 ; gain = 0.000

Phase 2.5.2 Physical Synthesis In Placer
INFO: [Physopt 32-1035] Found 0 LUTNM shape to break, 254 LUT instances to create LUTNM shape
INFO: [Physopt 32-1044] Break lutnm for timing: one critical 0, two critical 0, total 0, new lutff created 0
INFO: [Physopt 32-1138] End 1 Pass. Optimized 95 nets or LUTs. Breaked 0 LUT, combined 95 existing LUTs and moved 0 existing LUT
INFO: [Physopt 32-65] No nets found for high-fanout optimization.
INFO: [Physopt 32-232] Optimized 0 net. Created 0 new instance.
INFO: [Physopt 32-775] End 1 Pass. Optimized 0 net or cell. Created 0 new cell, deleted 0 existing cell and moved 0 existing cell
INFO: [Physopt 32-456] No candidate cells for DSP register optimization found in the design.
INFO: [Physopt 32-775] End 2 Pass. Optimized 0 net or cell. Created 0 new cell, deleted 0 existing cell and moved 0 existing cell
INFO: [Physopt 32-1123] No candidate cells found for Shift Register to Pipeline optimization
INFO: [Physopt 32-775] End 2 Pass. Optimized 0 net or cell. Created 0 new cell, deleted 0 existing cell and moved 0 existing cell
INFO: [Physopt 32-1401] No candidate cells found for Shift Register optimization.
INFO: [Physopt 32-677] No candidate cells for Shift Register optimization found in the design
INFO: [Physopt 32-775] End 1 Pass. Optimized 0 net or cell. Created 0 new cell, deleted 0 existing cell and moved 0 existing cell
INFO: [Physopt 32-526] No candidate cells for BRAM register optimization found in the design
INFO: [Physopt 32-775] End 1 Pass. Optimized 0 net or cell. Created 0 new cell, deleted 0 existing cell and moved 0 existing cell
INFO: [Physopt 32-846] No candidate cells for URAM register optimization found in the design
INFO: [Physopt 32-775] End 1 Pass. Optimized 0 net or cell. Created 0 new cell, deleted 0 existing cell and moved 0 existing cell
INFO: [Physopt 32-846] No candidate cells for URAM register optimization found in the design
INFO: [Physopt 32-775] End 1 Pass. Optimized 0 net or cell. Created 0 new cell, deleted 0 existing cell and moved 0 existing cell
INFO: [Physopt 32-949] No candidate nets found for dynamic/static region interface net replication
INFO: [Physopt 32-775] End 1 Pass. Optimized 0 net or cell. Created 0 new cell, deleted 0 existing cell and moved 0 existing cell
Netlist sorting complete. Time (s): cpu = 00:00:00 ; elapsed = 00:00:00.003 . Memory (MB): peak = 2160.969 ; gain = 0.000

Summary of Physical Synthesis Optimizations
============================================


-----------------------------------------------------------------------------------------------------------------------------------------------------------
|  Optimization                                     |  Added Cells  |  Removed Cells  |  Optimized Cells/Nets  |  Dont Touch  |  Iterations  |  Elapsed   |
-----------------------------------------------------------------------------------------------------------------------------------------------------------
|  LUT Combining                                    |            0  |             95  |                    95  |           0  |           1  |  00:00:00  |
|  Retime                                           |            0  |              0  |                     0  |           0  |           1  |  00:00:00  |
|  Very High Fanout                                 |            0  |              0  |                     0  |           0  |           1  |  00:00:00  |
|  DSP Register                                     |            0  |              0  |                     0  |           0  |           1  |  00:00:00  |
|  Shift Register to Pipeline                       |            0  |              0  |                     0  |           0  |           1  |  00:00:00  |
|  Shift Register                                   |            0  |              0  |                     0  |           0  |           1  |  00:00:00  |
|  BRAM Register                                    |            0  |              0  |                     0  |           0  |           1  |  00:00:00  |
|  URAM Register                                    |            0  |              0  |                     0  |           0  |           1  |  00:00:00  |
|  Dynamic/Static Region Interface Net Replication  |            0  |              0  |                     0  |           0  |           1  |  00:00:00  |
|  Total                                            |            0  |             95  |                    95  |           0  |           9  |  00:00:00  |
-----------------------------------------------------------------------------------------------------------------------------------------------------------


Phase 2.5.2 Physical Synthesis In Placer | Checksum: 23c75aa64

Time (s): cpu = 00:00:13 ; elapsed = 00:00:09 . Memory (MB): peak = 2160.969 ; gain = 0.000
Phase 2.5 Global Place Phase2 | Checksum: 19501daae

Time (s): cpu = 00:00:13 ; elapsed = 00:00:09 . Memory (MB): peak = 2160.969 ; gain = 0.000
Phase 2 Global Placement | Checksum: 19501daae

Time (s): cpu = 00:00:13 ; elapsed = 00:00:09 . Memory (MB): peak = 2160.969 ; gain = 0.000

Phase 3 Detail Placement

Phase 3.1 Commit Multi Column Macros
Phase 3.1 Commit Multi Column Macros | Checksum: 12c8af2bb

Time (s): cpu = 00:00:14 ; elapsed = 00:00:09 . Memory (MB): peak = 2160.969 ; gain = 0.000

Phase 3.2 Commit Most Macros & LUTRAMs
Phase 3.2 Commit Most Macros & LUTRAMs | Checksum: 209e873ac

Time (s): cpu = 00:00:15 ; elapsed = 00:00:10 . Memory (MB): peak = 2160.969 ; gain = 0.000

Phase 3.3 Area Swap Optimization
Phase 3.3 Area Swap Optimization | Checksum: 28dfa2824

Time (s): cpu = 00:00:15 ; elapsed = 00:00:11 . Memory (MB): peak = 2160.969 ; gain = 0.000

Phase 3.4 Pipeline Register Optimization
Phase 3.4 Pipeline Register Optimization | Checksum: 29354ad08

Time (s): cpu = 00:00:15 ; elapsed = 00:00:11 . Memory (MB): peak = 2160.969 ; gain = 0.000

Phase 3.5 Fast Optimization
Phase 3.5 Fast Optimization | Checksum: 1c09a4cb4

Time (s): cpu = 00:00:17 ; elapsed = 00:00:12 . Memory (MB): peak = 2160.969 ; gain = 0.000

Phase 3.6 Small Shape Detail Placement
Phase 3.6 Small Shape Detail Placement | Checksum: 1993e082e

Time (s): cpu = 00:00:19 ; elapsed = 00:00:14 . Memory (MB): peak = 2160.969 ; gain = 0.000

Phase 3.7 Re-assign LUT pins
Phase 3.7 Re-assign LUT pins | Checksum: 1c87f616a

Time (s): cpu = 00:00:20 ; elapsed = 00:00:14 . Memory (MB): peak = 2160.969 ; gain = 0.000

Phase 3.8 Pipeline Register Optimization
Phase 3.8 Pipeline Register Optimization | Checksum: 222f48e5e

Time (s): cpu = 00:00:20 ; elapsed = 00:00:14 . Memory (MB): peak = 2160.969 ; gain = 0.000

Phase 3.9 Fast Optimization
Phase 3.9 Fast Optimization | Checksum: 16de36816

Time (s): cpu = 00:00:22 ; elapsed = 00:00:16 . Memory (MB): peak = 2160.969 ; gain = 0.000
Phase 3 Detail Placement | Checksum: 16de36816

Time (s): cpu = 00:00:22 ; elapsed = 00:00:16 . Memory (MB): peak = 2160.969 ; gain = 0.000

Phase 4 Post Placement Optimization and Clean-Up

Phase 4.1 Post Commit Optimization
INFO: [Timing 38-35] Done setting XDC timing constraints.

Phase 4.1.1 Post Placement Optimization
Post Placement Optimization Initialization | Checksum: aee82231

Phase 4.1.1.1 BUFG Insertion

Starting Physical Synthesis Task

Phase 1 Physical Synthesis Initialization
INFO: [Physopt 32-721] Multithreading enabled for phys_opt_design using a maximum of 2 CPUs
INFO: [Physopt 32-619] Estimated Timing Summary | WNS=0.006 | TNS=0.000 |
Phase 1 Physical Synthesis Initialization | Checksum: a8a052f6

Time (s): cpu = 00:00:00 ; elapsed = 00:00:00.083 . Memory (MB): peak = 2160.969 ; gain = 0.000
INFO: [Place 46-56] BUFG insertion identified 0 candidate nets. Inserted BUFG: 0, Replicated BUFG Driver: 0, Skipped due to Placement/Routing Conflicts: 0, Skipped due to Timing Degradation: 0, Skipped due to netlist editing failed: 0.
Ending Physical Synthesis Task | Checksum: c45118db

Time (s): cpu = 00:00:00 ; elapsed = 00:00:00.101 . Memory (MB): peak = 2160.969 ; gain = 0.000
Phase 4.1.1.1 BUFG Insertion | Checksum: aee82231

Time (s): cpu = 00:00:24 ; elapsed = 00:00:17 . Memory (MB): peak = 2160.969 ; gain = 0.000

Phase 4.1.1.2 Post Placement Timing Optimization
INFO: [Place 30-746] Post Placement Timing Summary WNS=0.148. For the most accurate timing information please run report_timing.
Phase 4.1.1.2 Post Placement Timing Optimization | Checksum: 1707a73ae

Time (s): cpu = 00:00:41 ; elapsed = 00:00:34 . Memory (MB): peak = 2160.969 ; gain = 0.000

Time (s): cpu = 00:00:41 ; elapsed = 00:00:34 . Memory (MB): peak = 2160.969 ; gain = 0.000
Phase 4.1 Post Commit Optimization | Checksum: 1707a73ae

Time (s): cpu = 00:00:42 ; elapsed = 00:00:34 . Memory (MB): peak = 2160.969 ; gain = 0.000

Phase 4.2 Post Placement Cleanup
Phase 4.2 Post Placement Cleanup | Checksum: 1707a73ae

Time (s): cpu = 00:00:42 ; elapsed = 00:00:34 . Memory (MB): peak = 2160.969 ; gain = 0.000

Phase 4.3 Placer Reporting

Phase 4.3.1 Print Estimated Congestion
INFO: [Place 30-612] Post-Placement Estimated Congestion 
 ____________________________________________________
|           | Global Congestion | Short Congestion  |
| Direction | Region Size       | Region Size       |
|___________|___________________|___________________|
|      North|                1x1|                1x1|
|___________|___________________|___________________|
|      South|                1x1|                1x1|
|___________|___________________|___________________|
|       East|                1x1|                1x1|
|___________|___________________|___________________|
|       West|                1x1|                1x1|
|___________|___________________|___________________|

Phase 4.3.1 Print Estimated Congestion | Checksum: 1707a73ae

Time (s): cpu = 00:00:42 ; elapsed = 00:00:34 . Memory (MB): peak = 2160.969 ; gain = 0.000
Phase 4.3 Placer Reporting | Checksum: 1707a73ae

Time (s): cpu = 00:00:42 ; elapsed = 00:00:34 . Memory (MB): peak = 2160.969 ; gain = 0.000

Phase 4.4 Final Placement Cleanup
Netlist sorting complete. Time (s): cpu = 00:00:00 ; elapsed = 00:00:00.006 . Memory (MB): peak = 2160.969 ; gain = 0.000

Time (s): cpu = 00:00:42 ; elapsed = 00:00:34 . Memory (MB): peak = 2160.969 ; gain = 0.000
Phase 4 Post Placement Optimization and Clean-Up | Checksum: 20c038d49

Time (s): cpu = 00:00:42 ; elapsed = 00:00:34 . Memory (MB): peak = 2160.969 ; gain = 0.000
Ending Placer Task | Checksum: 1a7c160ba

Time (s): cpu = 00:00:42 ; elapsed = 00:00:34 . Memory (MB): peak = 2160.969 ; gain = 0.000
94 Infos, 0 Warnings, 0 Critical Warnings and 0 Errors encountered.
place_design completed successfully
place_design: Time (s): cpu = 00:00:44 ; elapsed = 00:00:37 . Memory (MB): peak = 2160.969 ; gain = 0.000
INFO: [Vivado 12-24838] Running report commands "report_control_sets, report_io, report_utilization" in parallel.
Running report generation with 2 threads.
INFO: [Vivado 12-24828] Executing command : report_utilization -file mlp_system_wrapper_utilization_placed.rpt -pb mlp_system_wrapper_utilization_placed.pb
INFO: [Vivado 12-24828] Executing command : report_control_sets -verbose -file mlp_system_wrapper_control_sets_placed.rpt
report_control_sets: Time (s): cpu = 00:00:00 ; elapsed = 00:00:00.033 . Memory (MB): peak = 2160.969 ; gain = 0.000
INFO: [Vivado 12-24828] Executing command : report_io -file mlp_system_wrapper_io_placed.rpt
report_io: Time (s): cpu = 00:00:00 ; elapsed = 00:00:00.148 . Memory (MB): peak = 2160.969 ; gain = 0.000
INFO: [Timing 38-480] Writing timing data to binary archive.
Wrote PlaceDB: Time (s): cpu = 00:00:00 ; elapsed = 00:00:00 . Memory (MB): peak = 2160.969 ; gain = 0.000
Wrote PulsedLatchDB: Time (s): cpu = 00:00:00 ; elapsed = 00:00:00 . Memory (MB): peak = 2160.969 ; gain = 0.000
Writing XDEF routing.
Write ShapeDB Complete: Time (s): cpu = 00:00:00 ; elapsed = 00:00:00.029 . Memory (MB): peak = 2160.969 ; gain = 0.000
Writing XDEF routing logical nets.
Writing XDEF routing special nets.
Wrote RouteStorage: Time (s): cpu = 00:00:00 ; elapsed = 00:00:00.040 . Memory (MB): peak = 2160.969 ; gain = 0.000
Wrote PlaceStorage: Time (s): cpu = 00:00:01 ; elapsed = 00:00:00.308 . Memory (MB): peak = 2160.969 ; gain = 0.000
Wrote Netlist Cache: Time (s): cpu = 00:00:00 ; elapsed = 00:00:00.012 . Memory (MB): peak = 2160.969 ; gain = 0.000
Wrote Device Cache: Time (s): cpu = 00:00:00 ; elapsed = 00:00:00.012 . Memory (MB): peak = 2160.969 ; gain = 0.000
Write Physdb Complete: Time (s): cpu = 00:00:01 ; elapsed = 00:00:00.387 . Memory (MB): peak = 2160.969 ; gain = 0.000
INFO: [Common 17-1381] The checkpoint 'D:/vivado projects/hft/hft.runs/impl_1/mlp_system_wrapper_placed.dcp' has been generated.
Command: phys_opt_design
Attempting to get a license for feature 'Implementation' and/or device 'xc7z020'
INFO: [Common 17-349] Got license for feature 'Implementation' and/or device 'xc7z020'

Starting Initial Update Timing Task

Time (s): cpu = 00:00:01 ; elapsed = 00:00:00.944 . Memory (MB): peak = 2160.969 ; gain = 0.000
INFO: [Vivado_Tcl 4-2279] Estimated Timing Summary | WNS= 0.148 | TNS= 0.000 | 
INFO: [Vivado_Tcl 4-383] Design worst setup slack (WNS) is greater than or equal to 0.000 ns. All physical synthesis setup optimizations will be skipped.
INFO: [Vivado_Tcl 4-232] No setup violation found. The netlist was not modified.
INFO: [Common 17-83] Releasing license: Implementation
105 Infos, 0 Warnings, 0 Critical Warnings and 0 Errors encountered.
phys_opt_design completed successfully
INFO: [Timing 38-480] Writing timing data to binary archive.
Wrote PlaceDB: Time (s): cpu = 00:00:00 ; elapsed = 00:00:00 . Memory (MB): peak = 2160.969 ; gain = 0.000
Wrote PulsedLatchDB: Time (s): cpu = 00:00:00 ; elapsed = 00:00:00 . Memory (MB): peak = 2160.969 ; gain = 0.000
Writing XDEF routing.
Write ShapeDB Complete: Time (s): cpu = 00:00:00 ; elapsed = 00:00:00.024 . Memory (MB): peak = 2160.969 ; gain = 0.000
Writing XDEF routing logical nets.
Writing XDEF routing special nets.
Wrote RouteStorage: Time (s): cpu = 00:00:01 ; elapsed = 00:00:00.040 . Memory (MB): peak = 2160.969 ; gain = 0.000
Wrote PlaceStorage: Time (s): cpu = 00:00:00 ; elapsed = 00:00:00.275 . Memory (MB): peak = 2160.969 ; gain = 0.000
Wrote Netlist Cache: Time (s): cpu = 00:00:00 ; elapsed = 00:00:00.013 . Memory (MB): peak = 2160.969 ; gain = 0.000
Wrote Device Cache: Time (s): cpu = 00:00:00 ; elapsed = 00:00:00.019 . Memory (MB): peak = 2160.969 ; gain = 0.000
Write Physdb Complete: Time (s): cpu = 00:00:02 ; elapsed = 00:00:00.368 . Memory (MB): peak = 2160.969 ; gain = 0.000
INFO: [Common 17-1381] The checkpoint 'D:/vivado projects/hft/hft.runs/impl_1/mlp_system_wrapper_physopt.dcp' has been generated.
Command: route_design
Attempting to get a license for feature 'Implementation' and/or device 'xc7z020'
INFO: [Common 17-349] Got license for feature 'Implementation' and/or device 'xc7z020'


Starting Routing Task
INFO: [Route 35-254] Multithreading enabled for route_design using a maximum of 2 CPUs

Phase 1 Build RT Design
Checksum: PlaceDB: aacdf8e8 ConstDB: 0 ShapeSum: e6f9f4e2 RouteDB: 15f972f0
Post Restoration Checksum: NetGraph: bc029575 | NumContArr: 9123f9bc | Constraints: c2a8fa9d | Timing: c2a8fa9d
Phase 1 Build RT Design | Checksum: 2d278846b

Time (s): cpu = 00:00:29 ; elapsed = 00:00:26 . Memory (MB): peak = 2160.969 ; gain = 0.000

Phase 2 Router Initialization

Phase 2.1 Fix Topology Constraints
Phase 2.1 Fix Topology Constraints | Checksum: 2d278846b

Time (s): cpu = 00:00:29 ; elapsed = 00:00:26 . Memory (MB): peak = 2160.969 ; gain = 0.000

Phase 2.2 Pre Route Cleanup
Phase 2.2 Pre Route Cleanup | Checksum: 2d278846b

Time (s): cpu = 00:00:29 ; elapsed = 00:00:26 . Memory (MB): peak = 2160.969 ; gain = 0.000
 Number of Nodes with overlaps = 0

Phase 2.3 Update Timing
Phase 2.3 Update Timing | Checksum: 286f7556a

Time (s): cpu = 00:00:31 ; elapsed = 00:00:27 . Memory (MB): peak = 2160.969 ; gain = 0.000
INFO: [Route 35-416] Intermediate Timing Summary | WNS=0.033  | TNS=0.000  | WHS=-0.164 | THS=-41.932|


Phase 2.4 Soft Constraint Pins - Fast Budgeting
Phase 2.4 Soft Constraint Pins - Fast Budgeting | Checksum: 2511a72e2

Time (s): cpu = 00:00:32 ; elapsed = 00:00:27 . Memory (MB): peak = 2160.969 ; gain = 0.000

Router Utilization Summary
  Global Vertical Routing Utilization    = 0 %
  Global Horizontal Routing Utilization  = 0 %
  Routable Net Status*
  *Does not include unroutable nets such as driverless and loadless.
  Run report_route_status for detailed report.
  Number of Failed Nets               = 3899
    (Failed Nets is the sum of unrouted and partially routed nets)
  Number of Unrouted Nets             = 3899
  Number of Partially Routed Nets     = 0
  Number of Node Overlaps             = 0

Phase 2 Router Initialization | Checksum: 1d1115dee

Time (s): cpu = 00:00:32 ; elapsed = 00:00:28 . Memory (MB): peak = 2160.969 ; gain = 0.000

Phase 3 Global Routing
Phase 3 Global Routing | Checksum: 1d1115dee

Time (s): cpu = 00:00:32 ; elapsed = 00:00:28 . Memory (MB): peak = 2160.969 ; gain = 0.000

Phase 4 Initial Routing

Phase 4.1 Initial Net Routing Pass
Phase 4.1 Initial Net Routing Pass | Checksum: 194856418

Time (s): cpu = 00:00:33 ; elapsed = 00:00:28 . Memory (MB): peak = 2160.969 ; gain = 0.000
Phase 4 Initial Routing | Checksum: 194856418

Time (s): cpu = 00:00:33 ; elapsed = 00:00:28 . Memory (MB): peak = 2160.969 ; gain = 0.000

Phase 5 Rip-up And Reroute

Phase 5.1 Global Iteration 0
 Number of Nodes with overlaps = 545
 Number of Nodes with overlaps = 92
 Number of Nodes with overlaps = 27
 Number of Nodes with overlaps = 10
 Number of Nodes with overlaps = 9
 Number of Nodes with overlaps = 2
 Number of Nodes with overlaps = 1
 Number of Nodes with overlaps = 0
INFO: [Route 35-416] Intermediate Timing Summary | WNS=0.075  | TNS=0.000  | WHS=N/A    | THS=N/A    |

Phase 5.1 Global Iteration 0 | Checksum: 26e0eb179

Time (s): cpu = 00:00:37 ; elapsed = 00:00:31 . Memory (MB): peak = 2160.969 ; gain = 0.000

Phase 5.2 Global Iteration 1
 Number of Nodes with overlaps = 0
INFO: [Route 35-416] Intermediate Timing Summary | WNS=0.075  | TNS=0.000  | WHS=N/A    | THS=N/A    |

Phase 5.2 Global Iteration 1 | Checksum: 22b383d47

Time (s): cpu = 00:00:37 ; elapsed = 00:00:31 . Memory (MB): peak = 2160.969 ; gain = 0.000
Phase 5 Rip-up And Reroute | Checksum: 22b383d47

Time (s): cpu = 00:00:37 ; elapsed = 00:00:31 . Memory (MB): peak = 2160.969 ; gain = 0.000

Phase 6 Delay and Skew Optimization

Phase 6.1 Delay CleanUp

Phase 6.1.1 Update Timing
Phase 6.1.1 Update Timing | Checksum: 242bae936

Time (s): cpu = 00:00:37 ; elapsed = 00:00:32 . Memory (MB): peak = 2160.969 ; gain = 0.000
INFO: [Route 35-416] Intermediate Timing Summary | WNS=0.190  | TNS=0.000  | WHS=N/A    | THS=N/A    |

Phase 6.1 Delay CleanUp | Checksum: 242bae936

Time (s): cpu = 00:00:37 ; elapsed = 00:00:32 . Memory (MB): peak = 2160.969 ; gain = 0.000

Phase 6.2 Clock Skew Optimization
Phase 6.2 Clock Skew Optimization | Checksum: 242bae936

Time (s): cpu = 00:00:37 ; elapsed = 00:00:32 . Memory (MB): peak = 2160.969 ; gain = 0.000
Phase 6 Delay and Skew Optimization | Checksum: 242bae936

Time (s): cpu = 00:00:37 ; elapsed = 00:00:32 . Memory (MB): peak = 2160.969 ; gain = 0.000

Phase 7 Post Hold Fix

Phase 7.1 Hold Fix Iter
INFO: [Route 35-416] Intermediate Timing Summary | WNS=0.190  | TNS=0.000  | WHS=0.062  | THS=0.000  |

Phase 7.1 Hold Fix Iter | Checksum: 26058ddd6

Time (s): cpu = 00:00:37 ; elapsed = 00:00:32 . Memory (MB): peak = 2160.969 ; gain = 0.000
Phase 7 Post Hold Fix | Checksum: 26058ddd6

Time (s): cpu = 00:00:37 ; elapsed = 00:00:32 . Memory (MB): peak = 2160.969 ; gain = 0.000

Phase 8 Route finalize

Router Utilization Summary
  Global Vertical Routing Utilization    = 0.665838 %
  Global Horizontal Routing Utilization  = 0.736477 %
  Routable Net Status*
  *Does not include unroutable nets such as driverless and loadless.
  Run report_route_status for detailed report.
  Number of Failed Nets               = 0
    (Failed Nets is the sum of unrouted and partially routed nets)
  Number of Unrouted Nets             = 0
  Number of Partially Routed Nets     = 0
  Number of Node Overlaps             = 0

Phase 8 Route finalize | Checksum: 26058ddd6

Time (s): cpu = 00:00:37 ; elapsed = 00:00:32 . Memory (MB): peak = 2160.969 ; gain = 0.000

Phase 9 Verifying routed nets

 Verification completed successfully
Phase 9 Verifying routed nets | Checksum: 26058ddd6

Time (s): cpu = 00:00:37 ; elapsed = 00:00:32 . Memory (MB): peak = 2160.969 ; gain = 0.000

Phase 10 Depositing Routes
Phase 10 Depositing Routes | Checksum: 1f9f1735d

Time (s): cpu = 00:00:38 ; elapsed = 00:00:32 . Memory (MB): peak = 2160.969 ; gain = 0.000

Phase 11 Post Process Routing
Phase 11 Post Process Routing | Checksum: 1f9f1735d

Time (s): cpu = 00:00:38 ; elapsed = 00:00:32 . Memory (MB): peak = 2160.969 ; gain = 0.000

Phase 12 Post Router Timing
INFO: [Route 35-57] Estimated Timing Summary | WNS=0.190  | TNS=0.000  | WHS=0.062  | THS=0.000  |

INFO: [Route 35-327] The final timing numbers are based on the router estimated timing analysis. For a complete and accurate timing signoff, please run report_timing_summary.
Phase 12 Post Router Timing | Checksum: 1f9f1735d

Time (s): cpu = 00:00:38 ; elapsed = 00:00:32 . Memory (MB): peak = 2160.969 ; gain = 0.000
Total Elapsed time in route_design: 32.384 secs

Phase 13 Post-Route Event Processing
Phase 13 Post-Route Event Processing | Checksum: 1c992b2bd

Time (s): cpu = 00:00:38 ; elapsed = 00:00:32 . Memory (MB): peak = 2160.969 ; gain = 0.000
INFO: [Route 35-16] Router Completed Successfully
Ending Routing Task | Checksum: 1c992b2bd

Time (s): cpu = 00:00:38 ; elapsed = 00:00:32 . Memory (MB): peak = 2160.969 ; gain = 0.000

Routing Is Done.
INFO: [Common 17-83] Releasing license: Implementation
118 Infos, 0 Warnings, 0 Critical Warnings and 0 Errors encountered.
route_design completed successfully
route_design: Time (s): cpu = 00:00:38 ; elapsed = 00:00:32 . Memory (MB): peak = 2160.969 ; gain = 0.000
INFO: [Vivado 12-24828] Executing command : report_drc -file mlp_system_wrapper_drc_routed.rpt -pb mlp_system_wrapper_drc_routed.pb -rpx mlp_system_wrapper_drc_routed.rpx
Command: report_drc -file mlp_system_wrapper_drc_routed.rpt -pb mlp_system_wrapper_drc_routed.pb -rpx mlp_system_wrapper_drc_routed.rpx
INFO: [IP_Flow 19-1839] IP Catalog is up to date.
INFO: [DRC 23-27] Running DRC with 2 threads
INFO: [Vivado_Tcl 2-168] The results of DRC are in file D:/vivado projects/hft/hft.runs/impl_1/mlp_system_wrapper_drc_routed.rpt.
report_drc completed successfully
INFO: [Vivado 12-24828] Executing command : report_methodology -file mlp_system_wrapper_methodology_drc_routed.rpt -pb mlp_system_wrapper_methodology_drc_routed.pb -rpx mlp_system_wrapper_methodology_drc_routed.rpx
Command: report_methodology -file mlp_system_wrapper_methodology_drc_routed.rpt -pb mlp_system_wrapper_methodology_drc_routed.pb -rpx mlp_system_wrapper_methodology_drc_routed.rpx
INFO: [Timing 38-35] Done setting XDC timing constraints.
INFO: [DRC 23-133] Running Methodology with 2 threads
INFO: [Vivado_Tcl 2-1520] The results of Report Methodology are in file D:/vivado projects/hft/hft.runs/impl_1/mlp_system_wrapper_methodology_drc_routed.rpt.
report_methodology completed successfully
INFO: [Vivado 12-24828] Executing command : report_timing_summary -max_paths 10 -routable_nets -report_unconstrained -file mlp_system_wrapper_timing_summary_routed.rpt -pb mlp_system_wrapper_timing_summary_routed.pb -rpx mlp_system_wrapper_timing_summary_routed.rpx -warn_on_violation 
INFO: [Timing 38-35] Done setting XDC timing constraints.
INFO: [Timing 38-91] UpdateTimingParams: Speed grade: -1, Delay Type: min_max.
INFO: [Timing 38-191] Multithreading enabled for timing update using a maximum of 2 CPUs
INFO: [Vivado 12-24838] Running report commands "report_incremental_reuse, report_route_status" in parallel.
Running report generation with 2 threads.
INFO: [Vivado 12-24828] Executing command : report_incremental_reuse -file mlp_system_wrapper_incremental_reuse_routed.rpt
INFO: [Vivado_Tcl 4-1062] Incremental flow is disabled. No incremental reuse Info to report.
INFO: [Vivado 12-24828] Executing command : report_route_status -file mlp_system_wrapper_route_status.rpt -pb mlp_system_wrapper_route_status.pb
INFO: [Vivado 12-24828] Executing command : report_power -file mlp_system_wrapper_power_routed.rpt -pb mlp_system_wrapper_power_summary_routed.pb -rpx mlp_system_wrapper_power_routed.rpx
Command: report_power -file mlp_system_wrapper_power_routed.rpt -pb mlp_system_wrapper_power_summary_routed.pb -rpx mlp_system_wrapper_power_routed.rpx
Running Vector-less Activity Propagation...

Finished Running Vector-less Activity Propagation
135 Infos, 0 Warnings, 0 Critical Warnings and 0 Errors encountered.
report_power completed successfully
INFO: [Vivado 12-24828] Executing command : report_clock_utilization -file mlp_system_wrapper_clock_utilization_routed.rpt
INFO: [Vivado 12-24828] Executing command : report_bus_skew -warn_on_violation -file mlp_system_wrapper_bus_skew_routed.rpt -pb mlp_system_wrapper_bus_skew_routed.pb -rpx mlp_system_wrapper_bus_skew_routed.rpx
INFO: [Timing 38-91] UpdateTimingParams: Speed grade: -1, Delay Type: min_max.
INFO: [Timing 38-191] Multithreading enabled for timing update using a maximum of 2 CPUs
generate_parallel_reports: Time (s): cpu = 00:00:10 ; elapsed = 00:00:07 . Memory (MB): peak = 2160.969 ; gain = 0.000
INFO: [Timing 38-480] Writing timing data to binary archive.
Wrote PlaceDB: Time (s): cpu = 00:00:00 ; elapsed = 00:00:00 . Memory (MB): peak = 2160.969 ; gain = 0.000
Wrote PulsedLatchDB: Time (s): cpu = 00:00:00 ; elapsed = 00:00:00 . Memory (MB): peak = 2160.969 ; gain = 0.000
Writing XDEF routing.
Write ShapeDB Complete: Time (s): cpu = 00:00:00 ; elapsed = 00:00:00.028 . Memory (MB): peak = 2160.969 ; gain = 0.000
Writing XDEF routing logical nets.
Writing XDEF routing special nets.
Wrote RouteStorage: Time (s): cpu = 00:00:00 ; elapsed = 00:00:00.090 . Memory (MB): peak = 2160.969 ; gain = 0.000
Wrote PlaceStorage: Time (s): cpu = 00:00:01 ; elapsed = 00:00:00.272 . Memory (MB): peak = 2160.969 ; gain = 0.000
Wrote Netlist Cache: Time (s): cpu = 00:00:00 ; elapsed = 00:00:00.007 . Memory (MB): peak = 2160.969 ; gain = 0.000
Wrote Device Cache: Time (s): cpu = 00:00:00 ; elapsed = 00:00:00.012 . Memory (MB): peak = 2160.969 ; gain = 0.000
Write Physdb Complete: Time (s): cpu = 00:00:01 ; elapsed = 00:00:00.392 . Memory (MB): peak = 2160.969 ; gain = 0.000
INFO: [Common 17-1381] The checkpoint 'D:/vivado projects/hft/hft.runs/impl_1/mlp_system_wrapper_routed.dcp' has been generated.
INFO: [Common 17-206] Exiting Vivado at Sun Apr  5 22:07:38 2026...

*** Running vivado
    with args -log mlp_system_wrapper.vdi -applog -m64 -product Vivado -messageDb vivado.pb -mode batch -source mlp_system_wrapper.tcl -notrace



****** Vivado v2025.2 (64-bit)
  **** SW Build 6299465 on Fri Nov 14 19:35:11 GMT 2025
  **** IP Build 6300035 on Fri Nov 14 10:48:45 MST 2025
  **** SharedData Build 6298862 on Thu Nov 13 04:50:51 MST 2025
  **** Start of session at: Sun Apr  5 22:09:42 2026
    ** Copyright 1986-2022 Xilinx, Inc. All Rights Reserved.
    ** Copyright 2022-2025 Advanced Micro Devices, Inc. All Rights Reserved.

source mlp_system_wrapper.tcl -notrace
Command: open_checkpoint mlp_system_wrapper_routed.dcp
INFO: [Device 21-403] Loading part xc7z020clg484-1
Netlist sorting complete. Time (s): cpu = 00:00:00 ; elapsed = 00:00:00.258 . Memory (MB): peak = 924.961 ; gain = 0.000
INFO: [Netlist 29-17] Analyzing 503 Unisim elements for replacement
INFO: [Netlist 29-28] Unisim Transformation completed in 0 CPU seconds
INFO: [Project 1-479] Netlist was created with Vivado 2025.2
INFO: [Project 1-570] Preparing netlist for logic optimization
Read ShapeDB Complete: Time (s): cpu = 00:00:00 ; elapsed = 00:00:00.024 . Memory (MB): peak = 1040.523 ; gain = 1.676
INFO: [Timing 38-478] Restoring timing data from binary archive.
INFO: [Timing 38-479] Binary timing data restore complete.
INFO: [Project 1-856] Restoring constraints from binary archive.
INFO: [Project 1-853] Binary constraint restore complete.
INFO: [Designutils 20-5722] Start Reading Physical Databases.
Reading placement.
Read Netlist Cache: Time (s): cpu = 00:00:00 ; elapsed = 00:00:00.008 . Memory (MB): peak = 1587.754 ; gain = 0.000
Reading placer database...
Read Device Cache: Time (s): cpu = 00:00:00 ; elapsed = 00:00:00.017 . Memory (MB): peak = 1587.754 ; gain = 0.000
Read PlaceDB: Time (s): cpu = 00:00:00 ; elapsed = 00:00:00.001 . Memory (MB): peak = 1587.754 ; gain = 0.000
Read placeStorage: Time (s): cpu = 00:00:00 ; elapsed = 00:00:00.186 . Memory (MB): peak = 1587.754 ; gain = 0.000
Read PulsedLatchDB: Time (s): cpu = 00:00:00 ; elapsed = 00:00:00 . Memory (MB): peak = 1587.754 ; gain = 0.000
Reading routing.
Read RouteStorage: Time (s): cpu = 00:00:00 ; elapsed = 00:00:00.063 . Memory (MB): peak = 1587.754 ; gain = 0.000
Read Physdb Files: Time (s): cpu = 00:00:01 ; elapsed = 00:00:00.291 . Memory (MB): peak = 1587.754 ; gain = 0.000
Restored from archive | CPU: 1.000000 secs | Memory: 0.000000 MB |
Finished XDEF File Restore: Time (s): cpu = 00:00:01 ; elapsed = 00:00:00.348 . Memory (MB): peak = 1587.754 ; gain = 2.586
Netlist sorting complete. Time (s): cpu = 00:00:00 ; elapsed = 00:00:00.003 . Memory (MB): peak = 1587.754 ; gain = 0.000
INFO: [Project 1-111] Unisim Transformation Summary:
  A total of 1 instances were transformed.
  RAM32X1D => RAM32X1D (RAMD32(x2)): 1 instance 

INFO: [Project 1-604] Checkpoint was created with Vivado v2025.2 (64-bit) build 6299465
open_checkpoint: Time (s): cpu = 00:00:23 ; elapsed = 00:00:21 . Memory (MB): peak = 1587.754 ; gain = 1146.594
INFO: [Memdata 28-208] The XPM instance: <mlp_system_i/axi_dma_0/U0/I_PRMRY_DATAMOVER/GEN_MM2S_FULL.I_MM2S_FULL_WRAPPER/GEN_INCLUDE_MM2S_SF.I_RD_SF/I_DATA_FIFO/BLK_MEM.I_SYNC_FIFOGEN_FIFO/xpm_fifo_base_inst/gen_sdpram.xpm_memory_base_inst> is part of IP: <mlp_system_i/axi_dma_0>. This XPM instance will be excluded from the .mmi because updatemem is prohibited from making changes to an XPM that is part of an IP.
Command: write_bitstream -force mlp_system_wrapper.bit
Attempting to get a license for feature 'Implementation' and/or device 'xc7z020'
INFO: [Common 17-349] Got license for feature 'Implementation' and/or device 'xc7z020'
Running DRC as a precondition to command write_bitstream
INFO: [IP_Flow 19-234] Refreshing IP repositories
INFO: [IP_Flow 19-1704] No user IP repositories specified
INFO: [IP_Flow 19-2313] Loaded Vivado IP repository 'D:/AMDDesignTools/2025.2/Vivado/data/ip'.
INFO: [DRC 23-27] Running DRC with 2 threads
INFO: [Vivado 12-3199] DRC finished with 0 Errors
INFO: [Vivado 12-3200] Please refer to the DRC report (report_drc) for more information.
Integrating Hard IP ELF/MEM with the PDI.
INFO: [Designutils 20-2272] Running write_bitstream with 2 threads.
Loading data files...
Loading site data...
Loading route data...
Processing options...
Creating bitmap...
Creating bitstream...
Writing bitstream ./mlp_system_wrapper.bit...
INFO: [Vivado 12-1842] Bitgen Completed Successfully.
INFO: [Common 17-83] Releasing license: Implementation
23 Infos, 0 Warnings, 0 Critical Warnings and 0 Errors encountered.
write_bitstream completed successfully
write_bitstream: Time (s): cpu = 00:00:18 ; elapsed = 00:00:15 . Memory (MB): peak = 2135.270 ; gain = 535.941
INFO: [Common 17-206] Exiting Vivado at Sun Apr  5 22:10:24 2026...
