
*** Running vivado
    with args -log mlp_system_wrapper.vds -m64 -product Vivado -mode batch -messageDb vivado.pb -notrace -source mlp_system_wrapper.tcl



****** Vivado v2025.2 (64-bit)
  **** SW Build 6299465 on Fri Nov 14 19:35:11 GMT 2025
  **** IP Build 6300035 on Fri Nov 14 10:48:45 MST 2025
  **** SharedData Build 6298862 on Thu Nov 13 04:50:51 MST 2025
  **** Start of session at: Mon Mar 16 20:53:24 2026
    ** Copyright 1986-2022 Xilinx, Inc. All Rights Reserved.
    ** Copyright 2022-2025 Advanced Micro Devices, Inc. All Rights Reserved.

source mlp_system_wrapper.tcl -notrace
create_project: Time (s): cpu = 00:00:12 ; elapsed = 00:00:08 . Memory (MB): peak = 661.816 ; gain = 218.852
INFO: [IP_Flow 19-234] Refreshing IP repositories
INFO: [IP_Flow 19-1704] No user IP repositories specified
INFO: [IP_Flow 19-2313] Loaded Vivado IP repository 'D:/AMDDesignTools/2025.2/Vivado/data/ip'.
Command: read_checkpoint -auto_incremental -incremental {D:/vivado projects/hft/hft.srcs/utils_1/imports/synth_1/mlp_axi_wrapper.dcp}
INFO: [Vivado 12-5825] Read reference checkpoint from D:/vivado projects/hft/hft.srcs/utils_1/imports/synth_1/mlp_axi_wrapper.dcp for incremental synthesis
INFO: [Vivado 12-7989] Please ensure there are no constraint changes
Command: synth_design -top mlp_system_wrapper -part xc7z020clg484-1
Starting synth_design
Attempting to get a license for feature 'Synthesis' and/or device 'xc7z020'
INFO: [Common 17-349] Got license for feature 'Synthesis' and/or device 'xc7z020'
INFO: [Device 21-403] Loading part xc7z020clg484-1
INFO: [Designutils 20-5440] No compile time benefit to using incremental synthesis; A full resynthesis will be run
INFO: [Designutils 20-4379] Flow is switching to default flow due to incremental criteria not met. If you would like to alter this behaviour and have the flow terminate instead, please set the following parameter config_implementation {autoIncr.Synth.RejectBehavior Terminate}
INFO: [Synth 8-7079] Multithreading enabled for synth_design using a maximum of 2 processes.
INFO: [Synth 8-7078] Launching helper process for spawning children vivado processes
INFO: [Synth 8-7075] Helper process launched with PID 12080
---------------------------------------------------------------------------------
Starting RTL Elaboration : Time (s): cpu = 00:00:07 ; elapsed = 00:00:07 . Memory (MB): peak = 1476.586 ; gain = 541.578
---------------------------------------------------------------------------------
INFO: [Synth 8-638] synthesizing module 'mlp_system_wrapper' [D:/vivado projects/hft/hft.gen/sources_1/bd/mlp_system/hdl/mlp_system_wrapper.vhd:42]
INFO: [Synth 8-3491] module 'mlp_system' declared at 'd:/vivado projects/hft/hft.gen/sources_1/bd/mlp_system/synth/mlp_system.vhd:15' bound to instance 'mlp_system_i' of component 'mlp_system' [D:/vivado projects/hft/hft.gen/sources_1/bd/mlp_system/hdl/mlp_system_wrapper.vhd:70]
INFO: [Synth 8-638] synthesizing module 'mlp_system' [d:/vivado projects/hft/hft.gen/sources_1/bd/mlp_system/synth/mlp_system.vhd:46]
INFO: [Synth 8-3491] module 'mlp_system_axi_smc_0' declared at 'D:/vivado projects/hft/hft.runs/synth_1/.Xil/Vivado-3176-Batu/realtime/mlp_system_axi_smc_0_stub.vhdl:6' bound to instance 'axi_smc' of component 'mlp_system_axi_smc_0' [d:/vivado projects/hft/hft.gen/sources_1/bd/mlp_system/synth/mlp_system.vhd:320]
INFO: [Synth 8-638] synthesizing module 'mlp_system_axi_smc_0' [D:/vivado projects/hft/hft.runs/synth_1/.Xil/Vivado-3176-Batu/realtime/mlp_system_axi_smc_0_stub.vhdl:77]
INFO: [Synth 8-3491] module 'mlp_system_mlp_axi_wrapper_0_0' declared at 'D:/vivado projects/hft/hft.runs/synth_1/.Xil/Vivado-3176-Batu/realtime/mlp_system_mlp_axi_wrapper_0_0_stub.vhdl:6' bound to instance 'mlp_axi_wrapper_0' of component 'mlp_system_mlp_axi_wrapper_0_0' [d:/vivado projects/hft/hft.gen/sources_1/bd/mlp_system/synth/mlp_system.vhd:382]
INFO: [Synth 8-638] synthesizing module 'mlp_system_mlp_axi_wrapper_0_0' [D:/vivado projects/hft/hft.runs/synth_1/.Xil/Vivado-3176-Batu/realtime/mlp_system_mlp_axi_wrapper_0_0_stub.vhdl:42]
INFO: [Synth 8-3491] module 'mlp_system_processing_system7_0_0' declared at 'D:/vivado projects/hft/hft.runs/synth_1/.Xil/Vivado-3176-Batu/realtime/mlp_system_processing_system7_0_0_stub.vhdl:6' bound to instance 'processing_system7_0' of component 'mlp_system_processing_system7_0_0' [d:/vivado projects/hft/hft.gen/sources_1/bd/mlp_system/synth/mlp_system.vhd:407]
INFO: [Synth 8-638] synthesizing module 'mlp_system_processing_system7_0_0' [D:/vivado projects/hft/hft.runs/synth_1/.Xil/Vivado-3176-Batu/realtime/mlp_system_processing_system7_0_0_stub.vhdl:86]
INFO: [Synth 8-3491] module 'mlp_system_rst_ps7_0_100M_0' declared at 'D:/vivado projects/hft/hft.runs/synth_1/.Xil/Vivado-3176-Batu/realtime/mlp_system_rst_ps7_0_100M_0_stub.vhdl:6' bound to instance 'rst_ps7_0_100M' of component 'mlp_system_rst_ps7_0_100M_0' [d:/vivado projects/hft/hft.gen/sources_1/bd/mlp_system/synth/mlp_system.vhd:478]
INFO: [Synth 8-638] synthesizing module 'mlp_system_rst_ps7_0_100M_0' [D:/vivado projects/hft/hft.runs/synth_1/.Xil/Vivado-3176-Batu/realtime/mlp_system_rst_ps7_0_100M_0_stub.vhdl:28]
INFO: [Synth 8-256] done synthesizing module 'mlp_system' (0#1) [d:/vivado projects/hft/hft.gen/sources_1/bd/mlp_system/synth/mlp_system.vhd:46]
INFO: [Synth 8-256] done synthesizing module 'mlp_system_wrapper' (0#1) [D:/vivado projects/hft/hft.gen/sources_1/bd/mlp_system/hdl/mlp_system_wrapper.vhd:42]
---------------------------------------------------------------------------------
Finished RTL Elaboration : Time (s): cpu = 00:00:09 ; elapsed = 00:00:09 . Memory (MB): peak = 1602.695 ; gain = 667.688
---------------------------------------------------------------------------------
---------------------------------------------------------------------------------
Start Handling Custom Attributes
---------------------------------------------------------------------------------
---------------------------------------------------------------------------------
Finished Handling Custom Attributes : Time (s): cpu = 00:00:09 ; elapsed = 00:00:09 . Memory (MB): peak = 1602.695 ; gain = 667.688
---------------------------------------------------------------------------------
---------------------------------------------------------------------------------
Finished RTL Optimization Phase 1 : Time (s): cpu = 00:00:09 ; elapsed = 00:00:09 . Memory (MB): peak = 1602.695 ; gain = 667.688
---------------------------------------------------------------------------------
Netlist sorting complete. Time (s): cpu = 00:00:00 ; elapsed = 00:00:00.008 . Memory (MB): peak = 1602.695 ; gain = 0.000
INFO: [Project 1-570] Preparing netlist for logic optimization

Processing XDC Constraints
Initializing timing engine
Parsing XDC File [d:/vivado projects/hft/hft.gen/sources_1/bd/mlp_system/ip/mlp_system_processing_system7_0_0/mlp_system_processing_system7_0_0/mlp_system_processing_system7_0_0_in_context.xdc] for cell 'mlp_system_i/processing_system7_0'
Finished Parsing XDC File [d:/vivado projects/hft/hft.gen/sources_1/bd/mlp_system/ip/mlp_system_processing_system7_0_0/mlp_system_processing_system7_0_0/mlp_system_processing_system7_0_0_in_context.xdc] for cell 'mlp_system_i/processing_system7_0'
Parsing XDC File [d:/vivado projects/hft/hft.gen/sources_1/bd/mlp_system/ip/mlp_system_mlp_axi_wrapper_0_0/mlp_system_mlp_axi_wrapper_0_0/mlp_system_mlp_axi_wrapper_0_0_in_context.xdc] for cell 'mlp_system_i/mlp_axi_wrapper_0'
Finished Parsing XDC File [d:/vivado projects/hft/hft.gen/sources_1/bd/mlp_system/ip/mlp_system_mlp_axi_wrapper_0_0/mlp_system_mlp_axi_wrapper_0_0/mlp_system_mlp_axi_wrapper_0_0_in_context.xdc] for cell 'mlp_system_i/mlp_axi_wrapper_0'
Parsing XDC File [d:/vivado projects/hft/hft.gen/sources_1/bd/mlp_system/ip/mlp_system_axi_smc_0/mlp_system_axi_smc_0/mlp_system_axi_smc_0_in_context.xdc] for cell 'mlp_system_i/axi_smc'
Finished Parsing XDC File [d:/vivado projects/hft/hft.gen/sources_1/bd/mlp_system/ip/mlp_system_axi_smc_0/mlp_system_axi_smc_0/mlp_system_axi_smc_0_in_context.xdc] for cell 'mlp_system_i/axi_smc'
Parsing XDC File [d:/vivado projects/hft/hft.gen/sources_1/bd/mlp_system/ip/mlp_system_rst_ps7_0_100M_0/mlp_system_rst_ps7_0_100M_0/mlp_system_rst_ps7_0_100M_0_in_context.xdc] for cell 'mlp_system_i/rst_ps7_0_100M'
Finished Parsing XDC File [d:/vivado projects/hft/hft.gen/sources_1/bd/mlp_system/ip/mlp_system_rst_ps7_0_100M_0/mlp_system_rst_ps7_0_100M_0/mlp_system_rst_ps7_0_100M_0_in_context.xdc] for cell 'mlp_system_i/rst_ps7_0_100M'
Parsing XDC File [D:/vivado projects/hft/hft.srcs/constrs_1/new/top.xdc]
Finished Parsing XDC File [D:/vivado projects/hft/hft.srcs/constrs_1/new/top.xdc]
Parsing XDC File [D:/vivado projects/hft/hft.srcs/constrs_1/new/zedboard_mlp.xdc]
Finished Parsing XDC File [D:/vivado projects/hft/hft.srcs/constrs_1/new/zedboard_mlp.xdc]
INFO: [Project 1-236] Implementation specific constraints were found while reading constraint file [D:/vivado projects/hft/hft.srcs/constrs_1/new/zedboard_mlp.xdc]. These constraints will be ignored for synthesis but will be used in implementation. Impacted constraints are listed in the file [.Xil/mlp_system_wrapper_propImpl.xdc].
Resolution: To avoid this warning, move constraints listed in [.Xil/mlp_system_wrapper_propImpl.xdc] to another XDC file and exclude this new file from synthesis with the used_in_synthesis property (File Properties dialog in GUI) and re-run elaboration/synthesis.
Parsing XDC File [D:/vivado projects/hft/hft.runs/synth_1/dont_touch.xdc]
Finished Parsing XDC File [D:/vivado projects/hft/hft.runs/synth_1/dont_touch.xdc]
Completed Processing XDC Constraints

Netlist sorting complete. Time (s): cpu = 00:00:00 ; elapsed = 00:00:00 . Memory (MB): peak = 1602.695 ; gain = 0.000
INFO: [Project 1-111] Unisim Transformation Summary:
No Unisim elements were transformed.

Constraint Validation Runtime : Time (s): cpu = 00:00:00 ; elapsed = 00:00:00.010 . Memory (MB): peak = 1602.695 ; gain = 0.000
INFO: [Designutils 20-5440] No compile time benefit to using incremental synthesis; A full resynthesis will be run
INFO: [Designutils 20-4379] Flow is switching to default flow due to incremental criteria not met. If you would like to alter this behaviour and have the flow terminate instead, please set the following parameter config_implementation {autoIncr.Synth.RejectBehavior Terminate}
---------------------------------------------------------------------------------
Finished Constraint Validation : Time (s): cpu = 00:00:18 ; elapsed = 00:00:19 . Memory (MB): peak = 1602.695 ; gain = 667.688
---------------------------------------------------------------------------------
---------------------------------------------------------------------------------
Start Loading Part and Timing Information
---------------------------------------------------------------------------------
Loading part: xc7z020clg484-1
---------------------------------------------------------------------------------
Finished Loading Part and Timing Information : Time (s): cpu = 00:00:18 ; elapsed = 00:00:19 . Memory (MB): peak = 1602.695 ; gain = 667.688
---------------------------------------------------------------------------------
---------------------------------------------------------------------------------
Start Applying 'set_property' XDC Constraints
---------------------------------------------------------------------------------
---------------------------------------------------------------------------------
Finished applying 'set_property' XDC Constraints : Time (s): cpu = 00:00:18 ; elapsed = 00:00:20 . Memory (MB): peak = 1602.695 ; gain = 667.688
---------------------------------------------------------------------------------
---------------------------------------------------------------------------------
Finished RTL Optimization Phase 2 : Time (s): cpu = 00:00:18 ; elapsed = 00:00:20 . Memory (MB): peak = 1602.695 ; gain = 667.688
---------------------------------------------------------------------------------
---------------------------------------------------------------------------------
Start RTL Component Statistics 
---------------------------------------------------------------------------------
Detailed RTL Component Info : 
---------------------------------------------------------------------------------
Finished RTL Component Statistics 
---------------------------------------------------------------------------------
---------------------------------------------------------------------------------
Start Part Resource Summary
---------------------------------------------------------------------------------
Part Resources:
DSPs: 220 (col length:60)
BRAMs: 280 (col length: RAMB18 60 RAMB36 30)
---------------------------------------------------------------------------------
Finished Part Resource Summary
---------------------------------------------------------------------------------
---------------------------------------------------------------------------------
Start Cross Boundary and Area Optimization
---------------------------------------------------------------------------------
---------------------------------------------------------------------------------
Finished Cross Boundary and Area Optimization : Time (s): cpu = 00:00:21 ; elapsed = 00:00:23 . Memory (MB): peak = 1606.062 ; gain = 671.055
---------------------------------------------------------------------------------
---------------------------------------------------------------------------------
Start Applying XDC Timing Constraints
---------------------------------------------------------------------------------
---------------------------------------------------------------------------------
Finished Applying XDC Timing Constraints : Time (s): cpu = 00:00:29 ; elapsed = 00:00:31 . Memory (MB): peak = 1778.414 ; gain = 843.406
---------------------------------------------------------------------------------
---------------------------------------------------------------------------------
Start Timing Optimization
---------------------------------------------------------------------------------
---------------------------------------------------------------------------------
Finished Timing Optimization : Time (s): cpu = 00:00:29 ; elapsed = 00:00:31 . Memory (MB): peak = 1778.711 ; gain = 843.703
---------------------------------------------------------------------------------
---------------------------------------------------------------------------------
Start Technology Mapping
---------------------------------------------------------------------------------
---------------------------------------------------------------------------------
Finished Technology Mapping : Time (s): cpu = 00:00:29 ; elapsed = 00:00:31 . Memory (MB): peak = 1788.520 ; gain = 853.512
---------------------------------------------------------------------------------
---------------------------------------------------------------------------------
Start IO Insertion
---------------------------------------------------------------------------------
---------------------------------------------------------------------------------
Start Flattening Before IO Insertion
---------------------------------------------------------------------------------
---------------------------------------------------------------------------------
Finished Flattening Before IO Insertion
---------------------------------------------------------------------------------
---------------------------------------------------------------------------------
Start Final Netlist Cleanup
---------------------------------------------------------------------------------
---------------------------------------------------------------------------------
Finished Final Netlist Cleanup
---------------------------------------------------------------------------------
---------------------------------------------------------------------------------
Finished IO Insertion : Time (s): cpu = 00:00:35 ; elapsed = 00:00:38 . Memory (MB): peak = 2038.438 ; gain = 1103.430
---------------------------------------------------------------------------------
---------------------------------------------------------------------------------
Start Renaming Generated Instances
---------------------------------------------------------------------------------
---------------------------------------------------------------------------------
Finished Renaming Generated Instances : Time (s): cpu = 00:00:35 ; elapsed = 00:00:38 . Memory (MB): peak = 2038.438 ; gain = 1103.430
---------------------------------------------------------------------------------
---------------------------------------------------------------------------------
Start Rebuilding User Hierarchy
---------------------------------------------------------------------------------
---------------------------------------------------------------------------------
Finished Rebuilding User Hierarchy : Time (s): cpu = 00:00:35 ; elapsed = 00:00:38 . Memory (MB): peak = 2038.438 ; gain = 1103.430
---------------------------------------------------------------------------------
---------------------------------------------------------------------------------
Start Renaming Generated Ports
---------------------------------------------------------------------------------
---------------------------------------------------------------------------------
Finished Renaming Generated Ports : Time (s): cpu = 00:00:35 ; elapsed = 00:00:38 . Memory (MB): peak = 2038.438 ; gain = 1103.430
---------------------------------------------------------------------------------
---------------------------------------------------------------------------------
Start Handling Custom Attributes
---------------------------------------------------------------------------------
---------------------------------------------------------------------------------
Finished Handling Custom Attributes : Time (s): cpu = 00:00:35 ; elapsed = 00:00:38 . Memory (MB): peak = 2038.438 ; gain = 1103.430
---------------------------------------------------------------------------------
---------------------------------------------------------------------------------
Start Renaming Generated Nets
---------------------------------------------------------------------------------
---------------------------------------------------------------------------------
Finished Renaming Generated Nets : Time (s): cpu = 00:00:35 ; elapsed = 00:00:38 . Memory (MB): peak = 2038.438 ; gain = 1103.430
---------------------------------------------------------------------------------
---------------------------------------------------------------------------------
Start Writing Synthesis Report
---------------------------------------------------------------------------------

Report BlackBoxes: 
+------+----------------------------------+----------+
|      |BlackBox name                     |Instances |
+------+----------------------------------+----------+
|1     |mlp_system_axi_smc_0              |         1|
|2     |mlp_system_mlp_axi_wrapper_0_0    |         1|
|3     |mlp_system_processing_system7_0_0 |         1|
|4     |mlp_system_rst_ps7_0_100M_0       |         1|
+------+----------------------------------+----------+

Report Cell Usage: 
+------+---------------------------------------+------+
|      |Cell                                   |Count |
+------+---------------------------------------+------+
|1     |mlp_system_axi_smc_0_bbox              |     1|
|2     |mlp_system_mlp_axi_wrapper_0_0_bbox    |     1|
|3     |mlp_system_processing_system7_0_0_bbox |     1|
|4     |mlp_system_rst_ps7_0_100M_0_bbox       |     1|
|5     |OBUF                                   |     3|
+------+---------------------------------------+------+
---------------------------------------------------------------------------------
Finished Writing Synthesis Report : Time (s): cpu = 00:00:35 ; elapsed = 00:00:38 . Memory (MB): peak = 2038.438 ; gain = 1103.430
---------------------------------------------------------------------------------
Synthesis finished with 0 errors, 0 critical warnings and 0 warnings.
Synthesis Optimization Runtime : Time (s): cpu = 00:00:25 ; elapsed = 00:00:36 . Memory (MB): peak = 2038.438 ; gain = 1103.430
Synthesis Optimization Complete : Time (s): cpu = 00:00:36 ; elapsed = 00:00:38 . Memory (MB): peak = 2038.438 ; gain = 1103.430
INFO: [Project 1-571] Translating synthesized netlist
Netlist sorting complete. Time (s): cpu = 00:00:00 ; elapsed = 00:00:00.009 . Memory (MB): peak = 2047.535 ; gain = 0.000
INFO: [Project 1-570] Preparing netlist for logic optimization
INFO: [Opt 31-138] Pushed 0 inverter(s) to 0 load pin(s).
Netlist sorting complete. Time (s): cpu = 00:00:00 ; elapsed = 00:00:00 . Memory (MB): peak = 2051.184 ; gain = 0.000
INFO: [Project 1-111] Unisim Transformation Summary:
No Unisim elements were transformed.

Synth Design complete | Checksum: 9dca47c7
INFO: [Common 17-83] Releasing license: Synthesis
35 Infos, 0 Warnings, 0 Critical Warnings and 0 Errors encountered.
synth_design completed successfully
synth_design: Time (s): cpu = 00:00:41 ; elapsed = 00:00:47 . Memory (MB): peak = 2051.184 ; gain = 1348.785
Write ShapeDB Complete: Time (s): cpu = 00:00:00 ; elapsed = 00:00:00.001 . Memory (MB): peak = 2051.184 ; gain = 0.000
INFO: [Common 17-1381] The checkpoint 'D:/vivado projects/hft/hft.runs/synth_1/mlp_system_wrapper.dcp' has been generated.
INFO: [Vivado 12-24828] Executing command : report_utilization -file mlp_system_wrapper_utilization_synth.rpt -pb mlp_system_wrapper_utilization_synth.pb
INFO: [Common 17-206] Exiting Vivado at Mon Mar 16 20:54:28 2026...
