
*** Running vivado
    with args -log mlp_system_mlp_axi_wrapper_0_0.vds -m64 -product Vivado -mode batch -messageDb vivado.pb -notrace -source mlp_system_mlp_axi_wrapper_0_0.tcl



****** Vivado v2025.2 (64-bit)
  **** SW Build 6299465 on Fri Nov 14 19:35:11 GMT 2025
  **** IP Build 6300035 on Fri Nov 14 10:48:45 MST 2025
  **** SharedData Build 6298862 on Thu Nov 13 04:50:51 MST 2025
  **** Start of session at: Thu Mar 12 02:27:15 2026
    ** Copyright 1986-2022 Xilinx, Inc. All Rights Reserved.
    ** Copyright 2022-2025 Advanced Micro Devices, Inc. All Rights Reserved.

source mlp_system_mlp_axi_wrapper_0_0.tcl -notrace
create_project: Time (s): cpu = 00:00:13 ; elapsed = 00:00:10 . Memory (MB): peak = 659.637 ; gain = 217.258
INFO: [IP_Flow 19-234] Refreshing IP repositories
INFO: [IP_Flow 19-1704] No user IP repositories specified
INFO: [IP_Flow 19-2313] Loaded Vivado IP repository 'D:/AMDDesignTools/2025.2/Vivado/data/ip'.
Command: synth_design -top mlp_system_mlp_axi_wrapper_0_0 -part xc7z020clg484-1 -incremental_mode off -mode out_of_context
Starting synth_design
Attempting to get a license for feature 'Synthesis' and/or device 'xc7z020'
INFO: [Common 17-349] Got license for feature 'Synthesis' and/or device 'xc7z020'
INFO: [Device 21-403] Loading part xc7z020clg484-1
INFO: [Synth 8-7079] Multithreading enabled for synth_design using a maximum of 2 processes.
INFO: [Synth 8-7078] Launching helper process for spawning children vivado processes
INFO: [Synth 8-7075] Helper process launched with PID 28704
---------------------------------------------------------------------------------
Starting RTL Elaboration : Time (s): cpu = 00:00:11 ; elapsed = 00:00:11 . Memory (MB): peak = 1448.598 ; gain = 539.320
---------------------------------------------------------------------------------
INFO: [Synth 8-638] synthesizing module 'mlp_system_mlp_axi_wrapper_0_0' [d:/vivado projects/hft/hft.gen/sources_1/bd/mlp_system/ip/mlp_system_mlp_axi_wrapper_0_0/synth/mlp_system_mlp_axi_wrapper_0_0.vhd:83]
	Parameter C_S_AXI_DATA_WIDTH bound to: 32 - type: integer 
	Parameter C_S_AXI_ADDR_WIDTH bound to: 4 - type: integer 
INFO: [Synth 8-3491] module 'mlp_axi_wrapper' declared at 'D:/vivado projects/hft/hft.srcs/sources_1/new/mlp_axi_wrapper.vhd:25' bound to instance 'U0' of component 'mlp_axi_wrapper' [d:/vivado projects/hft/hft.gen/sources_1/bd/mlp_system/ip/mlp_system_mlp_axi_wrapper_0_0/synth/mlp_system_mlp_axi_wrapper_0_0.vhd:156]
INFO: [Synth 8-638] synthesizing module 'mlp_axi_wrapper' [D:/vivado projects/hft/hft.srcs/sources_1/new/mlp_axi_wrapper.vhd:69]
INFO: [Synth 8-3491] module 'mlp' declared at 'D:/vivado projects/hft/hft.srcs/sources_1/new/mlp.vhd:10' bound to instance 'mlp_inst' of component 'mlp' [D:/vivado projects/hft/hft.srcs/sources_1/new/mlp_axi_wrapper.vhd:328]
INFO: [Synth 8-638] synthesizing module 'mlp' [D:/vivado projects/hft/hft.srcs/sources_1/new/mlp.vhd:33]
INFO: [Synth 8-3491] module 'Controller_FSM' declared at 'D:/vivado projects/hft/hft.srcs/sources_1/new/Controller_FSM.vhd:9' bound to instance 'fsm_inst' of component 'Controller_FSM' [D:/vivado projects/hft/hft.srcs/sources_1/new/mlp.vhd:171]
INFO: [Synth 8-638] synthesizing module 'Controller_FSM' [D:/vivado projects/hft/hft.srcs/sources_1/new/Controller_FSM.vhd:32]
INFO: [Synth 8-256] done synthesizing module 'Controller_FSM' (0#1) [D:/vivado projects/hft/hft.srcs/sources_1/new/Controller_FSM.vhd:32]
	Parameter DATA_WIDTH bound to: 16 - type: integer 
INFO: [Synth 8-3491] module 'weight_rom' declared at 'D:/vivado projects/hft/hft.srcs/sources_1/new/weight_rom.vhd:10' bound to instance 'weight_rom_inst' of component 'weight_rom' [D:/vivado projects/hft/hft.srcs/sources_1/new/mlp.vhd:194]
INFO: [Synth 8-638] synthesizing module 'weight_rom' [D:/vivado projects/hft/hft.srcs/sources_1/new/weight_rom.vhd:31]
INFO: [Synth 8-256] done synthesizing module 'weight_rom' (0#1) [D:/vivado projects/hft/hft.srcs/sources_1/new/weight_rom.vhd:31]
INFO: [Synth 8-3491] module 'MAC_Unit' declared at 'D:/vivado projects/hft/hft.srcs/sources_1/new/MAC_Unit.vhd:10' bound to instance 'mac_inst' of component 'MAC_Unit' [D:/vivado projects/hft/hft.srcs/sources_1/new/mlp.vhd:214]
INFO: [Synth 8-638] synthesizing module 'MAC_Unit' [D:/vivado projects/hft/hft.srcs/sources_1/new/MAC_Unit.vhd:31]
INFO: [Synth 8-256] done synthesizing module 'MAC_Unit' (0#1) [D:/vivado projects/hft/hft.srcs/sources_1/new/MAC_Unit.vhd:31]
	Parameter DEPTH bound to: 64 - type: integer 
	Parameter WIDTH bound to: 16 - type: integer 
INFO: [Synth 8-3491] module 'PingPong_RAM' declared at 'D:/vivado projects/hft/hft.srcs/sources_1/new/PingPong_RAM.vhd:9' bound to instance 'pp_ram_inst' of component 'PingPong_RAM' [D:/vivado projects/hft/hft.srcs/sources_1/new/mlp.vhd:238]
INFO: [Synth 8-638] synthesizing module 'PingPong_RAM' [D:/vivado projects/hft/hft.srcs/sources_1/new/PingPong_RAM.vhd:25]
INFO: [Synth 8-256] done synthesizing module 'PingPong_RAM' (0#1) [D:/vivado projects/hft/hft.srcs/sources_1/new/PingPong_RAM.vhd:25]
INFO: [Synth 8-256] done synthesizing module 'mlp' (0#1) [D:/vivado projects/hft/hft.srcs/sources_1/new/mlp.vhd:33]
INFO: [Synth 8-256] done synthesizing module 'mlp_axi_wrapper' (0#1) [D:/vivado projects/hft/hft.srcs/sources_1/new/mlp_axi_wrapper.vhd:69]
INFO: [Synth 8-256] done synthesizing module 'mlp_system_mlp_axi_wrapper_0_0' (0#1) [d:/vivado projects/hft/hft.gen/sources_1/bd/mlp_system/ip/mlp_system_mlp_axi_wrapper_0_0/synth/mlp_system_mlp_axi_wrapper_0_0.vhd:83]
INFO: [Synth 8-7129] Port S_AXI_AWPROT[2] in module mlp_axi_wrapper is either unconnected or has no load
INFO: [Synth 8-7129] Port S_AXI_AWPROT[1] in module mlp_axi_wrapper is either unconnected or has no load
INFO: [Synth 8-7129] Port S_AXI_AWPROT[0] in module mlp_axi_wrapper is either unconnected or has no load
INFO: [Synth 8-7129] Port S_AXI_WSTRB[3] in module mlp_axi_wrapper is either unconnected or has no load
INFO: [Synth 8-7129] Port S_AXI_WSTRB[2] in module mlp_axi_wrapper is either unconnected or has no load
INFO: [Synth 8-7129] Port S_AXI_WSTRB[1] in module mlp_axi_wrapper is either unconnected or has no load
INFO: [Synth 8-7129] Port S_AXI_WSTRB[0] in module mlp_axi_wrapper is either unconnected or has no load
INFO: [Synth 8-7129] Port S_AXI_ARPROT[2] in module mlp_axi_wrapper is either unconnected or has no load
INFO: [Synth 8-7129] Port S_AXI_ARPROT[1] in module mlp_axi_wrapper is either unconnected or has no load
INFO: [Synth 8-7129] Port S_AXI_ARPROT[0] in module mlp_axi_wrapper is either unconnected or has no load
---------------------------------------------------------------------------------
Finished RTL Elaboration : Time (s): cpu = 00:00:15 ; elapsed = 00:00:16 . Memory (MB): peak = 1595.707 ; gain = 686.430
---------------------------------------------------------------------------------
---------------------------------------------------------------------------------
Start Handling Custom Attributes
---------------------------------------------------------------------------------
---------------------------------------------------------------------------------
Finished Handling Custom Attributes : Time (s): cpu = 00:00:15 ; elapsed = 00:00:16 . Memory (MB): peak = 1595.707 ; gain = 686.430
---------------------------------------------------------------------------------
---------------------------------------------------------------------------------
Finished RTL Optimization Phase 1 : Time (s): cpu = 00:00:15 ; elapsed = 00:00:16 . Memory (MB): peak = 1595.707 ; gain = 686.430
---------------------------------------------------------------------------------
Netlist sorting complete. Time (s): cpu = 00:00:00 ; elapsed = 00:00:00.052 . Memory (MB): peak = 1595.707 ; gain = 0.000
INFO: [Project 1-570] Preparing netlist for logic optimization

Processing XDC Constraints
Initializing timing engine
Completed Processing XDC Constraints

Netlist sorting complete. Time (s): cpu = 00:00:00 ; elapsed = 00:00:00.001 . Memory (MB): peak = 1625.766 ; gain = 0.000
INFO: [Project 1-111] Unisim Transformation Summary:
No Unisim elements were transformed.

Constraint Validation Runtime : Time (s): cpu = 00:00:00 ; elapsed = 00:00:00.046 . Memory (MB): peak = 1625.766 ; gain = 0.000
INFO: [Designutils 20-5008] Incremental synthesis strategy off
---------------------------------------------------------------------------------
Finished Constraint Validation : Time (s): cpu = 00:00:29 ; elapsed = 00:00:31 . Memory (MB): peak = 1625.766 ; gain = 716.488
---------------------------------------------------------------------------------
---------------------------------------------------------------------------------
Start Loading Part and Timing Information
---------------------------------------------------------------------------------
Loading part: xc7z020clg484-1
---------------------------------------------------------------------------------
Finished Loading Part and Timing Information : Time (s): cpu = 00:00:29 ; elapsed = 00:00:31 . Memory (MB): peak = 1625.766 ; gain = 716.488
---------------------------------------------------------------------------------
---------------------------------------------------------------------------------
Start Applying 'set_property' XDC Constraints
---------------------------------------------------------------------------------
---------------------------------------------------------------------------------
Finished applying 'set_property' XDC Constraints : Time (s): cpu = 00:00:29 ; elapsed = 00:00:31 . Memory (MB): peak = 1625.766 ; gain = 716.488
---------------------------------------------------------------------------------
INFO: [Synth 8-802] inferred FSM for state register 'state_reg' in module 'Controller_FSM'
---------------------------------------------------------------------------------------------------
                   State |                     New Encoding |                Previous Encoding 
---------------------------------------------------------------------------------------------------
                    idle |                      00000010000 |                             0000
               load_bias |                      00001000000 |                             0001
          process_neuron |                      00000001000 |                             0010
        apply_activation |                      00000000001 |                             0011
               write_ram |                      00000000010 |                             0100
             next_neuron |                      00000000100 |                             0101
           find_max_init |                      00010000000 |                             0111
           find_max_read |                      00100000000 |                             1000
        find_max_compare |                      01000000000 |                             1001
              done_state |                      00000100000 |                             1010
              next_layer |                      10000000000 |                             0110
---------------------------------------------------------------------------------------------------
INFO: [Synth 8-3354] encoded FSM with state register 'state_reg' using encoding 'one-hot' in module 'Controller_FSM'
---------------------------------------------------------------------------------
Finished RTL Optimization Phase 2 : Time (s): cpu = 00:00:31 ; elapsed = 00:00:34 . Memory (MB): peak = 1625.766 ; gain = 716.488
---------------------------------------------------------------------------------
No constraint files found.
---------------------------------------------------------------------------------
Start RTL Component Statistics 
---------------------------------------------------------------------------------
Detailed RTL Component Info : 
+---Adders : 
	   2 Input    6 Bit       Adders := 4     
	   2 Input    3 Bit       Adders := 1     
	   2 Input    2 Bit       Adders := 1     
+---Registers : 
	               32 Bit    Registers := 3     
	               16 Bit    Registers := 6     
	                6 Bit    Registers := 4     
	                4 Bit    Registers := 2     
	                3 Bit    Registers := 2     
	                2 Bit    Registers := 2     
	                1 Bit    Registers := 11    
+---RAMs : 
	             1024 Bit	(64 X 16 bit)          RAMs := 3     
+---Muxes : 
	   2 Input   33 Bit        Muxes := 1     
	  11 Input   16 Bit        Muxes := 1     
	   3 Input   16 Bit        Muxes := 16    
	   4 Input   16 Bit        Muxes := 3     
	   2 Input   16 Bit        Muxes := 8     
	  17 Input   16 Bit        Muxes := 1     
	   2 Input   12 Bit        Muxes := 1     
	   4 Input   12 Bit        Muxes := 1     
	  11 Input   11 Bit        Muxes := 1     
	   2 Input   11 Bit        Muxes := 3     
	   2 Input    7 Bit        Muxes := 2     
	   4 Input    7 Bit        Muxes := 2     
	  11 Input    6 Bit        Muxes := 2     
	  11 Input    3 Bit        Muxes := 1     
	   4 Input    3 Bit        Muxes := 1     
	   2 Input    2 Bit        Muxes := 1     
	  11 Input    2 Bit        Muxes := 2     
	   2 Input    1 Bit        Muxes := 9     
	  11 Input    1 Bit        Muxes := 6     
	   3 Input    1 Bit        Muxes := 2     
---------------------------------------------------------------------------------
Finished RTL Component Statistics 
---------------------------------------------------------------------------------
---------------------------------------------------------------------------------
Start Part Resource Summary
---------------------------------------------------------------------------------
Part Resources:
DSPs: 220 (col length:60)
BRAMs: 280 (col length: RAMB18 60 RAMB36 30)
---------------------------------------------------------------------------------
Finished Part Resource Summary
---------------------------------------------------------------------------------
No constraint files found.
---------------------------------------------------------------------------------
Start Cross Boundary and Area Optimization
---------------------------------------------------------------------------------
DSP Report: Generating DSP U0/mlp_inst/mac_inst/ARG, operation Mode is: (C or 0)+(0 or A*B).
DSP Report: operator U0/mlp_inst/mac_inst/ARG is absorbed into DSP U0/mlp_inst/mac_inst/ARG.
DSP Report: Generating DSP U0/mlp_inst/mac_inst/accumulator_reg, operation Mode is: (PCIN+P)'.
DSP Report: register U0/mlp_inst/mac_inst/accumulator_reg is absorbed into DSP U0/mlp_inst/mac_inst/accumulator_reg.
DSP Report: operator accumulator0 is absorbed into DSP U0/mlp_inst/mac_inst/accumulator_reg.
INFO: [Synth 8-3917] design mlp_system_mlp_axi_wrapper_0_0 has port S_AXI_BRESP[1] driven by constant 0
INFO: [Synth 8-3917] design mlp_system_mlp_axi_wrapper_0_0 has port S_AXI_BRESP[0] driven by constant 0
INFO: [Synth 8-3917] design mlp_system_mlp_axi_wrapper_0_0 has port S_AXI_RRESP[1] driven by constant 0
INFO: [Synth 8-3917] design mlp_system_mlp_axi_wrapper_0_0 has port S_AXI_RRESP[0] driven by constant 0
INFO: [Synth 8-7129] Port S_AXI_AWPROT[2] in module mlp_system_mlp_axi_wrapper_0_0 is either unconnected or has no load
INFO: [Synth 8-7129] Port S_AXI_AWPROT[1] in module mlp_system_mlp_axi_wrapper_0_0 is either unconnected or has no load
INFO: [Synth 8-7129] Port S_AXI_AWPROT[0] in module mlp_system_mlp_axi_wrapper_0_0 is either unconnected or has no load
INFO: [Synth 8-7129] Port S_AXI_WSTRB[3] in module mlp_system_mlp_axi_wrapper_0_0 is either unconnected or has no load
INFO: [Synth 8-7129] Port S_AXI_WSTRB[2] in module mlp_system_mlp_axi_wrapper_0_0 is either unconnected or has no load
INFO: [Synth 8-7129] Port S_AXI_WSTRB[1] in module mlp_system_mlp_axi_wrapper_0_0 is either unconnected or has no load
INFO: [Synth 8-7129] Port S_AXI_WSTRB[0] in module mlp_system_mlp_axi_wrapper_0_0 is either unconnected or has no load
INFO: [Synth 8-7129] Port S_AXI_ARPROT[2] in module mlp_system_mlp_axi_wrapper_0_0 is either unconnected or has no load
INFO: [Synth 8-7129] Port S_AXI_ARPROT[1] in module mlp_system_mlp_axi_wrapper_0_0 is either unconnected or has no load
INFO: [Synth 8-7129] Port S_AXI_ARPROT[0] in module mlp_system_mlp_axi_wrapper_0_0 is either unconnected or has no load
---------------------------------------------------------------------------------
Finished Cross Boundary and Area Optimization : Time (s): cpu = 00:00:43 ; elapsed = 00:00:48 . Memory (MB): peak = 1670.051 ; gain = 760.773
---------------------------------------------------------------------------------
 Sort Area is  U0/mlp_inst/mac_inst/ARG_0 : 0 0 : 1970 2137 : Used 1 time 0
 Sort Area is  U0/mlp_inst/mac_inst/ARG_0 : 0 1 : 167 2137 : Used 1 time 0
---------------------------------------------------------------------------------
Start ROM, RAM, DSP, Shift Register and Retiming Reporting
---------------------------------------------------------------------------------

ROM: Preliminary Mapping Report
+------------+------------------+---------------+----------------+
|Module Name | RTL Object       | Depth x Width | Implemented As | 
+------------+------------------+---------------+----------------+
|weight_rom  | weights_l2[0,0]  | 32x7          | LUT            | 
|weight_rom  | weights_l2[0,1]  | 32x6          | LUT            | 
|weight_rom  | weights_l2[0,2]  | 32x7          | LUT            | 
|weight_rom  | weights_l2[0,3]  | 32x6          | LUT            | 
|weight_rom  | weights_l2[0,4]  | 32x7          | LUT            | 
|weight_rom  | weights_l2[0,5]  | 32x6          | LUT            | 
|weight_rom  | weights_l2[0,6]  | 32x6          | LUT            | 
|weight_rom  | weights_l2[0,7]  | 32x6          | LUT            | 
|weight_rom  | weights_l2[0,8]  | 32x6          | LUT            | 
|weight_rom  | weights_l2[0,9]  | 32x7          | LUT            | 
|weight_rom  | weights_l2[0,10] | 32x6          | LUT            | 
|weight_rom  | weights_l2[0,11] | 32x6          | LUT            | 
|weight_rom  | weights_l2[0,12] | 32x6          | LUT            | 
|weight_rom  | weights_l2[0,13] | 32x7          | LUT            | 
|weight_rom  | weights_l2[0,14] | 32x6          | LUT            | 
|weight_rom  | weights_l2[0,15] | 32x7          | LUT            | 
|weight_rom  | weights_l2[0,16] | 32x6          | LUT            | 
|weight_rom  | weights_l2[0,17] | 32x6          | LUT            | 
|weight_rom  | weights_l2[0,18] | 32x7          | LUT            | 
|weight_rom  | weights_l2[0,19] | 32x7          | LUT            | 
|weight_rom  | weights_l2[0,20] | 32x6          | LUT            | 
|weight_rom  | weights_l2[0,21] | 32x7          | LUT            | 
|weight_rom  | weights_l2[0,22] | 32x6          | LUT            | 
|weight_rom  | weights_l2[0,23] | 32x7          | LUT            | 
|weight_rom  | weights_l2[0,24] | 32x6          | LUT            | 
|weight_rom  | weights_l2[0,25] | 32x6          | LUT            | 
|weight_rom  | weights_l2[0,26] | 32x6          | LUT            | 
|weight_rom  | weights_l2[0,27] | 32x6          | LUT            | 
|weight_rom  | weights_l2[0,28] | 32x6          | LUT            | 
|weight_rom  | weights_l2[0,29] | 32x7          | LUT            | 
|weight_rom  | weights_l2[0,30] | 32x6          | LUT            | 
|weight_rom  | weights_l2[0,31] | 32x6          | LUT            | 
|weight_rom  | weights_l2[0,32] | 32x7          | LUT            | 
|weight_rom  | weights_l2[0,33] | 32x6          | LUT            | 
|weight_rom  | weights_l2[0,34] | 32x7          | LUT            | 
|weight_rom  | weights_l2[0,35] | 32x7          | LUT            | 
|weight_rom  | weights_l2[0,36] | 32x7          | LUT            | 
|weight_rom  | weights_l2[0,37] | 32x6          | LUT            | 
|weight_rom  | weights_l2[0,38] | 32x7          | LUT            | 
|weight_rom  | weights_l2[0,39] | 32x6          | LUT            | 
|weight_rom  | weights_l2[0,40] | 32x6          | LUT            | 
|weight_rom  | weights_l2[0,41] | 32x7          | LUT            | 
|weight_rom  | weights_l2[0,42] | 32x6          | LUT            | 
|weight_rom  | weights_l2[0,43] | 32x7          | LUT            | 
|weight_rom  | weights_l2[0,44] | 32x6          | LUT            | 
|weight_rom  | weights_l2[0,45] | 32x6          | LUT            | 
|weight_rom  | weights_l2[0,46] | 32x6          | LUT            | 
|weight_rom  | weights_l2[0,47] | 32x6          | LUT            | 
|weight_rom  | weights_l2[0,48] | 32x6          | LUT            | 
|weight_rom  | weights_l2[0,49] | 32x6          | LUT            | 
|weight_rom  | weights_l2[0,50] | 32x7          | LUT            | 
|weight_rom  | weights_l2[0,51] | 32x6          | LUT            | 
|weight_rom  | weights_l2[0,52] | 32x7          | LUT            | 
|weight_rom  | weights_l2[0,53] | 32x6          | LUT            | 
|weight_rom  | weights_l2[0,54] | 32x6          | LUT            | 
|weight_rom  | weights_l2[0,55] | 32x7          | LUT            | 
|weight_rom  | weights_l2[0,56] | 32x7          | LUT            | 
|weight_rom  | weights_l2[0,57] | 32x7          | LUT            | 
|weight_rom  | weights_l2[0,58] | 32x6          | LUT            | 
|weight_rom  | weights_l2[0,59] | 32x6          | LUT            | 
|weight_rom  | weights_l2[0,60] | 32x6          | LUT            | 
|weight_rom  | weights_l2[0,61] | 32x6          | LUT            | 
|weight_rom  | weights_l2[0,62] | 32x7          | LUT            | 
|weight_rom  | weights_l2[0,63] | 32x6          | LUT            | 
|weight_rom  | weights_l1[0,0]  | 64x7          | LUT            | 
|weight_rom  | weights_l1[0,1]  | 64x7          | LUT            | 
|weight_rom  | weights_l1[0,2]  | 64x7          | LUT            | 
|weight_rom  | weights_l1[0,3]  | 64x7          | LUT            | 
|weight_rom  | weights_l1[0,4]  | 64x7          | LUT            | 
|weight_rom  | weights_l1[0,5]  | 64x7          | LUT            | 
|weight_rom  | weights_l1[0,6]  | 64x7          | LUT            | 
|weight_rom  | weights_l1[0,7]  | 64x7          | LUT            | 
|weight_rom  | weights_l1[0,8]  | 64x7          | LUT            | 
|weight_rom  | weights_l1[0,9]  | 64x7          | LUT            | 
|weight_rom  | weights_l1[0,10] | 64x7          | LUT            | 
|weight_rom  | weights_l1[0,11] | 64x7          | LUT            | 
|weight_rom  | weights_l1[0,12] | 64x7          | LUT            | 
|weight_rom  | weights_l1[0,13] | 64x7          | LUT            | 
|weight_rom  | weights_l1[0,14] | 64x7          | LUT            | 
|weight_rom  | weights_l1[0,15] | 64x7          | LUT            | 
|weight_rom  | weights_l1[0,16] | 64x7          | LUT            | 
|weight_rom  | weights_l1[0,17] | 64x7          | LUT            | 
|weight_rom  | weights_l1[0,18] | 64x7          | LUT            | 
|weight_rom  | weights_l1[0,19] | 64x7          | LUT            | 
|weight_rom  | weights_l1[0,20] | 64x7          | LUT            | 
|weight_rom  | weights_l1[0,21] | 64x7          | LUT            | 
|weight_rom  | weights_l1[0,22] | 64x7          | LUT            | 
|weight_rom  | weights_l1[0,23] | 64x7          | LUT            | 
|weight_rom  | weights_l1[0,24] | 64x7          | LUT            | 
|weight_rom  | weights_l1[0,25] | 64x7          | LUT            | 
|weight_rom  | weights_l1[0,26] | 64x7          | LUT            | 
|weight_rom  | weights_l1[0,27] | 64x7          | LUT            | 
|weight_rom  | weights_l1[0,28] | 64x7          | LUT            | 
|weight_rom  | weights_l1[0,29] | 64x7          | LUT            | 
|weight_rom  | weights_l1[0,30] | 64x7          | LUT            | 
|weight_rom  | weights_l1[0,31] | 64x7          | LUT            | 
|weight_rom  | weights_l1[0,32] | 64x7          | LUT            | 
|weight_rom  | weights_l1[0,33] | 64x7          | LUT            | 
|weight_rom  | weights_l1[0,34] | 64x7          | LUT            | 
|weight_rom  | weights_l1[0,35] | 64x7          | LUT            | 
|weight_rom  | weights_l1[0,36] | 64x7          | LUT            | 
|weight_rom  | weights_l1[0,37] | 64x7          | LUT            | 
|weight_rom  | weights_l1[0,38] | 64x7          | LUT            | 
|weight_rom  | weights_l1[0,39] | 64x7          | LUT            | 
|weight_rom  | biases_l2        | 32x6          | LUT            | 
|weight_rom  | biases_l1        | 64x7          | LUT            | 
|weight_rom  | weights_l2[0,0]  | 32x7          | LUT            | 
|weight_rom  | weights_l2[0,1]  | 32x6          | LUT            | 
|weight_rom  | weights_l2[0,2]  | 32x7          | LUT            | 
|weight_rom  | weights_l2[0,3]  | 32x6          | LUT            | 
|weight_rom  | weights_l2[0,4]  | 32x7          | LUT            | 
|weight_rom  | weights_l2[0,5]  | 32x6          | LUT            | 
|weight_rom  | weights_l2[0,6]  | 32x6          | LUT            | 
|weight_rom  | weights_l2[0,7]  | 32x6          | LUT            | 
|weight_rom  | weights_l2[0,8]  | 32x6          | LUT            | 
|weight_rom  | weights_l2[0,9]  | 32x7          | LUT            | 
|weight_rom  | weights_l2[0,10] | 32x6          | LUT            | 
|weight_rom  | weights_l2[0,11] | 32x6          | LUT            | 
|weight_rom  | weights_l2[0,12] | 32x6          | LUT            | 
|weight_rom  | weights_l2[0,13] | 32x7          | LUT            | 
|weight_rom  | weights_l2[0,14] | 32x6          | LUT            | 
|weight_rom  | weights_l2[0,15] | 32x7          | LUT            | 
|weight_rom  | weights_l2[0,16] | 32x6          | LUT            | 
|weight_rom  | weights_l2[0,17] | 32x6          | LUT            | 
|weight_rom  | weights_l2[0,18] | 32x7          | LUT            | 
|weight_rom  | weights_l2[0,19] | 32x7          | LUT            | 
|weight_rom  | weights_l2[0,20] | 32x6          | LUT            | 
|weight_rom  | weights_l2[0,21] | 32x7          | LUT            | 
|weight_rom  | weights_l2[0,22] | 32x6          | LUT            | 
|weight_rom  | weights_l2[0,23] | 32x7          | LUT            | 
|weight_rom  | weights_l2[0,24] | 32x6          | LUT            | 
|weight_rom  | weights_l2[0,25] | 32x6          | LUT            | 
|weight_rom  | weights_l2[0,26] | 32x6          | LUT            | 
|weight_rom  | weights_l2[0,27] | 32x6          | LUT            | 
|weight_rom  | weights_l2[0,28] | 32x6          | LUT            | 
|weight_rom  | weights_l2[0,29] | 32x7          | LUT            | 
|weight_rom  | weights_l2[0,30] | 32x6          | LUT            | 
|weight_rom  | weights_l2[0,31] | 32x6          | LUT            | 
|weight_rom  | weights_l2[0,32] | 32x7          | LUT            | 
|weight_rom  | weights_l2[0,33] | 32x6          | LUT            | 
|weight_rom  | weights_l2[0,34] | 32x7          | LUT            | 
|weight_rom  | weights_l2[0,35] | 32x7          | LUT            | 
|weight_rom  | weights_l2[0,36] | 32x7          | LUT            | 
|weight_rom  | weights_l2[0,37] | 32x6          | LUT            | 
|weight_rom  | weights_l2[0,38] | 32x7          | LUT            | 
|weight_rom  | weights_l2[0,39] | 32x6          | LUT            | 
|weight_rom  | weights_l2[0,40] | 32x6          | LUT            | 
|weight_rom  | weights_l2[0,41] | 32x7          | LUT            | 
|weight_rom  | weights_l2[0,42] | 32x6          | LUT            | 
|weight_rom  | weights_l2[0,43] | 32x7          | LUT            | 
|weight_rom  | weights_l2[0,44] | 32x6          | LUT            | 
|weight_rom  | weights_l2[0,45] | 32x6          | LUT            | 
|weight_rom  | weights_l2[0,46] | 32x6          | LUT            | 
|weight_rom  | weights_l2[0,47] | 32x6          | LUT            | 
|weight_rom  | weights_l2[0,48] | 32x6          | LUT            | 
|weight_rom  | weights_l2[0,49] | 32x6          | LUT            | 
|weight_rom  | weights_l2[0,50] | 32x7          | LUT            | 
|weight_rom  | weights_l2[0,51] | 32x6          | LUT            | 
|weight_rom  | weights_l2[0,52] | 32x7          | LUT            | 
|weight_rom  | weights_l2[0,53] | 32x6          | LUT            | 
|weight_rom  | weights_l2[0,54] | 32x6          | LUT            | 
|weight_rom  | weights_l2[0,55] | 32x7          | LUT            | 
|weight_rom  | weights_l2[0,56] | 32x7          | LUT            | 
|weight_rom  | weights_l2[0,57] | 32x7          | LUT            | 
|weight_rom  | weights_l2[0,58] | 32x6          | LUT            | 
|weight_rom  | weights_l2[0,59] | 32x6          | LUT            | 
|weight_rom  | weights_l2[0,60] | 32x6          | LUT            | 
|weight_rom  | weights_l2[0,61] | 32x6          | LUT            | 
|weight_rom  | weights_l2[0,62] | 32x7          | LUT            | 
|weight_rom  | weights_l2[0,63] | 32x6          | LUT            | 
|weight_rom  | weights_l1[0,0]  | 64x7          | LUT            | 
|weight_rom  | weights_l1[0,1]  | 64x7          | LUT            | 
|weight_rom  | weights_l1[0,2]  | 64x7          | LUT            | 
|weight_rom  | weights_l1[0,3]  | 64x7          | LUT            | 
|weight_rom  | weights_l1[0,4]  | 64x7          | LUT            | 
|weight_rom  | weights_l1[0,5]  | 64x7          | LUT            | 
|weight_rom  | weights_l1[0,6]  | 64x7          | LUT            | 
|weight_rom  | weights_l1[0,7]  | 64x7          | LUT            | 
|weight_rom  | weights_l1[0,8]  | 64x7          | LUT            | 
|weight_rom  | weights_l1[0,9]  | 64x7          | LUT            | 
|weight_rom  | weights_l1[0,10] | 64x7          | LUT            | 
|weight_rom  | weights_l1[0,11] | 64x7          | LUT            | 
|weight_rom  | weights_l1[0,12] | 64x7          | LUT            | 
|weight_rom  | weights_l1[0,13] | 64x7          | LUT            | 
|weight_rom  | weights_l1[0,14] | 64x7          | LUT            | 
|weight_rom  | weights_l1[0,15] | 64x7          | LUT            | 
|weight_rom  | weights_l1[0,16] | 64x7          | LUT            | 
|weight_rom  | weights_l1[0,17] | 64x7          | LUT            | 
|weight_rom  | weights_l1[0,18] | 64x7          | LUT            | 
|weight_rom  | weights_l1[0,19] | 64x7          | LUT            | 
|weight_rom  | weights_l1[0,20] | 64x7          | LUT            | 
|weight_rom  | weights_l1[0,21] | 64x7          | LUT            | 
|weight_rom  | weights_l1[0,22] | 64x7          | LUT            | 
|weight_rom  | weights_l1[0,23] | 64x7          | LUT            | 
|weight_rom  | weights_l1[0,24] | 64x7          | LUT            | 
|weight_rom  | weights_l1[0,25] | 64x7          | LUT            | 
|weight_rom  | weights_l1[0,26] | 64x7          | LUT            | 
|weight_rom  | weights_l1[0,27] | 64x7          | LUT            | 
|weight_rom  | weights_l1[0,28] | 64x7          | LUT            | 
|weight_rom  | weights_l1[0,29] | 64x7          | LUT            | 
|weight_rom  | weights_l1[0,30] | 64x7          | LUT            | 
|weight_rom  | weights_l1[0,31] | 64x7          | LUT            | 
|weight_rom  | weights_l1[0,32] | 64x7          | LUT            | 
|weight_rom  | weights_l1[0,33] | 64x7          | LUT            | 
|weight_rom  | weights_l1[0,34] | 64x7          | LUT            | 
|weight_rom  | weights_l1[0,35] | 64x7          | LUT            | 
|weight_rom  | weights_l1[0,36] | 64x7          | LUT            | 
|weight_rom  | weights_l1[0,37] | 64x7          | LUT            | 
|weight_rom  | weights_l1[0,38] | 64x7          | LUT            | 
|weight_rom  | weights_l1[0,39] | 64x7          | LUT            | 
|weight_rom  | p_0_out          | 32x6          | LUT            | 
|weight_rom  | p_0_out          | 64x7          | LUT            | 
+------------+------------------+---------------+----------------+


Block RAM: Preliminary Mapping Report (see note below)
+-------------------------------+-----------------------------------+------------------------+---+---+------------------------+---+---+------------------+--------+--------+
|Module Name                    | RTL Object                        | PORT A (Depth x Width) | W | R | PORT B (Depth x Width) | W | R | Ports driving FF | RAMB18 | RAMB36 | 
+-------------------------------+-----------------------------------+------------------------+---+---+------------------------+---+---+------------------+--------+--------+
|mlp_system_mlp_axi_wrapper_0_0 | U0/mlp_inst/pp_ram_inst/ram_b_reg | 64 x 16(READ_FIRST)    | W |   | 64 x 16(WRITE_FIRST)   |   | R | Port A and B     | 1      | 0      | 
|mlp_system_mlp_axi_wrapper_0_0 | U0/mlp_inst/pp_ram_inst/ram_a_reg | 64 x 16(READ_FIRST)    | W |   | 64 x 16(WRITE_FIRST)   |   | R | Port A and B     | 1      | 0      | 
|mlp_system_mlp_axi_wrapper_0_0 | U0/mlp_inst/input_ram_reg         | 64 x 16(READ_FIRST)    | W |   | 64 x 16(WRITE_FIRST)   |   | R | Port A and B     | 1      | 0      | 
+-------------------------------+-----------------------------------+------------------------+---+---+------------------------+---+---+------------------+--------+--------+

Note: The table above is a preliminary report that shows the Block RAMs at the current stage of the synthesis flow. Some Block RAMs may be reimplemented as non Block RAM primitives later in the synthesis flow. Multiple instantiated Block RAMs are reported only once. 

DSP: Preliminary Mapping Report (see note below. The ' indicates corresponding REG is set)
+-------------------------------+---------------------+--------+--------+--------+--------+--------+------+------+------+------+-------+------+------+
|Module Name                    | DSP Mapping         | A Size | B Size | C Size | D Size | P Size | AREG | BREG | CREG | DREG | ADREG | MREG | PREG | 
+-------------------------------+---------------------+--------+--------+--------+--------+--------+------+------+------+------+-------+------+------+
|MAC_Unit                       | (C or 0)+(0 or A*B) | 16     | 16     | 25     | -      | 32     | 0    | 0    | 0    | -    | -     | 0    | 0    | 
|mlp_system_mlp_axi_wrapper_0_0 | (PCIN+P)'           | -      | -      | -      | -      | -1     | -    | -    | -    | -    | -     | 0    | 1    | 
+-------------------------------+---------------------+--------+--------+--------+--------+--------+------+------+------+------+-------+------+------+

Note: The table above is a preliminary report that shows the DSPs inferred at the current stage of the synthesis flow. Some DSP may be reimplemented as non DSP primitives later in the synthesis flow. Multiple instantiated DSPs are reported only once.
---------------------------------------------------------------------------------
Finished ROM, RAM, DSP, Shift Register and Retiming Reporting
---------------------------------------------------------------------------------
No constraint files found.
---------------------------------------------------------------------------------
Start Timing Optimization
---------------------------------------------------------------------------------
---------------------------------------------------------------------------------
Finished Timing Optimization : Time (s): cpu = 00:00:43 ; elapsed = 00:00:49 . Memory (MB): peak = 1670.051 ; gain = 760.773
---------------------------------------------------------------------------------
---------------------------------------------------------------------------------
Start ROM, RAM, DSP, Shift Register and Retiming Reporting
---------------------------------------------------------------------------------

Block RAM: Final Mapping Report
+-------------------------------+-----------------------------------+------------------------+---+---+------------------------+---+---+------------------+--------+--------+
|Module Name                    | RTL Object                        | PORT A (Depth x Width) | W | R | PORT B (Depth x Width) | W | R | Ports driving FF | RAMB18 | RAMB36 | 
+-------------------------------+-----------------------------------+------------------------+---+---+------------------------+---+---+------------------+--------+--------+
|mlp_system_mlp_axi_wrapper_0_0 | U0/mlp_inst/pp_ram_inst/ram_b_reg | 64 x 16(READ_FIRST)    | W |   | 64 x 16(WRITE_FIRST)   |   | R | Port A and B     | 1      | 0      | 
|mlp_system_mlp_axi_wrapper_0_0 | U0/mlp_inst/pp_ram_inst/ram_a_reg | 64 x 16(READ_FIRST)    | W |   | 64 x 16(WRITE_FIRST)   |   | R | Port A and B     | 1      | 0      | 
|mlp_system_mlp_axi_wrapper_0_0 | U0/mlp_inst/input_ram_reg         | 64 x 16(READ_FIRST)    | W |   | 64 x 16(WRITE_FIRST)   |   | R | Port A and B     | 1      | 0      | 
+-------------------------------+-----------------------------------+------------------------+---+---+------------------------+---+---+------------------+--------+--------+

---------------------------------------------------------------------------------
Finished ROM, RAM, DSP, Shift Register and Retiming Reporting
---------------------------------------------------------------------------------
---------------------------------------------------------------------------------
Start Technology Mapping
---------------------------------------------------------------------------------
INFO: [Synth 8-7052] The timing for the instance U0/mlp_inst/pp_ram_inst/ram_b_reg (implemented as a Block RAM) might be sub-optimal as no optional output register could be merged into the ram block. Providing additional output register may help in improving timing.
INFO: [Synth 8-7052] The timing for the instance U0/mlp_inst/pp_ram_inst/ram_a_reg (implemented as a Block RAM) might be sub-optimal as no optional output register could be merged into the ram block. Providing additional output register may help in improving timing.
INFO: [Synth 8-7052] The timing for the instance U0/mlp_inst/input_ram_reg (implemented as a Block RAM) might be sub-optimal as no optional output register could be merged into the ram block. Providing additional output register may help in improving timing.
---------------------------------------------------------------------------------
Finished Technology Mapping : Time (s): cpu = 00:00:44 ; elapsed = 00:00:50 . Memory (MB): peak = 1674.277 ; gain = 765.000
---------------------------------------------------------------------------------
---------------------------------------------------------------------------------
Start IO Insertion
---------------------------------------------------------------------------------
---------------------------------------------------------------------------------
Start Flattening Before IO Insertion
---------------------------------------------------------------------------------
---------------------------------------------------------------------------------
Finished Flattening Before IO Insertion
---------------------------------------------------------------------------------
---------------------------------------------------------------------------------
Start Final Netlist Cleanup
---------------------------------------------------------------------------------
---------------------------------------------------------------------------------
Finished Final Netlist Cleanup
---------------------------------------------------------------------------------
---------------------------------------------------------------------------------
Finished IO Insertion : Time (s): cpu = 00:01:02 ; elapsed = 00:01:09 . Memory (MB): peak = 1871.504 ; gain = 962.227
---------------------------------------------------------------------------------
---------------------------------------------------------------------------------
Start Renaming Generated Instances
---------------------------------------------------------------------------------
---------------------------------------------------------------------------------
Finished Renaming Generated Instances : Time (s): cpu = 00:01:02 ; elapsed = 00:01:09 . Memory (MB): peak = 1871.504 ; gain = 962.227
---------------------------------------------------------------------------------
---------------------------------------------------------------------------------
Start Rebuilding User Hierarchy
---------------------------------------------------------------------------------
---------------------------------------------------------------------------------
Finished Rebuilding User Hierarchy : Time (s): cpu = 00:01:02 ; elapsed = 00:01:10 . Memory (MB): peak = 1871.504 ; gain = 962.227
---------------------------------------------------------------------------------
---------------------------------------------------------------------------------
Start Renaming Generated Ports
---------------------------------------------------------------------------------
---------------------------------------------------------------------------------
Finished Renaming Generated Ports : Time (s): cpu = 00:01:02 ; elapsed = 00:01:10 . Memory (MB): peak = 1871.504 ; gain = 962.227
---------------------------------------------------------------------------------
---------------------------------------------------------------------------------
Start Handling Custom Attributes
---------------------------------------------------------------------------------
---------------------------------------------------------------------------------
Finished Handling Custom Attributes : Time (s): cpu = 00:01:02 ; elapsed = 00:01:10 . Memory (MB): peak = 1872.496 ; gain = 963.219
---------------------------------------------------------------------------------
---------------------------------------------------------------------------------
Start Renaming Generated Nets
---------------------------------------------------------------------------------
---------------------------------------------------------------------------------
Finished Renaming Generated Nets : Time (s): cpu = 00:01:02 ; elapsed = 00:01:10 . Memory (MB): peak = 1872.496 ; gain = 963.219
---------------------------------------------------------------------------------
---------------------------------------------------------------------------------
Start Writing Synthesis Report
---------------------------------------------------------------------------------

DSP Final Report (the ' indicates corresponding REG is set)
+-------------------------------+-------------+--------+--------+--------+--------+--------+------+------+------+------+-------+------+------+
|Module Name                    | DSP Mapping | A Size | B Size | C Size | D Size | P Size | AREG | BREG | CREG | DREG | ADREG | MREG | PREG | 
+-------------------------------+-------------+--------+--------+--------+--------+--------+------+------+------+------+-------+------+------+
|mlp_system_mlp_axi_wrapper_0_0 | (PCIN+P)'   | -      | -      | -      | -      | 40     | -    | -    | -    | -    | -     | 0    | 1    | 
|MAC_Unit                       | Dynamic     | -      | -      | -      | -      | 33     | -    | -    | -    | -    | -     | 0    | 0    | 
+-------------------------------+-------------+--------+--------+--------+--------+--------+------+------+------+------+-------+------+------+


Report BlackBoxes: 
+-+--------------+----------+
| |BlackBox name |Instances |
+-+--------------+----------+
+-+--------------+----------+

Report Cell Usage: 
+------+---------+------+
|      |Cell     |Count |
+------+---------+------+
|1     |CARRY4   |    10|
|2     |DSP48E1  |     2|
|3     |LUT1     |    11|
|4     |LUT2     |    44|
|5     |LUT3     |    31|
|6     |LUT4     |    41|
|7     |LUT5     |   458|
|8     |LUT6     |   536|
|9     |MUXF7    |   360|
|10    |MUXF8    |   100|
|11    |RAMB18E1 |     3|
|12    |FDRE     |   186|
|13    |FDSE     |     1|
+------+---------+------+
---------------------------------------------------------------------------------
Finished Writing Synthesis Report : Time (s): cpu = 00:01:02 ; elapsed = 00:01:10 . Memory (MB): peak = 1872.496 ; gain = 963.219
---------------------------------------------------------------------------------
Synthesis finished with 0 errors, 0 critical warnings and 0 warnings.
Synthesis Optimization Runtime : Time (s): cpu = 00:00:44 ; elapsed = 00:01:06 . Memory (MB): peak = 1872.496 ; gain = 933.160
Synthesis Optimization Complete : Time (s): cpu = 00:01:02 ; elapsed = 00:01:10 . Memory (MB): peak = 1872.496 ; gain = 963.219
INFO: [Project 1-571] Translating synthesized netlist
Netlist sorting complete. Time (s): cpu = 00:00:00 ; elapsed = 00:00:00.034 . Memory (MB): peak = 1884.555 ; gain = 0.000
INFO: [Netlist 29-17] Analyzing 475 Unisim elements for replacement
INFO: [Netlist 29-28] Unisim Transformation completed in 0 CPU seconds
WARNING: [Netlist 29-101] Netlist 'mlp_system_mlp_axi_wrapper_0_0' is not ideal for floorplanning, since the cellview 'Controller_FSM' contains a large number of primitives.  Please consider enabling hierarchy in synthesis if you want to do floorplanning.
INFO: [Project 1-570] Preparing netlist for logic optimization
INFO: [Opt 31-138] Pushed 0 inverter(s) to 0 load pin(s).
Netlist sorting complete. Time (s): cpu = 00:00:00 ; elapsed = 00:00:00.002 . Memory (MB): peak = 1981.789 ; gain = 0.000
INFO: [Project 1-111] Unisim Transformation Summary:
No Unisim elements were transformed.

Synth Design complete | Checksum: 1de52ee7
INFO: [Common 17-83] Releasing license: Synthesis
67 Infos, 1 Warnings, 0 Critical Warnings and 0 Errors encountered.
synth_design completed successfully
synth_design: Time (s): cpu = 00:01:10 ; elapsed = 00:01:21 . Memory (MB): peak = 1981.789 ; gain = 1296.641
INFO: [Coretcl 2-1174] Renamed 5 cell refs.
Write ShapeDB Complete: Time (s): cpu = 00:00:00 ; elapsed = 00:00:00.011 . Memory (MB): peak = 1981.789 ; gain = 0.000
INFO: [Common 17-1381] The checkpoint 'D:/vivado projects/hft/hft.runs/mlp_system_mlp_axi_wrapper_0_0_synth_1/mlp_system_mlp_axi_wrapper_0_0.dcp' has been generated.
INFO: [Vivado 12-24828] Executing command : report_utilization -file mlp_system_mlp_axi_wrapper_0_0_utilization_synth.rpt -pb mlp_system_mlp_axi_wrapper_0_0_utilization_synth.pb
INFO: [Common 17-206] Exiting Vivado at Thu Mar 12 02:28:57 2026...
